Archive member included to satisfy reference by file (symbol)

D:/AppData/arm-gnu-toolchain-13.3.rel1-mingw-w64-i686-arm-none-eabi/bin/../lib/gcc/arm-none-eabi/13.3.1/thumb/v8-m.base/nofp\libc_nano.a(libc_a-exit.o)
                              D:/AppData/arm-gnu-toolchain-13.3.rel1-mingw-w64-i686-arm-none-eabi/bin/../lib/gcc/arm-none-eabi/13.3.1/thumb/v8-m.base/nofp/crt0.o (exit)
D:/AppData/arm-gnu-toolchain-13.3.rel1-mingw-w64-i686-arm-none-eabi/bin/../lib/gcc/arm-none-eabi/13.3.1/thumb/v8-m.base/nofp\libc_nano.a(libc_a-nano-vfprintf_float.o)
                              (_printf_float)
D:/AppData/arm-gnu-toolchain-13.3.rel1-mingw-w64-i686-arm-none-eabi/bin/../lib/gcc/arm-none-eabi/13.3.1/thumb/v8-m.base/nofp\libc_nano.a(libc_a-nano-vfprintf_i.o)
                              D:/AppData/arm-gnu-toolchain-13.3.rel1-mingw-w64-i686-arm-none-eabi/bin/../lib/gcc/arm-none-eabi/13.3.1/thumb/v8-m.base/nofp\libc_nano.a(libc_a-nano-vfprintf_float.o) (_printf_common)
D:/AppData/arm-gnu-toolchain-13.3.rel1-mingw-w64-i686-arm-none-eabi/bin/../lib/gcc/arm-none-eabi/13.3.1/thumb/v8-m.base/nofp\libc_nano.a(libc_a-nano-vfscanf_float.o)
                              (_scanf_float)
D:/AppData/arm-gnu-toolchain-13.3.rel1-mingw-w64-i686-arm-none-eabi/bin/../lib/gcc/arm-none-eabi/13.3.1/thumb/v8-m.base/nofp\libc_nano.a(libc_a-findfp.o)
                              D:/AppData/arm-gnu-toolchain-13.3.rel1-mingw-w64-i686-arm-none-eabi/bin/../lib/gcc/arm-none-eabi/13.3.1/thumb/v8-m.base/nofp\libc_nano.a(libc_a-exit.o) (__stdio_exit_handler)
D:/AppData/arm-gnu-toolchain-13.3.rel1-mingw-w64-i686-arm-none-eabi/bin/../lib/gcc/arm-none-eabi/13.3.1/thumb/v8-m.base/nofp\libc_nano.a(libc_a-fwalk.o)
                              D:/AppData/arm-gnu-toolchain-13.3.rel1-mingw-w64-i686-arm-none-eabi/bin/../lib/gcc/arm-none-eabi/13.3.1/thumb/v8-m.base/nofp\libc_nano.a(libc_a-findfp.o) (_fwalk_sglue)
D:/AppData/arm-gnu-toolchain-13.3.rel1-mingw-w64-i686-arm-none-eabi/bin/../lib/gcc/arm-none-eabi/13.3.1/thumb/v8-m.base/nofp\libc_nano.a(libc_a-puts.o)
                              build/log.o (puts)
D:/AppData/arm-gnu-toolchain-13.3.rel1-mingw-w64-i686-arm-none-eabi/bin/../lib/gcc/arm-none-eabi/13.3.1/thumb/v8-m.base/nofp\libc_nano.a(libc_a-snprintf.o)
                              build/log.o (snprintf)
D:/AppData/arm-gnu-toolchain-13.3.rel1-mingw-w64-i686-arm-none-eabi/bin/../lib/gcc/arm-none-eabi/13.3.1/thumb/v8-m.base/nofp\libc_nano.a(libc_a-sprintf.o)
                              build/log.o (sprintf)
D:/AppData/arm-gnu-toolchain-13.3.rel1-mingw-w64-i686-arm-none-eabi/bin/../lib/gcc/arm-none-eabi/13.3.1/thumb/v8-m.base/nofp\libc_nano.a(libc_a-stdio.o)
                              D:/AppData/arm-gnu-toolchain-13.3.rel1-mingw-w64-i686-arm-none-eabi/bin/../lib/gcc/arm-none-eabi/13.3.1/thumb/v8-m.base/nofp\libc_nano.a(libc_a-findfp.o) (__sread)
D:/AppData/arm-gnu-toolchain-13.3.rel1-mingw-w64-i686-arm-none-eabi/bin/../lib/gcc/arm-none-eabi/13.3.1/thumb/v8-m.base/nofp\libc_nano.a(libc_a-vsnprintf.o)
                              build/log.o (vsnprintf)
D:/AppData/arm-gnu-toolchain-13.3.rel1-mingw-w64-i686-arm-none-eabi/bin/../lib/gcc/arm-none-eabi/13.3.1/thumb/v8-m.base/nofp\libc_nano.a(libc_a-wbuf.o)
                              D:/AppData/arm-gnu-toolchain-13.3.rel1-mingw-w64-i686-arm-none-eabi/bin/../lib/gcc/arm-none-eabi/13.3.1/thumb/v8-m.base/nofp\libc_nano.a(libc_a-puts.o) (__swbuf_r)
D:/AppData/arm-gnu-toolchain-13.3.rel1-mingw-w64-i686-arm-none-eabi/bin/../lib/gcc/arm-none-eabi/13.3.1/thumb/v8-m.base/nofp\libc_nano.a(libc_a-wsetup.o)
                              D:/AppData/arm-gnu-toolchain-13.3.rel1-mingw-w64-i686-arm-none-eabi/bin/../lib/gcc/arm-none-eabi/13.3.1/thumb/v8-m.base/nofp\libc_nano.a(libc_a-puts.o) (__swsetup_r)
D:/AppData/arm-gnu-toolchain-13.3.rel1-mingw-w64-i686-arm-none-eabi/bin/../lib/gcc/arm-none-eabi/13.3.1/thumb/v8-m.base/nofp\libc_nano.a(libc_a-memset.o)
                              D:/AppData/arm-gnu-toolchain-13.3.rel1-mingw-w64-i686-arm-none-eabi/bin/../lib/gcc/arm-none-eabi/13.3.1/thumb/v8-m.base/nofp/crt0.o (memset)
D:/AppData/arm-gnu-toolchain-13.3.rel1-mingw-w64-i686-arm-none-eabi/bin/../lib/gcc/arm-none-eabi/13.3.1/thumb/v8-m.base/nofp\libc_nano.a(libc_a-localeconv.o)
                              D:/AppData/arm-gnu-toolchain-13.3.rel1-mingw-w64-i686-arm-none-eabi/bin/../lib/gcc/arm-none-eabi/13.3.1/thumb/v8-m.base/nofp\libc_nano.a(libc_a-nano-vfprintf_float.o) (_localeconv_r)
D:/AppData/arm-gnu-toolchain-13.3.rel1-mingw-w64-i686-arm-none-eabi/bin/../lib/gcc/arm-none-eabi/13.3.1/thumb/v8-m.base/nofp\libc_nano.a(libc_a-closer.o)
                              D:/AppData/arm-gnu-toolchain-13.3.rel1-mingw-w64-i686-arm-none-eabi/bin/../lib/gcc/arm-none-eabi/13.3.1/thumb/v8-m.base/nofp\libc_nano.a(libc_a-stdio.o) (_close_r)
D:/AppData/arm-gnu-toolchain-13.3.rel1-mingw-w64-i686-arm-none-eabi/bin/../lib/gcc/arm-none-eabi/13.3.1/thumb/v8-m.base/nofp\libc_nano.a(libc_a-reent.o)
[...]
Memory Configuration

Name             Origin             Length             Attributes
FLASH            0x08000000         0x00010000         xr
RAM              0x20000000         0x00002000         xrw
*default*        0x00000000         0xffffffff

Linker script and memory map

LOAD D:/AppData/arm-gnu-toolchain-13.3.rel1-mingw-w64-i686-arm-none-eabi/bin/../lib/gcc/arm-none-eabi/13.3.1/thumb/v8-m.base/nofp/crti.o
LOAD D:/AppData/arm-gnu-toolchain-13.3.rel1-mingw-w64-i686-arm-none-eabi/bin/../lib/gcc/arm-none-eabi/13.3.1/thumb/v8-m.base/nofp/crtbegin.o
LOAD D:/AppData/arm-gnu-toolchain-13.3.rel1-mingw-w64-i686-arm-none-eabi/bin/../lib/gcc/arm-none-eabi/13.3.1/thumb/v8-m.base/nofp/crt0.o
LOAD build/main.o
LOAD build/systick.o
LOAD build/gd32e23x_it.o
LOAD build/log.o
LOAD build/app.o
LOAD build/peripheral.o
LOAD build/gd32e23x_adc.o
LOAD build/gd32e23x_cmp.o
LOAD build/gd32e23x_crc.o
LOAD build/gd32e23x_dbg.o
LOAD build/gd32e23x_dma.o
LOAD build/gd32e23x_exti.o
LOAD build/gd32e23x_fmc.o
LOAD build/gd32e23x_fwdgt.o
LOAD build/gd32e23x_gpio.o
LOAD build/gd32e23x_i2c.o
LOAD build/gd32e23x_misc.o
LOAD build/gd32e23x_pmu.o
LOAD build/gd32e23x_rcu.o
LOAD build/gd32e23x_rtc.o
LOAD build/gd32e23x_spi.o
LOAD build/gd32e23x_syscfg.o
LOAD build/gd32e23x_timer.o
LOAD build/gd32e23x_usart.o
LOAD build/gd32e23x_wwdgt.o
LOAD build/syscalls.o
LOAD build/system_gd32e23x.o
LOAD build/lcd.o
LOAD build/startup_gd32e23x.o
LOAD D:/AppData/arm-gnu-toolchain-13.3.rel1-mingw-w64-i686-arm-none-eabi/bin/../lib/gcc/arm-none-eabi/13.3.1/thumb/v8-m.base/nofp\libc_nano.a
LOAD D:/AppData/arm-gnu-toolchain-13.3.rel1-mingw-w64-i686-arm-none-eabi/bin/../lib/gcc/arm-none-eabi/13.3.1/thumb/v8-m.base/nofp\libm.a
LOAD D:/AppData/arm-gnu-toolchain-13.3.rel1-mingw-w64-i686-arm-none-eabi/bin/../lib/gcc/arm-none-eabi/13.3.1/thumb/v8-m.base/nofp\libnosys.a
START GROUP
LOAD D:/AppData/arm-gnu-toolchain-13.3.rel1-mingw-w64-i686-arm-none-eabi/bin/../lib/gcc/arm-none-eabi/13.3.1/thumb/v8-m.base/nofp\libgcc.a
LOAD D:/AppData/arm-gnu-toolchain-13.3.rel1-mingw-w64-i686-arm-none-eabi/bin/../lib/gcc/arm-none-eabi/13.3.1/thumb/v8-m.base/nofp\libc_nano.a
END GROUP
START GROUP
LOAD D:/AppData/arm-gnu-toolchain-13.3.rel1-mingw-w64-i686-arm-none-eabi/bin/../lib/gcc/arm-none-eabi/13.3.1/thumb/v8-m.base/nofp\libgcc.a
LOAD D:/AppData/arm-gnu-toolchain-13.3.rel1-mingw-w64-i686-arm-none-eabi/bin/../lib/gcc/arm-none-eabi/13.3.1/thumb/v8-m.base/nofp\libc_nano.a
END GROUP
LOAD D:/AppData/arm-gnu-toolchain-13.3.rel1-mingw-w64-i686-arm-none-eabi/bin/../lib/gcc/arm-none-eabi/13.3.1/thumb/v8-m.base/nofp/crtend.o
LOAD D:/AppData/arm-gnu-toolchain-13.3.rel1-mingw-w64-i686-arm-none-eabi/bin/../lib/gcc/arm-none-eabi/13.3.1/thumb/v8-m.base/nofp/crtn.o
                0x00001800                        __stack_size = DEFINED (__stack_size)?__stack_size:0x1800

.vectors        0x08000000       0xcc
                0x08000000                        . = ALIGN (0x4)
 *(.vectors)
 .vectors       0x08000000       0xcc build/startup_gd32e23x.o
                0x08000000                __gVectors
                0x080000cc                        . = ALIGN (0x4)
                0x080000cc                        __Vectors_End = .
                0x080000cc                        __Vectors_Size = (__Vectors_End - __gVectors)

.text           0x080000cc     0xa8cc
                0x080000cc                        . = ALIGN (0x4)
 *(.text)
 .text          0x080000cc        0xe D:/AppData/arm-gnu-toolchain-13.3.rel1-mingw-w64-i686-arm-none-eabi/bin/../lib/gcc/arm-none-eabi/13.3.1/thumb/v8-m.base/nofp\libc_nano.a(libc_a-strlen.o)
                0x080000cc                strlen
 *fill*         0x080000da        0x2 
 .text          0x080000dc       0x14 D:/AppData/arm-gnu-toolchain-13.3.rel1-mingw-w64-i686-arm-none-eabi/bin/../lib/gcc/arm-none-eabi/13.3.1/thumb/v8-m.base/nofp\libgcc.a(_thumb1_case_uqi.o)
                0x080000dc                __gnu_thumb1_case_uqi
 .text          0x080000f0       0x14 D:/AppData/arm-gnu-toolchain-13.3.rel1-mingw-w64-i686-arm-none-eabi/bin/../lib/gcc/arm-none-eabi/13.3.1/thumb/v8-m.base/nofp\libgcc.a(_thumb1_case_shi.o)
                0x080000f0                __gnu_thumb1_case_shi
 .text          0x08000104       0x7c D:/AppData/arm-gnu-toolchain-13.3.rel1-mingw-w64-i686-arm-none-eabi/bin/../lib/gcc/arm-none-eabi/13.3.1/thumb/v8-m.base/nofp\libgcc.a(_arm_cmpdf2.o)
                0x08000104                __aeabi_cdrcmple
                0x08000114                __aeabi_cdcmple
                0x08000114                __aeabi_cdcmpeq
                0x08000124                __aeabi_dcmpeq
                0x08000130                __aeabi_dcmplt
                0x08000144                __aeabi_dcmple
                0x08000158                __aeabi_dcmpgt
                0x0800016c                __aeabi_dcmpge
 .text          0x08000180       0x74 D:/AppData/arm-gnu-toolchain-13.3.rel1-mingw-w64-i686-arm-none-eabi/bin/../lib/gcc/arm-none-eabi/13.3.1/thumb/v8-m.base/nofp\libgcc.a(_arm_cmpsf2.o)
                0x08000180                __aeabi_cfrcmple
                0x08000188                __aeabi_cfcmpeq
                0x08000188                __aeabi_cfcmple
                0x08000198                __aeabi_fcmpeq
                0x080001a4                __aeabi_fcmplt
                0x080001b8                __aeabi_fcmple
                0x080001cc                __aeabi_fcmpgt
                0x080001e0                __aeabi_fcmpge
 .text          0x080001f4       0x3c D:/AppData/arm-gnu-toolchain-13.3.rel1-mingw-w64-i686-arm-none-eabi/bin/../lib/gcc/arm-none-eabi/13.3.1/thumb/v8-m.base/nofp\libgcc.a(_clzsi2.o)
                0x080001f4                __clzsi2
 *(.text*)
 .text.deregister_tm_clones
                0x08000230       0x24 D:/AppData/arm-gnu-toolchain-13.3.rel1-mingw-w64-i686-arm-none-eabi/bin/../lib/gcc/arm-none-eabi/13.3.1/thumb/v8-m.base/nofp/crtbegin.o
 .text.register_tm_clones
                0x08000254       0x2c D:/AppData/arm-gnu-toolchain-13.3.rel1-mingw-w64-i686-arm-none-eabi/bin/../lib/gcc/arm-none-eabi/13.3.1/thumb/v8-m.base/nofp/crtbegin.o
 .text.__do_global_dtors_aux
                0x08000280       0x30 D:/AppData/arm-gnu-toolchain-13.3.rel1-mingw-w64-i686-arm-none-eabi/bin/../lib/gcc/arm-none-eabi/13.3.1/thumb/v8-m.base/nofp/crtbegin.o
 .text.frame_dummy
                0x080002b0       0x28 D:/AppData/arm-gnu-toolchain-13.3.rel1-mingw-w64-i686-arm-none-eabi/bin/../lib/gcc/arm-none-eabi/13.3.1/thumb/v8-m.base/nofp/crtbegin.o
 .text.main     0x080002d8       0x10 build/main.o
                0x080002d8                main
 .text.SysTick_Config
                0x080002e8       0x3a build/systick.o
 .text.systick_config
                0x08000322       0x2e build/systick.o
                0x08000322                systick_config
 .text.delay_1ms
                0x08000350       0x1a build/systick.o
                0x08000350                delay_1ms
 .text.delay_decrement
                0x0800036a       0x1c build/systick.o
                0x0800036a                delay_decrement
 .text.NMI_Handler
                0x08000386        0x2 build/gd32e23x_it.o
                0x08000386                NMI_Handler
 .text.HardFault_Handler
                0x08000388        0x2 build/gd32e23x_it.o
                0x08000388                HardFault_Handler
 .text.SVC_Handler
                0x0800038a        0x2 build/gd32e23x_it.o
                0x0800038a                SVC_Handler
 .text.PendSV_Handler
                0x0800038c        0x2 build/gd32e23x_it.o
                0x0800038c                PendSV_Handler
 .text.SysTick_Handler
                0x0800038e        0x8 build/gd32e23x_it.o
                0x0800038e                SysTick_Handler
 .text.EXTI4_15_IRQHandler
                0x08000396      0x1fe build/gd32e23x_it.o
                0x08000396                EXTI4_15_IRQHandler
 .text.TIMER15_IRQHandler
                0x08000594      0x10c build/gd32e23x_it.o
                0x08000594                TIMER15_IRQHandler
 .text.TIMER2_IRQHandler
                0x080006a0       0xd2 build/gd32e23x_it.o
                0x080006a0                TIMER2_IRQHandler
 *fill*         0x08000772        0x2 
 .text.EM_LOGLEVELGet
                0x08000774       0x4c build/log.o
                0x08000774                EM_LOGLEVELGet
 .text.EM_LOG   0x080007c0       0xae build/log.o
                0x080007c0                EM_LOG
 .text.AppInterface
                0x0800086e       0xa2 build/app.o
                0x0800086e                AppInterface
 .text.AppStateDisplay
                0x08000910       0xf0 build/app.o
                0x08000910                AppStateDisplay
 .text.__io_putchar
                0x08000a00       0x2c build/app.o
                0x08000a00                __io_putchar
 .text.ADCGetValue
                0x08000a2c       0x22 build/app.o
                0x08000a2c                ADCGetValue
 .text.WaveformDisplay
                0x08000a4e      0x144 build/app.o
                0x08000a4e                WaveformDisplay
 .text.AppInit  0x08000b92       0x8e build/app.o
                0x08000b92                AppInit
 .text.AppStart
                0x08000c20      0x21c build/app.o
                0x08000c20                AppStart
 .text.RCUConfig
                0x08000e3c       0x4a build/peripheral.o
                0x08000e3c                RCUConfig
 .text.GPIOConfig
                0x08000e86      0x14c build/peripheral.o
                0x08000e86                GPIOConfig
 .text.GPIO13_14InterruptEnable
                0x08000fd2       0x4c build/peripheral.o
                0x08000fd2                GPIO13_14InterruptEnable
 .text.Timer14Config
                0x0800101e       0xd6 build/peripheral.o
                0x0800101e                Timer14Config
 .text.TIMConfig
                0x080010f4       0xca build/peripheral.o
                0x080010f4                TIMConfig
 .text.ADCConfig
                0x080011be       0x5a build/peripheral.o
                0x080011be                ADCConfig
 .text.SPIConfig
                0x08001218       0x48 build/peripheral.o
                0x08001218                SPIConfig
 .text.USARTConfig
                0x08001260       0x4a build/peripheral.o
                0x08001260                USARTConfig
 .text.adc_enable
                0x080012aa       0x20 build/gd32e23x_adc.o
                0x080012aa                adc_enable
 .text.adc_calibration_enable
                0x080012ca       0x3e build/gd32e23x_adc.o
                0x080012ca                adc_calibration_enable
 .text.adc_special_function_config
                0x08001308       0x8c build/gd32e23x_adc.o
                0x08001308                adc_special_function_config
 .text.adc_data_alignment_config
                0x08001394       0x2c build/gd32e23x_adc.o
                0x08001394                adc_data_alignment_config
 .text.adc_channel_length_config
                0x080013c0       0x54 build/gd32e23x_adc.o
                0x080013c0                adc_channel_length_config
 .text.adc_regular_channel_config
                0x08001414       0xb2 build/gd32e23x_adc.o
                0x08001414                adc_regular_channel_config
 *fill*         0x080014c6        0x2 
 .text.adc_external_trigger_config
                0x080014c8       0x64 build/gd32e23x_adc.o
                0x080014c8                adc_external_trigger_config
 .text.adc_external_trigger_source_config
                0x0800152c       0x40 build/gd32e23x_adc.o
                0x0800152c                adc_external_trigger_source_config
 .text.adc_software_trigger_enable
                0x0800156c       0x2e build/gd32e23x_adc.o
                0x0800156c                adc_software_trigger_enable
 .text.adc_regular_data_read
                0x0800159a        0xe build/gd32e23x_adc.o
                0x0800159a                adc_regular_data_read
 .text.adc_flag_get
                0x080015a8       0x16 build/gd32e23x_adc.o
                0x080015a8                adc_flag_get
 *fill*         0x080015be        0x2 
 .text.adc_resolution_config
                0x080015c0       0x1c build/gd32e23x_adc.o
                0x080015c0                adc_resolution_config
 .text.exti_init
                0x080015dc       0xc4 build/gd32e23x_exti.o
                0x080015dc                exti_init
 .text.exti_interrupt_enable
                0x080016a0       0x10 build/gd32e23x_exti.o
                0x080016a0                exti_interrupt_enable
 .text.exti_interrupt_disable
                0x080016b0       0x10 build/gd32e23x_exti.o
                0x080016b0                exti_interrupt_disable
 .text.exti_interrupt_flag_get
                0x080016c0       0x16 build/gd32e23x_exti.o
                0x080016c0                exti_interrupt_flag_get
 .text.exti_interrupt_flag_clear
                0x080016d6        0xc build/gd32e23x_exti.o
                0x080016d6                exti_interrupt_flag_clear
 .text.gpio_mode_set
                0x080016e2       0x4e build/gd32e23x_gpio.o
                0x080016e2                gpio_mode_set
 .text.gpio_output_options_set
                0x08001730       0x3e build/gd32e23x_gpio.o
                0x08001730                gpio_output_options_set
 .text.gpio_bit_set
                0x0800176e        0x4 build/gd32e23x_gpio.o
                0x0800176e                gpio_bit_set
 .text.gpio_bit_reset
                0x08001772        0x4 build/gd32e23x_gpio.o
                0x08001772                gpio_bit_reset
 .text.gpio_input_bit_get
                0x08001776        0xe build/gd32e23x_gpio.o
                0x08001776                gpio_input_bit_get
 .text.gpio_af_set
                0x08001784       0x58 build/gd32e23x_gpio.o
                0x08001784                gpio_af_set
 .text.__NVIC_SetPriority
                0x080017dc       0x62 build/gd32e23x_misc.o
 .text.nvic_irq_enable
                0x0800183e       0x28 build/gd32e23x_misc.o
                0x0800183e                nvic_irq_enable
 .text.nvic_vector_table_set
                0x08001866       0x1c build/gd32e23x_misc.o
                0x08001866                nvic_vector_table_set
 .text.rcu_periph_clock_enable
                0x08001882       0x1c build/gd32e23x_rcu.o
                0x08001882                rcu_periph_clock_enable
 .text.rcu_periph_clock_disable
                0x0800189e       0x1c build/gd32e23x_rcu.o
                0x0800189e                rcu_periph_clock_disable
 .text.rcu_periph_reset_enable
                0x080018ba       0x1c build/gd32e23x_rcu.o
                0x080018ba                rcu_periph_reset_enable
 .text.rcu_periph_reset_disable
                0x080018d6       0x1c build/gd32e23x_rcu.o
                0x080018d6                rcu_periph_reset_disable
 *fill*         0x080018f2        0x2 
 .text.rcu_adc_clock_config
                0x080018f4      0x1c4 build/gd32e23x_rcu.o
                0x080018f4                rcu_adc_clock_config
 .text.rcu_clock_freq_get
                0x08001ab8      0x200 build/gd32e23x_rcu.o
                0x08001ab8                rcu_clock_freq_get
 .text.spi_i2s_deinit
                0x08001cb8       0x3e build/gd32e23x_spi.o
                0x08001cb8                spi_i2s_deinit
 .text.spi_struct_para_init
                0x08001cf6       0x16 build/gd32e23x_spi.o
                0x08001cf6                spi_struct_para_init
 .text.spi_init
                0x08001d0c       0x90 build/gd32e23x_spi.o
                0x08001d0c                spi_init
 .text.spi_enable
                0x08001d9c        0xa build/gd32e23x_spi.o
                0x08001d9c                spi_enable
 .text.spi_i2s_data_transmit
                0x08001da6       0x1e build/gd32e23x_spi.o
                0x08001da6                spi_i2s_data_transmit
 .text.spi_i2s_flag_get
                0x08001dc4       0x32 build/gd32e23x_spi.o
                0x08001dc4                spi_i2s_flag_get
 .text.syscfg_exti_line_config
                0x08001df6       0x70 build/gd32e23x_syscfg.o
                0x08001df6                syscfg_exti_line_config
 .text.timer_deinit
                0x08001e66       0xe0 build/gd32e23x_timer.o
                0x08001e66                timer_deinit
 .text.timer_struct_para_init
                0x08001f46       0x14 build/gd32e23x_timer.o
                0x08001f46                timer_struct_para_init
 *fill*         0x08001f5a        0x2 
 .text.timer_init
                0x08001f5c       0xd4 build/gd32e23x_timer.o
                0x08001f5c                timer_init
 .text.timer_enable
                0x08002030        0xa build/gd32e23x_timer.o
                0x08002030                timer_enable
 .text.timer_disable
                0x0800203a        0xa build/gd32e23x_timer.o
                0x0800203a                timer_disable
 .text.timer_auto_reload_shadow_enable
                0x08002044        0xa build/gd32e23x_timer.o
                0x08002044                timer_auto_reload_shadow_enable
 .text.timer_counter_value_config
                0x0800204e        0x4 build/gd32e23x_timer.o
                0x0800204e                timer_counter_value_config
 .text.timer_interrupt_enable
                0x08002052        0x8 build/gd32e23x_timer.o
                0x08002052                timer_interrupt_enable
 .text.timer_interrupt_flag_get
                0x0800205a       0x18 build/gd32e23x_timer.o
                0x0800205a                timer_interrupt_flag_get
 .text.timer_interrupt_flag_clear
                0x08002072        0x6 build/gd32e23x_timer.o
                0x08002072                timer_interrupt_flag_clear
 .text.timer_primary_output_config
                0x08002078       0x20 build/gd32e23x_timer.o
                0x08002078                timer_primary_output_config
 .text.timer_channel_output_struct_para_init
                0x08002098       0x10 build/gd32e23x_timer.o
                0x08002098                timer_channel_output_struct_para_init
 .text.timer_channel_output_config
                0x080020a8      0x248 build/gd32e23x_timer.o
                0x080020a8                timer_channel_output_config
 .text.timer_channel_output_mode_config
                0x080022f0       0x58 build/gd32e23x_timer.o
                0x080022f0                timer_channel_output_mode_config
 .text.timer_channel_output_pulse_value_config
                0x08002348       0x20 build/gd32e23x_timer.o
                0x08002348                timer_channel_output_pulse_value_config
 .text.timer_channel_output_shadow_config
                0x08002368       0x58 build/gd32e23x_timer.o
                0x08002368                timer_channel_output_shadow_config
 .text.timer_channel_input_capture_prescaler_config
                0x080023c0       0x58 build/gd32e23x_timer.o
                0x080023c0                timer_channel_input_capture_prescaler_config
 .text.timer_input_capture_config
                0x08002418      0x150 build/gd32e23x_timer.o
                0x08002418                timer_input_capture_config
 .text.timer_channel_capture_value_register_read
                0x08002568       0x28 build/gd32e23x_timer.o
                0x08002568                timer_channel_capture_value_register_read
 .text.usart_deinit
                0x08002590       0x3e build/gd32e23x_usart.o
                0x08002590                usart_deinit
 .text.usart_baudrate_set
                0x080025ce       0x64 build/gd32e23x_usart.o
                0x080025ce                usart_baudrate_set
 *fill*         0x08002632        0x2 
 .text.usart_parity_config
                0x08002634       0x1c build/gd32e23x_usart.o
                0x08002634                usart_parity_config
 .text.usart_word_length_set
                0x08002650       0x1c build/gd32e23x_usart.o
                0x08002650                usart_word_length_set
 .text.usart_stop_bit_set
                0x0800266c       0x1c build/gd32e23x_usart.o
                0x0800266c                usart_stop_bit_set
 .text.usart_enable
                0x08002688        0xa build/gd32e23x_usart.o
                0x08002688                usart_enable
 .text.usart_transmit_config
                0x08002692       0x10 build/gd32e23x_usart.o
                0x08002692                usart_transmit_config
 .text.usart_receive_config
                0x080026a2       0x10 build/gd32e23x_usart.o
                0x080026a2                usart_receive_config
 .text.usart_data_transmit
                0x080026b2        0xa build/gd32e23x_usart.o
                0x080026b2                usart_data_transmit
 .text.usart_flag_get
                0x080026bc       0x18 build/gd32e23x_usart.o
                0x080026bc                usart_flag_get
 .text._sbrk    0x080026d4       0x3e build/syscalls.o
                0x080026d4                _sbrk
 .text._getpid  0x08002712        0x4 build/syscalls.o
                0x08002712                _getpid
 .text._kill    0x08002716       0x12 build/syscalls.o
                0x08002716                _kill
 .text._exit    0x08002728        0xc build/syscalls.o
                0x08002728                _exit
 .text._write   0x08002734       0x1c build/syscalls.o
                0x08002734                _write
 .text._close   0x08002750        0x6 build/syscalls.o
                0x08002750                _close
 .text._fstat   0x08002756        0xa build/syscalls.o
                0x08002756                _fstat
 .text._isatty  0x08002760        0x4 build/syscalls.o
                0x08002760                _isatty
 .text._lseek   0x08002764        0x4 build/syscalls.o
                0x08002764                _lseek
 .text._read    0x08002768       0x1c build/syscalls.o
                0x08002768                _read
 .text.system_clock_72m_hxtal
                0x08002784       0xc8 build/system_gd32e23x.o
 .text.system_clock_config
                0x0800284c        0x8 build/system_gd32e23x.o
 .text.SystemInit
                0x08002854      0x10c build/system_gd32e23x.o
                0x08002854                SystemInit
 .text.LCD_Write_Data8
                0x08002960       0x42 build/lcd.o
 .text.LCD_Write_Data
                0x080029a2       0x12 build/lcd.o
 .text.LCD_Write_Cmd
                0x080029b4       0x56 build/lcd.o
 .text.LCD_Display_Position
                0x08002a0a       0x36 build/lcd.o
 .text.LCD_Init
                0x08002a40      0x1fa build/lcd.o
                0x08002a40                LCD_Init
 .text.LCD_Fill
                0x08002c3a       0x46 build/lcd.o
                0x08002c3a                LCD_Fill
 .text.LCD_Draw_Point
                0x08002c80       0x14 build/lcd.o
                0x08002c80                LCD_Draw_Point
 .text.LCD_Draw_Line
                0x08002c94       0xae build/lcd.o
                0x08002c94                LCD_Draw_Line
 .text.LCD_Show_Char
                0x08002d42      0x16e build/lcd.o
                0x08002d42                LCD_Show_Char
 .text.LCD_Show_String
                0x08002eb0       0x54 build/lcd.o
                0x08002eb0                LCD_Show_String
 .text.LCD_Draw_Curve
                0x08002f04       0xac build/lcd.o
                0x08002f04                LCD_Draw_Curve
 .text.mypow    0x08002fb0       0x14 build/lcd.o
                0x08002fb0                mypow
 .text.LCD_ShowFloatNum1
                0x08002fc4       0xce build/lcd.o
                0x08002fc4                LCD_ShowFloatNum1
 .text.LCD_ShowIntNum
                0x08003092       0xc4 build/lcd.o
                0x08003092                LCD_ShowIntNum
 *fill*         0x08003156        0x2 
 .text.Reset_Handler
                0x08003158       0x50 build/startup_gd32e23x.o
                0x08003158                Reset_Handler
 .text.Default_Handler
                0x080031a8        0x2 build/startup_gd32e23x.o
                0x080031a8                TIMER5_IRQHandler
                0x080031a8                LVD_IRQHandler
                0x080031a8                I2C0_EV_IRQHandler
                0x080031a8                ADC_CMP_IRQHandler
                0x080031a8                SPI1_IRQHandler
                0x080031a8                TAMPER_IRQHandler
                0x080031a8                DMA_Channel3_4_IRQHandler
                0x080031a8                TIMER14_IRQHandler
                0x080031a8                TIMER16_IRQHandler
                0x080031a8                EXTI2_3_IRQHandler
                0x080031a8                I2C0_ER_IRQHandler
                0x080031a8                RTC_IRQHandler
                0x080031a8                USART0_IRQHandler
                0x080031a8                TIMER13_IRQHandler
                0x080031a8                I2C1_EV_IRQHandler
                0x080031a8                Default_Handler
                0x080031a8                WWDGT_IRQHandler
                0x080031a8                TIMER0_BRK_UP_TRG_COM_IRQHandler
                0x080031a8                EXTI0_1_IRQHandler
                0x080031a8                DMA_Channel1_2_IRQHandler
                0x080031a8                RCU_IRQHandler
                0x080031a8                TIMER0_Channel_IRQHandler
                0x080031a8                SPI0_IRQHandler
                0x080031a8                DMA_Channel0_IRQHandler
                0x080031a8                USART1_IRQHandler
                0x080031a8                I2C1_ER_IRQHandler
                0x080031a8                FMC_IRQHandler
 .text.__cvt    0x080031aa       0xc8 D:/AppData/arm-gnu-toolchain-13.3.rel1-mingw-w64-i686-arm-none-eabi/bin/../lib/gcc/arm-none-eabi/13.3.1/thumb/v8-m.base/nofp\libc_nano.a(libc_a-nano-vfprintf_float.o)
                0x080031aa                __cvt
 .text.__exponent
                0x08003272       0x6e D:/AppData/arm-gnu-toolchain-13.3.rel1-mingw-w64-i686-arm-none-eabi/bin/../lib/gcc/arm-none-eabi/13.3.1/thumb/v8-m.base/nofp\libc_nano.a(libc_a-nano-vfprintf_float.o)
                0x08003272                __exponent
 .text._printf_float
                0x080032e0      0x470 D:/AppData/arm-gnu-toolchain-13.3.rel1-mingw-w64-i686-arm-none-eabi/bin/../lib/gcc/arm-none-eabi/13.3.1/thumb/v8-m.base/nofp\libc_nano.a(libc_a-nano-vfprintf_float.o)
                0x080032e0                _printf_float
 .text._printf_common
                0x08003750       0xdc D:/AppData/arm-gnu-toolchain-13.3.rel1-mingw-w64-i686-arm-none-eabi/bin/../lib/gcc/arm-none-eabi/13.3.1/thumb/v8-m.base/nofp\libc_nano.a(libc_a-nano-vfprintf_i.o)
                0x08003750                _printf_common
 .text._printf_i
                0x0800382c      0x20c D:/AppData/arm-gnu-toolchain-13.3.rel1-mingw-w64-i686-arm-none-eabi/bin/../lib/gcc/arm-none-eabi/13.3.1/thumb/v8-m.base/nofp\libc_nano.a(libc_a-nano-vfprintf_i.o)
                0x0800382c                _printf_i
 .text._scanf_float
                0x08003a38      0x408 D:/AppData/arm-gnu-toolchain-13.3.rel1-mingw-w64-i686-arm-none-eabi/bin/../lib/gcc/arm-none-eabi/13.3.1/thumb/v8-m.base/nofp\libc_nano.a(libc_a-nano-vfscanf_float.o)
                0x08003a38                _scanf_float
 .text.std      0x08003e40       0x6c D:/AppData/arm-gnu-toolchain-13.3.rel1-mingw-w64-i686-arm-none-eabi/bin/../lib/gcc/arm-none-eabi/13.3.1/thumb/v8-m.base/nofp\libc_nano.a(libc_a-findfp.o)
 .text.stdio_exit_handler
                0x08003eac       0x1c D:/AppData/arm-gnu-toolchain-13.3.rel1-mingw-w64-i686-arm-none-eabi/bin/../lib/gcc/arm-none-eabi/13.3.1/thumb/v8-m.base/nofp\libc_nano.a(libc_a-findfp.o)
 .text.cleanup_stdio
                0x08003ec8       0x3c D:/AppData/arm-gnu-toolchain-13.3.rel1-mingw-w64-i686-arm-none-eabi/bin/../lib/gcc/arm-none-eabi/13.3.1/thumb/v8-m.base/nofp\libc_nano.a(libc_a-findfp.o)
 .text.global_stdio_init.part.0
                0x08003f04       0x3c D:/AppData/arm-gnu-toolchain-13.3.rel1-mingw-w64-i686-arm-none-eabi/bin/../lib/gcc/arm-none-eabi/13.3.1/thumb/v8-m.base/nofp\libc_nano.a(libc_a-findfp.o)
 .text.__sfp_lock_acquire
                0x08003f40       0x10 D:/AppData/arm-gnu-toolchain-13.3.rel1-mingw-w64-i686-arm-none-eabi/bin/../lib/gcc/arm-none-eabi/13.3.1/thumb/v8-m.base/nofp\libc_nano.a(libc_a-findfp.o)
                0x08003f40                __sfp_lock_acquire
 .text.__sfp_lock_release
                0x08003f50       0x10 D:/AppData/arm-gnu-toolchain-13.3.rel1-mingw-w64-i686-arm-none-eabi/bin/../lib/gcc/arm-none-eabi/13.3.1/thumb/v8-m.base/nofp\libc_nano.a(libc_a-findfp.o)
                0x08003f50                __sfp_lock_release
 .text.__sinit  0x08003f60       0x2c D:/AppData/arm-gnu-toolchain-13.3.rel1-mingw-w64-i686-arm-none-eabi/bin/../lib/gcc/arm-none-eabi/13.3.1/thumb/v8-m.base/nofp\libc_nano.a(libc_a-findfp.o)
                0x08003f60                __sinit
 .text._fwalk_sglue
                0x08003f8c       0x38 D:/AppData/arm-gnu-toolchain-13.3.rel1-mingw-w64-i686-arm-none-eabi/bin/../lib/gcc/arm-none-eabi/13.3.1/thumb/v8-m.base/nofp\libc_nano.a(libc_a-fwalk.o)
                0x08003f8c                _fwalk_sglue
 .text._puts_r  0x08003fc4       0xa6 D:/AppData/arm-gnu-toolchain-13.3.rel1-mingw-w64-i686-arm-none-eabi/bin/../lib/gcc/arm-none-eabi/13.3.1/thumb/v8-m.base/nofp\libc_nano.a(libc_a-puts.o)
                0x08003fc4                _puts_r
 *fill*         0x0800406a        0x2 
 .text.puts     0x0800406c       0x14 D:/AppData/arm-gnu-toolchain-13.3.rel1-mingw-w64-i686-arm-none-eabi/bin/../lib/gcc/arm-none-eabi/13.3.1/thumb/v8-m.base/nofp\libc_nano.a(libc_a-puts.o)
                0x0800406c                puts
 .text.snprintf
                0x08004080       0x68 D:/AppData/arm-gnu-toolchain-13.3.rel1-mingw-w64-i686-arm-none-eabi/bin/../lib/gcc/arm-none-eabi/13.3.1/thumb/v8-m.base/nofp\libc_nano.a(libc_a-snprintf.o)
                0x08004080                sniprintf
                0x08004080                snprintf
 .text.sprintf  0x080040e8       0x44 D:/AppData/arm-gnu-toolchain-13.3.rel1-mingw-w64-i686-arm-none-eabi/bin/../lib/gcc/arm-none-eabi/13.3.1/thumb/v8-m.base/nofp\libc_nano.a(libc_a-sprintf.o)
                0x080040e8                siprintf
                0x080040e8                sprintf
 .text.__sread  0x0800412c       0x28 D:/AppData/arm-gnu-toolchain-13.3.rel1-mingw-w64-i686-arm-none-eabi/bin/../lib/gcc/arm-none-eabi/13.3.1/thumb/v8-m.base/nofp\libc_nano.a(libc_a-stdio.o)
                0x0800412c                __sread
 .text.__swrite
                0x08004154       0x38 D:/AppData/arm-gnu-toolchain-13.3.rel1-mingw-w64-i686-arm-none-eabi/bin/../lib/gcc/arm-none-eabi/13.3.1/thumb/v8-m.base/nofp\libc_nano.a(libc_a-stdio.o)
                0x08004154                __swrite
 .text.__sseek  0x0800418c       0x2c D:/AppData/arm-gnu-toolchain-13.3.rel1-mingw-w64-i686-arm-none-eabi/bin/../lib/gcc/arm-none-eabi/13.3.1/thumb/v8-m.base/nofp\libc_nano.a(libc_a-stdio.o)
                0x0800418c                __sseek
 .text.__sclose
                0x080041b8        0xc D:/AppData/arm-gnu-toolchain-13.3.rel1-mingw-w64-i686-arm-none-eabi/bin/../lib/gcc/arm-none-eabi/13.3.1/thumb/v8-m.base/nofp\libc_nano.a(libc_a-stdio.o)
                0x080041b8                __sclose
 .text._vsnprintf_r
                0x080041c4       0x58 D:/AppData/arm-gnu-toolchain-13.3.rel1-mingw-w64-i686-arm-none-eabi/bin/../lib/gcc/arm-none-eabi/13.3.1/thumb/v8-m.base/nofp\libc_nano.a(libc_a-vsnprintf.o)
                0x080041c4                _vsniprintf_r
                0x080041c4                _vsnprintf_r
 .text.vsnprintf
                0x0800421c       0x18 D:/AppData/arm-gnu-toolchain-13.3.rel1-mingw-w64-i686-arm-none-eabi/bin/../lib/gcc/arm-none-eabi/13.3.1/thumb/v8-m.base/nofp\libc_nano.a(libc_a-vsnprintf.o)
                0x0800421c                vsniprintf
                0x0800421c                vsnprintf
 .text.__swbuf_r
                0x08004234       0x7c D:/AppData/arm-gnu-toolchain-13.3.rel1-mingw-w64-i686-arm-none-eabi/bin/../lib/gcc/arm-none-eabi/13.3.1/thumb/v8-m.base/nofp\libc_nano.a(libc_a-wbuf.o)
                0x08004234                __swbuf_r
 .text.__swsetup_r
                0x080042b0       0xb0 D:/AppData/arm-gnu-toolchain-13.3.rel1-mingw-w64-i686-arm-none-eabi/bin/../lib/gcc/arm-none-eabi/13.3.1/thumb/v8-m.base/nofp\libc_nano.a(libc_a-wsetup.o)
                0x080042b0                __swsetup_r
 .text.memset   0x08004360       0x10 D:/AppData/arm-gnu-toolchain-13.3.rel1-mingw-w64-i686-arm-none-eabi/bin/../lib/gcc/arm-none-eabi/13.3.1/thumb/v8-m.base/nofp\libc_nano.a(libc_a-memset.o)
                0x08004360                memset
 .text._localeconv_r
                0x08004370        0x8 D:/AppData/arm-gnu-toolchain-13.3.rel1-mingw-w64-i686-arm-none-eabi/bin/../lib/gcc/arm-none-eabi/13.3.1/thumb/v8-m.base/nofp\libc_nano.a(libc_a-localeconv.o)
                0x08004370                _localeconv_r
 .text._close_r
                0x08004378       0x20 D:/AppData/arm-gnu-toolchain-13.3.rel1-mingw-w64-i686-arm-none-eabi/bin/../lib/gcc/arm-none-eabi/13.3.1/thumb/v8-m.base/nofp\libc_nano.a(libc_a-closer.o)
                0x08004378                _close_r
 .text._lseek_r
                0x08004398       0x24 D:/AppData/arm-gnu-toolchain-13.3.rel1-mingw-w64-i686-arm-none-eabi/bin/../lib/gcc/arm-none-eabi/13.3.1/thumb/v8-m.base/nofp\libc_nano.a(libc_a-lseekr.o)
                0x08004398                _lseek_r
 .text._read_r  0x080043bc       0x24 D:/AppData/arm-gnu-toolchain-13.3.rel1-mingw-w64-i686-arm-none-eabi/bin/../lib/gcc/arm-none-eabi/13.3.1/thumb/v8-m.base/nofp\libc_nano.a(libc_a-readr.o)
                0x080043bc                _read_r
 .text._write_r
                0x080043e0       0x24 D:/AppData/arm-gnu-toolchain-13.3.rel1-mingw-w64-i686-arm-none-eabi/bin/../lib/gcc/arm-none-eabi/13.3.1/thumb/v8-m.base/nofp\libc_nano.a(libc_a-writer.o)
                0x080043e0                _write_r
 .text.__libc_init_array
                0x08004404       0x50 D:/AppData/arm-gnu-toolchain-13.3.rel1-mingw-w64-i686-arm-none-eabi/bin/../lib/gcc/arm-none-eabi/13.3.1/thumb/v8-m.base/nofp\libc_nano.a(libc_a-init.o)
                0x08004404                __libc_init_array
 .text.__retarget_lock_init_recursive
                0x08004454        0x2 D:/AppData/arm-gnu-toolchain-13.3.rel1-mingw-w64-i686-arm-none-eabi/bin/../lib/gcc/arm-none-eabi/13.3.1/thumb/v8-m.base/nofp\libc_nano.a(libc_a-lock.o)
                0x08004454                __retarget_lock_init_recursive
 .text.__retarget_lock_acquire_recursive
                0x08004456        0x2 D:/AppData/arm-gnu-toolchain-13.3.rel1-mingw-w64-i686-arm-none-eabi/bin/../lib/gcc/arm-none-eabi/13.3.1/thumb/v8-m.base/nofp\libc_nano.a(libc_a-lock.o)
                0x08004456                __retarget_lock_acquire_recursive
 .text.__retarget_lock_release_recursive
                0x08004458        0x2 D:/AppData/arm-gnu-toolchain-13.3.rel1-mingw-w64-i686-arm-none-eabi/bin/../lib/gcc/arm-none-eabi/13.3.1/thumb/v8-m.base/nofp\libc_nano.a(libc_a-lock.o)
                0x08004458                __retarget_lock_release_recursive
 .text.memchr   0x0800445a       0x16 D:/AppData/arm-gnu-toolchain-13.3.rel1-mingw-w64-i686-arm-none-eabi/bin/../lib/gcc/arm-none-eabi/13.3.1/thumb/v8-m.base/nofp\libc_nano.a(libc_a-memchr-stub.o)
                0x0800445a                memchr
 .text.nanf     0x08004470        0x8 D:/AppData/arm-gnu-toolchain-13.3.rel1-mingw-w64-i686-arm-none-eabi/bin/../lib/gcc/arm-none-eabi/13.3.1/thumb/v8-m.base/nofp\libc_nano.a(libm_a-sf_nan.o)
                0x08004470                nanf
 .text.quorem   0x08004478      0x10e D:/AppData/arm-gnu-toolchain-13.3.rel1-mingw-w64-i686-arm-none-eabi/bin/../lib/gcc/arm-none-eabi/13.3.1/thumb/v8-m.base/nofp\libc_nano.a(libc_a-dtoa.o)
 *fill*         0x08004586        0x2 
 .text._dtoa_r  0x08004588      0xbac D:/AppData/arm-gnu-toolchain-13.3.rel1-mingw-w64-i686-arm-none-eabi/bin/../lib/gcc/arm-none-eabi/13.3.1/thumb/v8-m.base/nofp\libc_nano.a(libc_a-dtoa.o)
                0x08004588                _dtoa_r
 .text._free_r  0x08005134       0x90 D:/AppData/arm-gnu-toolchain-13.3.rel1-mingw-w64-i686-arm-none-eabi/bin/../lib/gcc/arm-none-eabi/13.3.1/thumb/v8-m.base/nofp\libc_nano.a(libc_a-freer.o)
                0x08005134                _free_r
 .text.malloc   0x080051c4       0x14 D:/AppData/arm-gnu-toolchain-13.3.rel1-mingw-w64-i686-arm-none-eabi/bin/../lib/gcc/arm-none-eabi/13.3.1/thumb/v8-m.base/nofp\libc_nano.a(libc_a-malloc.o)
                0x080051c4                malloc
 .text.sbrk_aligned
                0x080051d8       0x44 D:/AppData/arm-gnu-toolchain-13.3.rel1-mingw-w64-i686-arm-none-eabi/bin/../lib/gcc/arm-none-eabi/13.3.1/thumb/v8-m.base/nofp\libc_nano.a(libc_a-mallocr.o)
 .text._malloc_r
                0x0800521c      0x100 D:/AppData/arm-gnu-toolchain-13.3.rel1-mingw-w64-i686-arm-none-eabi/bin/../lib/gcc/arm-none-eabi/13.3.1/thumb/v8-m.base/nofp\libc_nano.a(libc_a-mallocr.o)
                0x0800521c                _malloc_r
 .text.__malloc_lock
                0x0800531c       0x10 D:/AppData/arm-gnu-toolchain-13.3.rel1-mingw-w64-i686-arm-none-eabi/bin/../lib/gcc/arm-none-eabi/13.3.1/thumb/v8-m.base/nofp\libc_nano.a(libc_a-mlock.o)
                0x0800531c                __malloc_lock
 .text.__malloc_unlock
                0x0800532c       0x10 D:/AppData/arm-gnu-toolchain-13.3.rel1-mingw-w64-i686-arm-none-eabi/bin/../lib/gcc/arm-none-eabi/13.3.1/thumb/v8-m.base/nofp\libc_nano.a(libc_a-mlock.o)
                0x0800532c                __malloc_unlock
 .text._Balloc  0x0800533c       0x80 D:/AppData/arm-gnu-toolchain-13.3.rel1-mingw-w64-i686-arm-none-eabi/bin/../lib/gcc/arm-none-eabi/13.3.1/thumb/v8-m.base/nofp\libc_nano.a(libc_a-mprec.o)
                0x0800533c                _Balloc
 .text._Bfree   0x080053bc       0x44 D:/AppData/arm-gnu-toolchain-13.3.rel1-mingw-w64-i686-arm-none-eabi/bin/../lib/gcc/arm-none-eabi/13.3.1/thumb/v8-m.base/nofp\libc_nano.a(libc_a-mprec.o)
                0x080053bc                _Bfree
 .text.__multadd
                0x08005400       0x84 D:/AppData/arm-gnu-toolchain-13.3.rel1-mingw-w64-i686-arm-none-eabi/bin/../lib/gcc/arm-none-eabi/13.3.1/thumb/v8-m.base/nofp\libc_nano.a(libc_a-mprec.o)
                0x08005400                __multadd
 .text.__s2b    0x08005484       0x98 D:/AppData/arm-gnu-toolchain-13.3.rel1-mingw-w64-i686-arm-none-eabi/bin/../lib/gcc/arm-none-eabi/13.3.1/thumb/v8-m.base/nofp\libc_nano.a(libc_a-mprec.o)
                0x08005484                __s2b
 .text.__hi0bits
                0x0800551c       0x42 D:/AppData/arm-gnu-toolchain-13.3.rel1-mingw-w64-i686-arm-none-eabi/bin/../lib/gcc/arm-none-eabi/13.3.1/thumb/v8-m.base/nofp\libc_nano.a(libc_a-mprec.o)
                0x0800551c                __hi0bits
 .text.__lo0bits
                0x0800555e       0x5a D:/AppData/arm-gnu-toolchain-13.3.rel1-mingw-w64-i686-arm-none-eabi/bin/../lib/gcc/arm-none-eabi/13.3.1/thumb/v8-m.base/nofp\libc_nano.a(libc_a-mprec.o)
                0x0800555e                __lo0bits
 .text.__i2b    0x080055b8       0x2c D:/AppData/arm-gnu-toolchain-13.3.rel1-mingw-w64-i686-arm-none-eabi/bin/../lib/gcc/arm-none-eabi/13.3.1/thumb/v8-m.base/nofp\libc_nano.a(libc_a-mprec.o)
                0x080055b8                __i2b
 .text.__multiply
                0x080055e4      0x150 D:/AppData/arm-gnu-toolchain-13.3.rel1-mingw-w64-i686-arm-none-eabi/bin/../lib/gcc/arm-none-eabi/13.3.1/thumb/v8-m.base/nofp\libc_nano.a(libc_a-mprec.o)
                0x080055e4                __multiply
 .text.__pow5mult
                0x08005734       0xb0 D:/AppData/arm-gnu-toolchain-13.3.rel1-mingw-w64-i686-arm-none-eabi/bin/../lib/gcc/arm-none-eabi/13.3.1/thumb/v8-m.base/nofp\libc_nano.a(libc_a-mprec.o)
                0x08005734                __pow5mult
 .text.__lshift
                0x080057e4       0xd4 D:/AppData/arm-gnu-toolchain-13.3.rel1-mingw-w64-i686-arm-none-eabi/bin/../lib/gcc/arm-none-eabi/13.3.1/thumb/v8-m.base/nofp\libc_nano.a(libc_a-mprec.o)
                0x080057e4                __lshift
 .text.__mcmp   0x080058b8       0x36 D:/AppData/arm-gnu-toolchain-13.3.rel1-mingw-w64-i686-arm-none-eabi/bin/../lib/gcc/arm-none-eabi/13.3.1/thumb/v8-m.base/nofp\libc_nano.a(libc_a-mprec.o)
                0x080058b8                __mcmp
 *fill*         0x080058ee        0x2 
 .text.__mdiff  0x080058f0      0x12c D:/AppData/arm-gnu-toolchain-13.3.rel1-mingw-w64-i686-arm-none-eabi/bin/../lib/gcc/arm-none-eabi/13.3.1/thumb/v8-m.base/nofp\libc_nano.a(libc_a-mprec.o)
                0x080058f0                __mdiff
 .text.__ulp    0x08005a1c       0x40 D:/AppData/arm-gnu-toolchain-13.3.rel1-mingw-w64-i686-arm-none-eabi/bin/../lib/gcc/arm-none-eabi/13.3.1/thumb/v8-m.base/nofp\libc_nano.a(libc_a-mprec.o)
                0x08005a1c                __ulp
 .text.__b2d    0x08005a5c       0x98 D:/AppData/arm-gnu-toolchain-13.3.rel1-mingw-w64-i686-arm-none-eabi/bin/../lib/gcc/arm-none-eabi/13.3.1/thumb/v8-m.base/nofp\libc_nano.a(libc_a-mprec.o)
                0x08005a5c                __b2d
 .text.__d2b    0x08005af4       0xb8 D:/AppData/arm-gnu-toolchain-13.3.rel1-mingw-w64-i686-arm-none-eabi/bin/../lib/gcc/arm-none-eabi/13.3.1/thumb/v8-m.base/nofp\libc_nano.a(libc_a-mprec.o)
                0x08005af4                __d2b
 .text.__ratio  0x08005bac       0x54 D:/AppData/arm-gnu-toolchain-13.3.rel1-mingw-w64-i686-arm-none-eabi/bin/../lib/gcc/arm-none-eabi/13.3.1/thumb/v8-m.base/nofp\libc_nano.a(libc_a-mprec.o)
                0x08005bac                __ratio
 .text.__copybits
                0x08005c00       0x42 D:/AppData/arm-gnu-toolchain-13.3.rel1-mingw-w64-i686-arm-none-eabi/bin/../lib/gcc/arm-none-eabi/13.3.1/thumb/v8-m.base/nofp\libc_nano.a(libc_a-mprec.o)
                0x08005c00                __copybits
 .text.__any_on
                0x08005c42       0x46 D:/AppData/arm-gnu-toolchain-13.3.rel1-mingw-w64-i686-arm-none-eabi/bin/../lib/gcc/arm-none-eabi/13.3.1/thumb/v8-m.base/nofp\libc_nano.a(libc_a-mprec.o)
                0x08005c42                __any_on
 .text.sulp     0x08005c88       0x30 D:/AppData/arm-gnu-toolchain-13.3.rel1-mingw-w64-i686-arm-none-eabi/bin/../lib/gcc/arm-none-eabi/13.3.1/thumb/v8-m.base/nofp\libc_nano.a(libc_a-strtod.o)
 .text._strtod_l
                0x08005cb8      0xbd4 D:/AppData/arm-gnu-toolchain-13.3.rel1-mingw-w64-i686-arm-none-eabi/bin/../lib/gcc/arm-none-eabi/13.3.1/thumb/v8-m.base/nofp\libc_nano.a(libc_a-strtod.o)
                0x08005cb8                _strtod_l
 .text._strtod_r
                0x0800688c       0x10 D:/AppData/arm-gnu-toolchain-13.3.rel1-mingw-w64-i686-arm-none-eabi/bin/../lib/gcc/arm-none-eabi/13.3.1/thumb/v8-m.base/nofp\libc_nano.a(libc_a-strtod.o)
                0x0800688c                _strtod_r
 .text._strtol_l.isra.0
                0x0800689c      0x128 D:/AppData/arm-gnu-toolchain-13.3.rel1-mingw-w64-i686-arm-none-eabi/bin/../lib/gcc/arm-none-eabi/13.3.1/thumb/v8-m.base/nofp\libc_nano.a(libc_a-strtol.o)
 .text._strtol_r
                0x080069c4        0x8 D:/AppData/arm-gnu-toolchain-13.3.rel1-mingw-w64-i686-arm-none-eabi/bin/../lib/gcc/arm-none-eabi/13.3.1/thumb/v8-m.base/nofp\libc_nano.a(libc_a-strtol.o)
                0x080069c4                _strtol_r
 .text.__ssputs_r
                0x080069cc       0xc4 D:/AppData/arm-gnu-toolchain-13.3.rel1-mingw-w64-i686-arm-none-eabi/bin/../lib/gcc/arm-none-eabi/13.3.1/thumb/v8-m.base/nofp\libc_nano.a(libc_a-nano-svfprintf.o)
                0x080069cc                __ssputs_r
 .text._svfprintf_r
                0x08006a90      0x1f8 D:/AppData/arm-gnu-toolchain-13.3.rel1-mingw-w64-i686-arm-none-eabi/bin/../lib/gcc/arm-none-eabi/13.3.1/thumb/v8-m.base/nofp\libc_nano.a(libc_a-nano-svfprintf.o)
                0x08006a90                _svfiprintf_r
                0x08006a90                _svfprintf_r
 .text.__sflush_r
                0x08006c88      0x104 D:/AppData/arm-gnu-toolchain-13.3.rel1-mingw-w64-i686-arm-none-eabi/bin/../lib/gcc/arm-none-eabi/13.3.1/thumb/v8-m.base/nofp\libc_nano.a(libc_a-fflush.o)
                0x08006c88                __sflush_r
 .text._fflush_r
                0x08006d8c       0x50 D:/AppData/arm-gnu-toolchain-13.3.rel1-mingw-w64-i686-arm-none-eabi/bin/../lib/gcc/arm-none-eabi/13.3.1/thumb/v8-m.base/nofp\libc_nano.a(libc_a-fflush.o)
                0x08006d8c                _fflush_r
 .text.__swhatbuf_r
                0x08006ddc       0x54 D:/AppData/arm-gnu-toolchain-13.3.rel1-mingw-w64-i686-arm-none-eabi/bin/../lib/gcc/arm-none-eabi/13.3.1/thumb/v8-m.base/nofp\libc_nano.a(libc_a-makebuf.o)
                0x08006ddc                __swhatbuf_r
 .text.__smakebuf_r
                0x08006e30       0x7c D:/AppData/arm-gnu-toolchain-13.3.rel1-mingw-w64-i686-arm-none-eabi/bin/../lib/gcc/arm-none-eabi/13.3.1/thumb/v8-m.base/nofp\libc_nano.a(libc_a-makebuf.o)
                0x08006e30                __smakebuf_r
 .text.memmove  0x08006eac       0x24 D:/AppData/arm-gnu-toolchain-13.3.rel1-mingw-w64-i686-arm-none-eabi/bin/../lib/gcc/arm-none-eabi/13.3.1/thumb/v8-m.base/nofp\libc_nano.a(libc_a-memmove.o)
                0x08006eac                memmove
 .text.strncmp  0x08006ed0       0x22 D:/AppData/arm-gnu-toolchain-13.3.rel1-mingw-w64-i686-arm-none-eabi/bin/../lib/gcc/arm-none-eabi/13.3.1/thumb/v8-m.base/nofp\libc_nano.a(libc_a-strncmp.o)
                0x08006ed0                strncmp
 *fill*         0x08006ef2        0x2 
 .text._fstat_r
                0x08006ef4       0x24 D:/AppData/arm-gnu-toolchain-13.3.rel1-mingw-w64-i686-arm-none-eabi/bin/../lib/gcc/arm-none-eabi/13.3.1/thumb/v8-m.base/nofp\libc_nano.a(libc_a-fstatr.o)
                0x08006ef4                _fstat_r
 .text._isatty_r
                0x08006f18       0x20 D:/AppData/arm-gnu-toolchain-13.3.rel1-mingw-w64-i686-arm-none-eabi/bin/../lib/gcc/arm-none-eabi/13.3.1/thumb/v8-m.base/nofp\libc_nano.a(libc_a-isattyr.o)
                0x08006f18                _isatty_r
 .text._sbrk_r  0x08006f38       0x20 D:/AppData/arm-gnu-toolchain-13.3.rel1-mingw-w64-i686-arm-none-eabi/bin/../lib/gcc/arm-none-eabi/13.3.1/thumb/v8-m.base/nofp\libc_nano.a(libc_a-sbrkr.o)
                0x08006f38                _sbrk_r
 .text.__errno  0x08006f58        0xc D:/AppData/arm-gnu-toolchain-13.3.rel1-mingw-w64-i686-arm-none-eabi/bin/../lib/gcc/arm-none-eabi/13.3.1/thumb/v8-m.base/nofp\libc_nano.a(libc_a-errno.o)
                0x08006f58                __errno
 .text.memcpy   0x08006f64       0x12 D:/AppData/arm-gnu-toolchain-13.3.rel1-mingw-w64-i686-arm-none-eabi/bin/../lib/gcc/arm-none-eabi/13.3.1/thumb/v8-m.base/nofp\libc_nano.a(libc_a-memcpy-stub.o)
                0x08006f64                memcpy
 *fill*         0x08006f76        0x2 
 .text.nan      0x08006f78        0xc D:/AppData/arm-gnu-toolchain-13.3.rel1-mingw-w64-i686-arm-none-eabi/bin/../lib/gcc/arm-none-eabi/13.3.1/thumb/v8-m.base/nofp\libc_nano.a(libm_a-s_nan.o)
                0x08006f78                nan
 .text.__assert_func
                0x08006f84       0x3c D:/AppData/arm-gnu-toolchain-13.3.rel1-mingw-w64-i686-arm-none-eabi/bin/../lib/gcc/arm-none-eabi/13.3.1/thumb/v8-m.base/nofp\libc_nano.a(libc_a-assert.o)
                0x08006f84                __assert_func
 .text._calloc_r
                0x08006fc0       0x54 D:/AppData/arm-gnu-toolchain-13.3.rel1-mingw-w64-i686-arm-none-eabi/bin/../lib/gcc/arm-none-eabi/13.3.1/thumb/v8-m.base/nofp\libc_nano.a(libc_a-callocr.o)
                0x08006fc0                _calloc_r
 .text.rshift   0x08007014       0xa4 D:/AppData/arm-gnu-toolchain-13.3.rel1-mingw-w64-i686-arm-none-eabi/bin/../lib/gcc/arm-none-eabi/13.3.1/thumb/v8-m.base/nofp\libc_nano.a(libc_a-gdtoa-gethex.o)
 .text.__hexdig_fun
                0x080070b8       0x2a D:/AppData/arm-gnu-toolchain-13.3.rel1-mingw-w64-i686-arm-none-eabi/bin/../lib/gcc/arm-none-eabi/13.3.1/thumb/v8-m.base/nofp\libc_nano.a(libc_a-gdtoa-gethex.o)
                0x080070b8                __hexdig_fun
 *fill*         0x080070e2        0x2 
 .text.__gethex
                0x080070e4      0x430 D:/AppData/arm-gnu-toolchain-13.3.rel1-mingw-w64-i686-arm-none-eabi/bin/../lib/gcc/arm-none-eabi/13.3.1/thumb/v8-m.base/nofp\libc_nano.a(libc_a-gdtoa-gethex.o)
                0x080070e4                __gethex
 .text.L_shift  0x08007514       0x24 D:/AppData/arm-gnu-toolchain-13.3.rel1-mingw-w64-i686-arm-none-eabi/bin/../lib/gcc/arm-none-eabi/13.3.1/thumb/v8-m.base/nofp\libc_nano.a(libc_a-gdtoa-hexnan.o)
 .text.__match  0x08007538       0x26 D:/AppData/arm-gnu-toolchain-13.3.rel1-mingw-w64-i686-arm-none-eabi/bin/../lib/gcc/arm-none-eabi/13.3.1/thumb/v8-m.base/nofp\libc_nano.a(libc_a-gdtoa-hexnan.o)
                0x08007538                __match
 .text.__hexnan
                0x0800755e      0x14c D:/AppData/arm-gnu-toolchain-13.3.rel1-mingw-w64-i686-arm-none-eabi/bin/../lib/gcc/arm-none-eabi/13.3.1/thumb/v8-m.base/nofp\libc_nano.a(libc_a-gdtoa-hexnan.o)
                0x0800755e                __hexnan
 .text.__ascii_mbtowc
                0x080076aa       0x20 D:/AppData/arm-gnu-toolchain-13.3.rel1-mingw-w64-i686-arm-none-eabi/bin/../lib/gcc/arm-none-eabi/13.3.1/thumb/v8-m.base/nofp\libc_nano.a(libc_a-mbtowc_r.o)
                0x080076aa                __ascii_mbtowc
 .text._realloc_r
                0x080076ca       0x5a D:/AppData/arm-gnu-toolchain-13.3.rel1-mingw-w64-i686-arm-none-eabi/bin/../lib/gcc/arm-none-eabi/13.3.1/thumb/v8-m.base/nofp\libc_nano.a(libc_a-reallocr.o)
                0x080076ca                _realloc_r
 .text.__ascii_wctomb
                0x08007724       0x1a D:/AppData/arm-gnu-toolchain-13.3.rel1-mingw-w64-i686-arm-none-eabi/bin/../lib/gcc/arm-none-eabi/13.3.1/thumb/v8-m.base/nofp\libc_nano.a(libc_a-wctomb_r.o)
                0x08007724                __ascii_wctomb
 *fill*         0x0800773e        0x2 
 .text.fprintf  0x08007740       0x20 D:/AppData/arm-gnu-toolchain-13.3.rel1-mingw-w64-i686-arm-none-eabi/bin/../lib/gcc/arm-none-eabi/13.3.1/thumb/v8-m.base/nofp\libc_nano.a(libc_a-fprintf.o)
                0x08007740                fiprintf
                0x08007740                fprintf
 .text.abort    0x08007760        0xe D:/AppData/arm-gnu-toolchain-13.3.rel1-mingw-w64-i686-arm-none-eabi/bin/../lib/gcc/arm-none-eabi/13.3.1/thumb/v8-m.base/nofp\libc_nano.a(libc_a-abort.o)
                0x08007760                abort
 .text._malloc_usable_size_r
                0x0800776e       0x10 D:/AppData/arm-gnu-toolchain-13.3.rel1-mingw-w64-i686-arm-none-eabi/bin/../lib/gcc/arm-none-eabi/13.3.1/thumb/v8-m.base/nofp\libc_nano.a(libc_a-msizer.o)
                0x0800776e                _malloc_usable_size_r
 .text.__sfputc_r
                0x0800777e       0x2a D:/AppData/arm-gnu-toolchain-13.3.rel1-mingw-w64-i686-arm-none-eabi/bin/../lib/gcc/arm-none-eabi/13.3.1/thumb/v8-m.base/nofp\libc_nano.a(libc_a-nano-vfprintf.o)
 .text.__sfputs_r
                0x080077a8       0x24 D:/AppData/arm-gnu-toolchain-13.3.rel1-mingw-w64-i686-arm-none-eabi/bin/../lib/gcc/arm-none-eabi/13.3.1/thumb/v8-m.base/nofp\libc_nano.a(libc_a-nano-vfprintf.o)
                0x080077a8                __sfputs_r
 .text._vfprintf_r
                0x080077cc      0x22c D:/AppData/arm-gnu-toolchain-13.3.rel1-mingw-w64-i686-arm-none-eabi/bin/../lib/gcc/arm-none-eabi/13.3.1/thumb/v8-m.base/nofp\libc_nano.a(libc_a-nano-vfprintf.o)
                0x080077cc                _vfprintf_r
                0x080077cc                _vfiprintf_r
 .text._raise_r
                0x080079f8       0x4e D:/AppData/arm-gnu-toolchain-13.3.rel1-mingw-w64-i686-arm-none-eabi/bin/../lib/gcc/arm-none-eabi/13.3.1/thumb/v8-m.base/nofp\libc_nano.a(libc_a-signal.o)
                0x080079f8                _raise_r
 *fill*         0x08007a46        0x2 
 .text.raise    0x08007a48       0x14 D:/AppData/arm-gnu-toolchain-13.3.rel1-mingw-w64-i686-arm-none-eabi/bin/../lib/gcc/arm-none-eabi/13.3.1/thumb/v8-m.base/nofp\libc_nano.a(libc_a-signal.o)
                0x08007a48                raise
 .text._kill_r  0x08007a5c       0x24 D:/AppData/arm-gnu-toolchain-13.3.rel1-mingw-w64-i686-arm-none-eabi/bin/../lib/gcc/arm-none-eabi/13.3.1/thumb/v8-m.base/nofp\libc_nano.a(libc_a-signalr.o)
                0x08007a5c                _kill_r
 .text._getpid_r
                0x08007a80        0x8 D:/AppData/arm-gnu-toolchain-13.3.rel1-mingw-w64-i686-arm-none-eabi/bin/../lib/gcc/arm-none-eabi/13.3.1/thumb/v8-m.base/nofp\libc_nano.a(libc_a-signalr.o)
                0x08007a80                _getpid_r
 .text.__fixunssfsi
                0x08007a88       0x30 D:/AppData/arm-gnu-toolchain-13.3.rel1-mingw-w64-i686-arm-none-eabi/bin/../lib/gcc/arm-none-eabi/13.3.1/thumb/v8-m.base/nofp\libgcc.a(_fixunssfsi.o)
                0x08007a88                __fixunssfsi
                0x08007a88                __aeabi_f2uiz
 .text.__fixunsdfsi
                0x08007ab8       0x3c D:/AppData/arm-gnu-toolchain-13.3.rel1-mingw-w64-i686-arm-none-eabi/bin/../lib/gcc/arm-none-eabi/13.3.1/thumb/v8-m.base/nofp\libgcc.a(_fixunsdfsi.o)
                0x08007ab8                __aeabi_d2uiz
                0x08007ab8                __fixunsdfsi
 .text.__fixdfdi
                0x08007af4       0x38 D:/AppData/arm-gnu-toolchain-13.3.rel1-mingw-w64-i686-arm-none-eabi/bin/../lib/gcc/arm-none-eabi/13.3.1/thumb/v8-m.base/nofp\libgcc.a(_fixdfdi.o)
                0x08007af4                __fixdfdi
                0x08007af4                __aeabi_d2lz
 .text.__fixunsdfdi
                0x08007b2c       0x3c D:/AppData/arm-gnu-toolchain-13.3.rel1-mingw-w64-i686-arm-none-eabi/bin/../lib/gcc/arm-none-eabi/13.3.1/thumb/v8-m.base/nofp\libgcc.a(_fixunsdfdi.o)
                0x08007b2c                __fixunsdfdi
                0x08007b2c                __aeabi_d2ulz
 .text.__floatdidf
                0x08007b68       0x2c D:/AppData/arm-gnu-toolchain-13.3.rel1-mingw-w64-i686-arm-none-eabi/bin/../lib/gcc/arm-none-eabi/13.3.1/thumb/v8-m.base/nofp\libgcc.a(_floatdidf.o)
                0x08007b68                __aeabi_l2d
                0x08007b68                __floatdidf
 .text.__aeabi_fadd
                0x08007b94      0x330 D:/AppData/arm-gnu-toolchain-13.3.rel1-mingw-w64-i686-arm-none-eabi/bin/../lib/gcc/arm-none-eabi/13.3.1/thumb/v8-m.base/nofp\libgcc.a(addsf3.o)
                0x08007b94                __aeabi_fadd
 .text.__aeabi_fdiv
                0x08007ec4      0x224 D:/AppData/arm-gnu-toolchain-13.3.rel1-mingw-w64-i686-arm-none-eabi/bin/../lib/gcc/arm-none-eabi/13.3.1/thumb/v8-m.base/nofp\libgcc.a(divsf3.o)
                0x08007ec4                __aeabi_fdiv
 .text.__eqsf2  0x080080e8       0x50 D:/AppData/arm-gnu-toolchain-13.3.rel1-mingw-w64-i686-arm-none-eabi/bin/../lib/gcc/arm-none-eabi/13.3.1/thumb/v8-m.base/nofp\libgcc.a(eqsf2.o)
                0x080080e8                __eqsf2
                0x080080e8                __nesf2
 .text.__gesf2  0x08008138       0x84 D:/AppData/arm-gnu-toolchain-13.3.rel1-mingw-w64-i686-arm-none-eabi/bin/../lib/gcc/arm-none-eabi/13.3.1/thumb/v8-m.base/nofp\libgcc.a(gesf2.o)
                0x08008138                __gesf2
                0x08008138                __gtsf2
 .text.__lesf2  0x080081bc       0x80 D:/AppData/arm-gnu-toolchain-13.3.rel1-mingw-w64-i686-arm-none-eabi/bin/../lib/gcc/arm-none-eabi/13.3.1/thumb/v8-m.base/nofp\libgcc.a(lesf2.o)
                0x080081bc                __ltsf2
                0x080081bc                __lesf2
 .text.__aeabi_fmul
                0x0800823c      0x280 D:/AppData/arm-gnu-toolchain-13.3.rel1-mingw-w64-i686-arm-none-eabi/bin/../lib/gcc/arm-none-eabi/13.3.1/thumb/v8-m.base/nofp\libgcc.a(mulsf3.o)
                0x0800823c                __aeabi_fmul
 .text.__aeabi_fsub
                0x080084bc      0x388 D:/AppData/arm-gnu-toolchain-13.3.rel1-mingw-w64-i686-arm-none-eabi/bin/../lib/gcc/arm-none-eabi/13.3.1/thumb/v8-m.base/nofp\libgcc.a(subsf3.o)
                0x080084bc                __aeabi_fsub
 .text.__aeabi_f2iz
                0x08008844       0x40 D:/AppData/arm-gnu-toolchain-13.3.rel1-mingw-w64-i686-arm-none-eabi/bin/../lib/gcc/arm-none-eabi/13.3.1/thumb/v8-m.base/nofp\libgcc.a(fixsfsi.o)
                0x08008844                __aeabi_f2iz
 .text.__aeabi_i2f
                0x08008884       0x90 D:/AppData/arm-gnu-toolchain-13.3.rel1-mingw-w64-i686-arm-none-eabi/bin/../lib/gcc/arm-none-eabi/13.3.1/thumb/v8-m.base/nofp\libgcc.a(floatsisf.o)
                0x08008884                __aeabi_i2f
 .text.__aeabi_ui2f
                0x08008914       0x80 D:/AppData/arm-gnu-toolchain-13.3.rel1-mingw-w64-i686-arm-none-eabi/bin/../lib/gcc/arm-none-eabi/13.3.1/thumb/v8-m.base/nofp\libgcc.a(floatunsisf.o)
                0x08008914                __aeabi_ui2f
 .text.__aeabi_dadd
                0x08008994      0x704 D:/AppData/arm-gnu-toolchain-13.3.rel1-mingw-w64-i686-arm-none-eabi/bin/../lib/gcc/arm-none-eabi/13.3.1/thumb/v8-m.base/nofp\libgcc.a(adddf3.o)
                0x08008994                __aeabi_dadd
 .text.__aeabi_ddiv
                0x08009098      0x678 D:/AppData/arm-gnu-toolchain-13.3.rel1-mingw-w64-i686-arm-none-eabi/bin/../lib/gcc/arm-none-eabi/13.3.1/thumb/v8-m.base/nofp\libgcc.a(divdf3.o)
                0x08009098                __aeabi_ddiv
 .text.__eqdf2  0x08009710       0x88 D:/AppData/arm-gnu-toolchain-13.3.rel1-mingw-w64-i686-arm-none-eabi/bin/../lib/gcc/arm-none-eabi/13.3.1/thumb/v8-m.base/nofp\libgcc.a(eqdf2.o)
                0x08009710                __nedf2
                0x08009710                __eqdf2
 .text.__gedf2  0x08009798       0xdc D:/AppData/arm-gnu-toolchain-13.3.rel1-mingw-w64-i686-arm-none-eabi/bin/../lib/gcc/arm-none-eabi/13.3.1/thumb/v8-m.base/nofp\libgcc.a(gedf2.o)
                0x08009798                __gedf2
                0x08009798                __gtdf2
 .text.__ledf2  0x08009874       0xdc D:/AppData/arm-gnu-toolchain-13.3.rel1-mingw-w64-i686-arm-none-eabi/bin/../lib/gcc/arm-none-eabi/13.3.1/thumb/v8-m.base/nofp\libgcc.a(ledf2.o)
                0x08009874                __ledf2
                0x08009874                __ltdf2
 .text.__aeabi_dmul
                0x08009950      0x5b4 D:/AppData/arm-gnu-toolchain-13.3.rel1-mingw-w64-i686-arm-none-eabi/bin/../lib/gcc/arm-none-eabi/13.3.1/thumb/v8-m.base/nofp\libgcc.a(muldf3.o)
                0x08009950                __aeabi_dmul
 .text.__aeabi_dsub
                0x08009f04      0x7a4 D:/AppData/arm-gnu-toolchain-13.3.rel1-mingw-w64-i686-arm-none-eabi/bin/../lib/gcc/arm-none-eabi/13.3.1/thumb/v8-m.base/nofp\libgcc.a(subdf3.o)
                0x08009f04                __aeabi_dsub
 .text.__aeabi_dcmpun
                0x0800a6a8       0x38 D:/AppData/arm-gnu-toolchain-13.3.rel1-mingw-w64-i686-arm-none-eabi/bin/../lib/gcc/arm-none-eabi/13.3.1/thumb/v8-m.base/nofp\libgcc.a(unorddf2.o)
                0x0800a6a8                __aeabi_dcmpun
 .text.__aeabi_d2iz
                0x0800a6e0       0x70 D:/AppData/arm-gnu-toolchain-13.3.rel1-mingw-w64-i686-arm-none-eabi/bin/../lib/gcc/arm-none-eabi/13.3.1/thumb/v8-m.base/nofp\libgcc.a(fixdfsi.o)
                0x0800a6e0                __aeabi_d2iz
 .text.__aeabi_i2d
                0x0800a750       0x58 D:/AppData/arm-gnu-toolchain-13.3.rel1-mingw-w64-i686-arm-none-eabi/bin/../lib/gcc/arm-none-eabi/13.3.1/thumb/v8-m.base/nofp\libgcc.a(floatsidf.o)
                0x0800a750                __aeabi_i2d
 .text.__aeabi_ui2d
                0x0800a7a8       0x48 D:/AppData/arm-gnu-toolchain-13.3.rel1-mingw-w64-i686-arm-none-eabi/bin/../lib/gcc/arm-none-eabi/13.3.1/thumb/v8-m.base/nofp\libgcc.a(floatunsidf.o)
                0x0800a7a8                __aeabi_ui2d
 .text.__aeabi_f2d
                0x0800a7f0       0x88 D:/AppData/arm-gnu-toolchain-13.3.rel1-mingw-w64-i686-arm-none-eabi/bin/../lib/gcc/arm-none-eabi/13.3.1/thumb/v8-m.base/nofp\libgcc.a(extendsfdf2.o)
                0x0800a7f0                __aeabi_f2d
 .text.__aeabi_d2f
                0x0800a878      0x108 D:/AppData/arm-gnu-toolchain-13.3.rel1-mingw-w64-i686-arm-none-eabi/bin/../lib/gcc/arm-none-eabi/13.3.1/thumb/v8-m.base/nofp\libgcc.a(truncdfsf2.o)
                0x0800a878                __aeabi_d2f
 *(.glue_7)
 .glue_7        0x0800a980        0x0 linker stubs
 *(.glue_7t)
 .glue_7t       0x0800a980        0x0 linker stubs
 *(.eh_frame)
 .eh_frame      0x0800a980        0x0 D:/AppData/arm-gnu-toolchain-13.3.rel1-mingw-w64-i686-arm-none-eabi/bin/../lib/gcc/arm-none-eabi/13.3.1/thumb/v8-m.base/nofp/crtbegin.o
 *(.init)
 .init          0x0800a980        0x4 D:/AppData/arm-gnu-toolchain-13.3.rel1-mingw-w64-i686-arm-none-eabi/bin/../lib/gcc/arm-none-eabi/13.3.1/thumb/v8-m.base/nofp/crti.o
                0x0800a980                _init
 .init          0x0800a984        0x8 D:/AppData/arm-gnu-toolchain-13.3.rel1-mingw-w64-i686-arm-none-eabi/bin/../lib/gcc/arm-none-eabi/13.3.1/thumb/v8-m.base/nofp/crtn.o
 *(.fini)
 .fini          0x0800a98c        0x4 D:/AppData/arm-gnu-toolchain-13.3.rel1-mingw-w64-i686-arm-none-eabi/bin/../lib/gcc/arm-none-eabi/13.3.1/thumb/v8-m.base/nofp/crti.o
                0x0800a98c                _fini
 .fini          0x0800a990        0x8 D:/AppData/arm-gnu-toolchain-13.3.rel1-mingw-w64-i686-arm-none-eabi/bin/../lib/gcc/arm-none-eabi/13.3.1/thumb/v8-m.base/nofp/crtn.o
                0x0800a998                        . = ALIGN (0x4)
                0x0800a998                        _etext = .

.vfp11_veneer   0x0800a998        0x0
 .vfp11_veneer  0x0800a998        0x0 linker stubs

.v4_bx          0x0800a998        0x0
 .v4_bx         0x0800a998        0x0 linker stubs

.iplt           0x0800a998        0x0
 .iplt          0x0800a998        0x0 D:/AppData/arm-gnu-toolchain-13.3.rel1-mingw-w64-i686-arm-none-eabi/bin/../lib/gcc/arm-none-eabi/13.3.1/thumb/v8-m.base/nofp/crtbegin.o

.rodata         0x0800a998     0x3a98
                0x0800a998                        . = ALIGN (0x4)
 *(.rodata)
 .rodata        0x0800a998       0x18 build/gd32e23x_rcu.o
 *(.rodata*)
 .rodata.TIMER2_IRQHandler.str1.4
                0x0800a9b0       0xb7 build/gd32e23x_it.o
                                 0x12 (size before relaxing)
 *fill*         0x0800aa67        0x1 
 .rodata.__FUNCTION__.1
                0x0800aa68       0x12 build/gd32e23x_it.o
 .rodata.EM_LOGLEVELGet.str1.4
                0x0800aa7a       0x30 build/log.o
 *fill*         0x0800aa7a        0x2 
 .rodata.EM_LOGLEVELGet
                0x0800aa7c       0x14 build/log.o
 .rodata.EM_LOG.str1.4
                0x0800aa90       0x11 build/log.o
 .rodata.AppStateDisplay.str1.4
                0x0800aa90        0x8 build/app.o
 .rodata.WaveformDisplay.str1.4
                0x0800aa90       0x23 build/app.o
 .rodata.AppInit.str1.4
                0x0800aa90        0xb build/app.o
 .rodata.AppStart.str1.4
                0x0800aa90       0x27 build/app.o
 .rodata.__FUNCTION__.0
                0x0800aa90       0x10 build/app.o
 .rodata.__FUNCTION__.1
                0x0800aaa0        0x9 build/app.o
 *fill*         0x0800aaa9        0x3 
 .rodata.__FUNCTION__.2
                0x0800aaac        0x8 build/app.o
 .rodata.UI_MSG
                0x0800aab4       0x60 build/app.o
                0x0800aab4                UI_MSG
 .rodata.rcu_adc_clock_config
                0x0800ab14       0x28 build/gd32e23x_rcu.o
 .rodata.rcu_clock_freq_get
                0x0800ab3c       0x18 build/gd32e23x_rcu.o
 .rodata.ascii_3216
                0x0800ab54     0x17c0 build/lcd.o
                0x0800ab54                ascii_3216
 .rodata.ascii_2412
                0x0800c314     0x11d0 build/lcd.o
                0x0800c314                ascii_2412
 .rodata.ascii_1608
                0x0800d4e4      0x5f0 build/lcd.o
                0x0800d4e4                ascii_1608
 .rodata.ascii_1206
                0x0800dad4      0x474 build/lcd.o
                0x0800dad4                ascii_1206
 .rodata._printf_float.str1.1
                0x0800df48      0x1d9 D:/AppData/arm-gnu-toolchain-13.3.rel1-mingw-w64-i686-arm-none-eabi/bin/../lib/gcc/arm-none-eabi/13.3.1/thumb/v8-m.base/nofp\libc_nano.a(libc_a-nano-vfprintf_float.o)
                                 0x12 (size before relaxing)
 .rodata._printf_i.str1.1
                0x0800e121       0x22 D:/AppData/arm-gnu-toolchain-13.3.rel1-mingw-w64-i686-arm-none-eabi/bin/../lib/gcc/arm-none-eabi/13.3.1/thumb/v8-m.base/nofp\libc_nano.a(libc_a-nano-vfprintf_i.o)
 .rodata._scanf_float.str1.1
                0x0800e121        0x6 D:/AppData/arm-gnu-toolchain-13.3.rel1-mingw-w64-i686-arm-none-eabi/bin/../lib/gcc/arm-none-eabi/13.3.1/thumb/v8-m.base/nofp\libc_nano.a(libc_a-nano-vfscanf_float.o)
 .rodata._dtoa_r.str1.1
                0x0800e121       0x90 D:/AppData/arm-gnu-toolchain-13.3.rel1-mingw-w64-i686-arm-none-eabi/bin/../lib/gcc/arm-none-eabi/13.3.1/thumb/v8-m.base/nofp\libc_nano.a(libc_a-dtoa.o)
 .rodata._Balloc.str1.1
                0x0800e121       0x71 D:/AppData/arm-gnu-toolchain-13.3.rel1-mingw-w64-i686-arm-none-eabi/bin/../lib/gcc/arm-none-eabi/13.3.1/thumb/v8-m.base/nofp\libc_nano.a(libc_a-mprec.o)
 .rodata.__multadd.str1.1
                0x0800e121       0x11 D:/AppData/arm-gnu-toolchain-13.3.rel1-mingw-w64-i686-arm-none-eabi/bin/../lib/gcc/arm-none-eabi/13.3.1/thumb/v8-m.base/nofp\libc_nano.a(libc_a-mprec.o)
 *fill*         0x0800e121        0x3 
 .rodata.p05.0  0x0800e124        0xc D:/AppData/arm-gnu-toolchain-13.3.rel1-mingw-w64-i686-arm-none-eabi/bin/../lib/gcc/arm-none-eabi/13.3.1/thumb/v8-m.base/nofp\libc_nano.a(libc_a-mprec.o)
 .rodata.__mprec_bigtens
                0x0800e130       0x28 D:/AppData/arm-gnu-toolchain-13.3.rel1-mingw-w64-i686-arm-none-eabi/bin/../lib/gcc/arm-none-eabi/13.3.1/thumb/v8-m.base/nofp\libc_nano.a(libc_a-mprec.o)
                0x0800e130                __mprec_bigtens
 .rodata.__mprec_tens
                0x0800e158       0xc8 D:/AppData/arm-gnu-toolchain-13.3.rel1-mingw-w64-i686-arm-none-eabi/bin/../lib/gcc/arm-none-eabi/13.3.1/thumb/v8-m.base/nofp\libc_nano.a(libc_a-mprec.o)
                0x0800e158                __mprec_tens
 .rodata._strtod_l.str1.1
                0x0800e220        0xf D:/AppData/arm-gnu-toolchain-13.3.rel1-mingw-w64-i686-arm-none-eabi/bin/../lib/gcc/arm-none-eabi/13.3.1/thumb/v8-m.base/nofp\libc_nano.a(libc_a-strtod.o)
 .rodata.fpinan.0
                0x0800e220       0x14 D:/AppData/arm-gnu-toolchain-13.3.rel1-mingw-w64-i686-arm-none-eabi/bin/../lib/gcc/arm-none-eabi/13.3.1/thumb/v8-m.base/nofp\libc_nano.a(libc_a-strtod.o)
 .rodata.fpi.1  0x0800e234       0x14 D:/AppData/arm-gnu-toolchain-13.3.rel1-mingw-w64-i686-arm-none-eabi/bin/../lib/gcc/arm-none-eabi/13.3.1/thumb/v8-m.base/nofp\libc_nano.a(libc_a-strtod.o)
 .rodata.tinytens
                0x0800e248       0x28 D:/AppData/arm-gnu-toolchain-13.3.rel1-mingw-w64-i686-arm-none-eabi/bin/../lib/gcc/arm-none-eabi/13.3.1/thumb/v8-m.base/nofp\libc_nano.a(libc_a-strtod.o)
 .rodata._ctype_
                0x0800e270      0x101 D:/AppData/arm-gnu-toolchain-13.3.rel1-mingw-w64-i686-arm-none-eabi/bin/../lib/gcc/arm-none-eabi/13.3.1/thumb/v8-m.base/nofp\libc_nano.a(libc_a-ctype_.o)
                0x0800e270                _ctype_
 .rodata._svfprintf_r.str1.1
                0x0800e371       0x11 D:/AppData/arm-gnu-toolchain-13.3.rel1-mingw-w64-i686-arm-none-eabi/bin/../lib/gcc/arm-none-eabi/13.3.1/thumb/v8-m.base/nofp\libc_nano.a(libc_a-nano-svfprintf.o)
 .rodata._setlocale_r.str1.1
                0x0800e371        0x9 D:/AppData/arm-gnu-toolchain-13.3.rel1-mingw-w64-i686-arm-none-eabi/bin/../lib/gcc/arm-none-eabi/13.3.1/thumb/v8-m.base/nofp\libc_nano.a(libc_a-locale.o)
 .rodata.str1.1
                0x0800e371        0x2 D:/AppData/arm-gnu-toolchain-13.3.rel1-mingw-w64-i686-arm-none-eabi/bin/../lib/gcc/arm-none-eabi/13.3.1/thumb/v8-m.base/nofp\libc_nano.a(libc_a-locale.o)
 .rodata.__assert_func.str1.1
                0x0800e371       0x3d D:/AppData/arm-gnu-toolchain-13.3.rel1-mingw-w64-i686-arm-none-eabi/bin/../lib/gcc/arm-none-eabi/13.3.1/thumb/v8-m.base/nofp\libc_nano.a(libc_a-assert.o)
 .rodata.__gethex.str1.1
                0x0800e371       0x74 D:/AppData/arm-gnu-toolchain-13.3.rel1-mingw-w64-i686-arm-none-eabi/bin/../lib/gcc/arm-none-eabi/13.3.1/thumb/v8-m.base/nofp\libc_nano.a(libc_a-gdtoa-gethex.o)
 .rodata._vfprintf_r.str1.1
                0x0800e371       0x11 D:/AppData/arm-gnu-toolchain-13.3.rel1-mingw-w64-i686-arm-none-eabi/bin/../lib/gcc/arm-none-eabi/13.3.1/thumb/v8-m.base/nofp\libc_nano.a(libc_a-nano-vfprintf.o)
 *fill*         0x0800e371        0x3 
 .rodata.__aeabi_fdiv
                0x0800e374       0x7c D:/AppData/arm-gnu-toolchain-13.3.rel1-mingw-w64-i686-arm-none-eabi/bin/../lib/gcc/arm-none-eabi/13.3.1/thumb/v8-m.base/nofp\libgcc.a(divsf3.o)
 .rodata.__aeabi_ddiv
                0x0800e3f0       0x40 D:/AppData/arm-gnu-toolchain-13.3.rel1-mingw-w64-i686-arm-none-eabi/bin/../lib/gcc/arm-none-eabi/13.3.1/thumb/v8-m.base/nofp\libgcc.a(divdf3.o)
                0x0800e430                        . = ALIGN (0x4)

.rel.dyn        0x0800e430        0x0
 .rel.iplt      0x0800e430        0x0 D:/AppData/arm-gnu-toolchain-13.3.rel1-mingw-w64-i686-arm-none-eabi/bin/../lib/gcc/arm-none-eabi/13.3.1/thumb/v8-m.base/nofp/crtbegin.o

.ARM.extab
 *(.ARM.extab* .gnu.linkonce.armextab.*)

.ARM            0x0800e430        0x0
                0x0800e430                        __exidx_start = .
 *(.ARM.exidx*)
                0x0800e430                        __exidx_end = .

.ARM.attributes
                0x0800e430       0x2c
 *(.ARM.attributes)
 .ARM.attributes
                0x0800e430       0x22 D:/AppData/arm-gnu-toolchain-13.3.rel1-mingw-w64-i686-arm-none-eabi/bin/../lib/gcc/arm-none-eabi/13.3.1/thumb/v8-m.base/nofp/crti.o
 .ARM.attributes
                0x0800e452       0x30 D:/AppData/arm-gnu-toolchain-13.3.rel1-mingw-w64-i686-arm-none-eabi/bin/../lib/gcc/arm-none-eabi/13.3.1/thumb/v8-m.base/nofp/crtbegin.o
 .ARM.attributes
                0x0800e482       0x30 build/main.o
 .ARM.attributes
                0x0800e4b2       0x30 build/systick.o
 .ARM.attributes
                0x0800e4e2       0x30 build/gd32e23x_it.o
 .ARM.attributes
                0x0800e512       0x30 build/log.o
 .ARM.attributes
                0x0800e542       0x30 build/app.o
 .ARM.attributes
                0x0800e572       0x30 build/peripheral.o
 .ARM.attributes
                0x0800e5a2       0x30 build/gd32e23x_adc.o
 .ARM.attributes
                0x0800e5d2       0x30 build/gd32e23x_exti.o
 .ARM.attributes
                0x0800e602       0x30 build/gd32e23x_gpio.o
 .ARM.attributes
                0x0800e632       0x30 build/gd32e23x_misc.o
 .ARM.attributes
                0x0800e662       0x30 build/gd32e23x_rcu.o
 .ARM.attributes
                0x0800e692       0x30 build/gd32e23x_spi.o
 .ARM.attributes
                0x0800e6c2       0x30 build/gd32e23x_syscfg.o
 .ARM.attributes
                0x0800e6f2       0x30 build/gd32e23x_timer.o
 .ARM.attributes
                0x0800e722       0x30 build/gd32e23x_usart.o
 .ARM.attributes
                0x0800e752       0x30 build/syscalls.o
 .ARM.attributes
                0x0800e782       0x30 build/system_gd32e23x.o
 .ARM.attributes
                0x0800e7b2       0x30 build/lcd.o
 .ARM.attributes
                0x0800e7e2       0x22 build/startup_gd32e23x.o
 .ARM.attributes
                0x0800e804       0x30 D:/AppData/arm-gnu-toolchain-13.3.rel1-mingw-w64-i686-arm-none-eabi/bin/../lib/gcc/arm-none-eabi/13.3.1/thumb/v8-m.base/nofp\libc_nano.a(libc_a-nano-vfprintf_float.o)
 .ARM.attributes
                0x0800e834       0x30 D:/AppData/arm-gnu-toolchain-13.3.rel1-mingw-w64-i686-arm-none-eabi/bin/../lib/gcc/arm-none-eabi/13.3.1/thumb/v8-m.base/nofp\libc_nano.a(libc_a-nano-vfprintf_i.o)
 .ARM.attributes
                0x0800e864       0x30 D:/AppData/arm-gnu-toolchain-13.3.rel1-mingw-w64-i686-arm-none-eabi/bin/../lib/gcc/arm-none-eabi/13.3.1/thumb/v8-m.base/nofp\libc_nano.a(libc_a-nano-vfscanf_float.o)
 .ARM.attributes
                0x0800e894       0x30 D:/AppData/arm-gnu-toolchain-13.3.rel1-mingw-w64-i686-arm-none-eabi/bin/../lib/gcc/arm-none-eabi/13.3.1/thumb/v8-m.base/nofp\libc_nano.a(libc_a-findfp.o)
 .ARM.attributes
                0x0800e8c4       0x30 D:/AppData/arm-gnu-toolchain-13.3.rel1-mingw-w64-i686-arm-none-eabi/bin/../lib/gcc/arm-none-eabi/13.3.1/thumb/v8-m.base/nofp\libc_nano.a(libc_a-fwalk.o)
 .ARM.attributes
                0x0800e8f4       0x30 D:/AppData/arm-gnu-toolchain-13.3.rel1-mingw-w64-i686-arm-none-eabi/bin/../lib/gcc/arm-none-eabi/13.3.1/thumb/v8-m.base/nofp\libc_nano.a(libc_a-puts.o)
 .ARM.attributes
                0x0800e924       0x30 D:/AppData/arm-gnu-toolchain-13.3.rel1-mingw-w64-i686-arm-none-eabi/bin/../lib/gcc/arm-none-eabi/13.3.1/thumb/v8-m.base/nofp\libc_nano.a(libc_a-snprintf.o)
 .ARM.attributes
                0x0800e954       0x30 D:/AppData/arm-gnu-toolchain-13.3.rel1-mingw-w64-i686-arm-none-eabi/bin/../lib/gcc/arm-none-eabi/13.3.1/thumb/v8-m.base/nofp\libc_nano.a(libc_a-sprintf.o)
 .ARM.attributes
                0x0800e984       0x30 D:/AppData/arm-gnu-toolchain-13.3.rel1-mingw-w64-i686-arm-none-eabi/bin/../lib/gcc/arm-none-eabi/13.3.1/thumb/v8-m.base/nofp\libc_nano.a(libc_a-stdio.o)
 .ARM.attributes
                0x0800e9b4       0x30 D:/AppData/arm-gnu-toolchain-13.3.rel1-mingw-w64-i686-arm-none-eabi/bin/../lib/gcc/arm-none-eabi/13.3.1/thumb/v8-m.base/nofp\libc_nano.a(libc_a-vsnprintf.o)
 .ARM.attributes
                0x0800e9e4       0x30 D:/AppData/arm-gnu-toolchain-13.3.rel1-mingw-w64-i686-arm-none-eabi/bin/../lib/gcc/arm-none-eabi/13.3.1/thumb/v8-m.base/nofp\libc_nano.a(libc_a-wbuf.o)
 .ARM.attributes
                0x0800ea14       0x30 D:/AppData/arm-gnu-toolchain-13.3.rel1-mingw-w64-i686-arm-none-eabi/bin/../lib/gcc/arm-none-eabi/13.3.1/thumb/v8-m.base/nofp\libc_nano.a(libc_a-wsetup.o)
 .ARM.attributes
                0x0800ea44       0x30 D:/AppData/arm-gnu-toolchain-13.3.rel1-mingw-w64-i686-arm-none-eabi/bin/../lib/gcc/arm-none-eabi/13.3.1/thumb/v8-m.base/nofp\libc_nano.a(libc_a-memset.o)
 .ARM.attributes
                0x0800ea74       0x30 D:/AppData/arm-gnu-toolchain-13.3.rel1-mingw-w64-i686-arm-none-eabi/bin/../lib/gcc/arm-none-eabi/13.3.1/thumb/v8-m.base/nofp\libc_nano.a(libc_a-localeconv.o)
 .ARM.attributes
                0x0800eaa4       0x30 D:/AppData/arm-gnu-toolchain-13.3.rel1-mingw-w64-i686-arm-none-eabi/bin/../lib/gcc/arm-none-eabi/13.3.1/thumb/v8-m.base/nofp\libc_nano.a(libc_a-closer.o)
 .ARM.attributes
                0x0800ead4       0x30 D:/AppData/arm-gnu-toolchain-13.3.rel1-mingw-w64-i686-arm-none-eabi/bin/../lib/gcc/arm-none-eabi/13.3.1/thumb/v8-m.base/nofp\libc_nano.a(libc_a-reent.o)
 .ARM.attributes
                0x0800eb04       0x30 D:/AppData/arm-gnu-toolchain-13.3.rel1-mingw-w64-i686-arm-none-eabi/bin/../lib/gcc/arm-none-eabi/13.3.1/thumb/v8-m.base/nofp\libc_nano.a(libc_a-impure.o)
 .ARM.attributes
                0x0800eb34       0x30 D:/AppData/arm-gnu-toolchain-13.3.rel1-mingw-w64-i686-arm-none-eabi/bin/../lib/gcc/arm-none-eabi/13.3.1/thumb/v8-m.base/nofp\libc_nano.a(libc_a-lseekr.o)
 .ARM.attributes
                0x0800eb64       0x30 D:/AppData/arm-gnu-toolchain-13.3.rel1-mingw-w64-i686-arm-none-eabi/bin/../lib/gcc/arm-none-eabi/13.3.1/thumb/v8-m.base/nofp\libc_nano.a(libc_a-readr.o)
 .ARM.attributes
                0x0800eb94       0x30 D:/AppData/arm-gnu-toolchain-13.3.rel1-mingw-w64-i686-arm-none-eabi/bin/../lib/gcc/arm-none-eabi/13.3.1/thumb/v8-m.base/nofp\libc_nano.a(libc_a-writer.o)
 .ARM.attributes
                0x0800ebc4       0x30 D:/AppData/arm-gnu-toolchain-13.3.rel1-mingw-w64-i686-arm-none-eabi/bin/../lib/gcc/arm-none-eabi/13.3.1/thumb/v8-m.base/nofp\libc_nano.a(libc_a-init.o)
 .ARM.attributes
                0x0800ebf4       0x30 D:/AppData/arm-gnu-toolchain-13.3.rel1-mingw-w64-i686-arm-none-eabi/bin/../lib/gcc/arm-none-eabi/13.3.1/thumb/v8-m.base/nofp\libc_nano.a(libc_a-lock.o)
 .ARM.attributes
                0x0800ec24       0x30 D:/AppData/arm-gnu-toolchain-13.3.rel1-mingw-w64-i686-arm-none-eabi/bin/../lib/gcc/arm-none-eabi/13.3.1/thumb/v8-m.base/nofp\libc_nano.a(libc_a-memchr-stub.o)
 .ARM.attributes
                0x0800ec54       0x1c D:/AppData/arm-gnu-toolchain-13.3.rel1-mingw-w64-i686-arm-none-eabi/bin/../lib/gcc/arm-none-eabi/13.3.1/thumb/v8-m.base/nofp\libc_nano.a(libc_a-strlen.o)
 .ARM.attributes
                0x0800ec70       0x30 D:/AppData/arm-gnu-toolchain-13.3.rel1-mingw-w64-i686-arm-none-eabi/bin/../lib/gcc/arm-none-eabi/13.3.1/thumb/v8-m.base/nofp\libc_nano.a(libm_a-sf_nan.o)
 .ARM.attributes
                0x0800eca0       0x30 D:/AppData/arm-gnu-toolchain-13.3.rel1-mingw-w64-i686-arm-none-eabi/bin/../lib/gcc/arm-none-eabi/13.3.1/thumb/v8-m.base/nofp\libc_nano.a(libc_a-dtoa.o)
 .ARM.attributes
                0x0800ecd0       0x30 D:/AppData/arm-gnu-toolchain-13.3.rel1-mingw-w64-i686-arm-none-eabi/bin/../lib/gcc/arm-none-eabi/13.3.1/thumb/v8-m.base/nofp\libc_nano.a(libc_a-freer.o)
 .ARM.attributes
                0x0800ed00       0x30 D:/AppData/arm-gnu-toolchain-13.3.rel1-mingw-w64-i686-arm-none-eabi/bin/../lib/gcc/arm-none-eabi/13.3.1/thumb/v8-m.base/nofp\libc_nano.a(libc_a-malloc.o)
 .ARM.attributes
                0x0800ed30       0x30 D:/AppData/arm-gnu-toolchain-13.3.rel1-mingw-w64-i686-arm-none-eabi/bin/../lib/gcc/arm-none-eabi/13.3.1/thumb/v8-m.base/nofp\libc_nano.a(libc_a-mallocr.o)
 .ARM.attributes
                0x0800ed60       0x30 D:/AppData/arm-gnu-toolchain-13.3.rel1-mingw-w64-i686-arm-none-eabi/bin/../lib/gcc/arm-none-eabi/13.3.1/thumb/v8-m.base/nofp\libc_nano.a(libc_a-mlock.o)
 .ARM.attributes
                0x0800ed90       0x30 D:/AppData/arm-gnu-toolchain-13.3.rel1-mingw-w64-i686-arm-none-eabi/bin/../lib/gcc/arm-none-eabi/13.3.1/thumb/v8-m.base/nofp\libc_nano.a(libc_a-mprec.o)
 .ARM.attributes
                0x0800edc0       0x30 D:/AppData/arm-gnu-toolchain-13.3.rel1-mingw-w64-i686-arm-none-eabi/bin/../lib/gcc/arm-none-eabi/13.3.1/thumb/v8-m.base/nofp\libc_nano.a(libc_a-strtod.o)
 .ARM.attributes
                0x0800edf0       0x30 D:/AppData/arm-gnu-toolchain-13.3.rel1-mingw-w64-i686-arm-none-eabi/bin/../lib/gcc/arm-none-eabi/13.3.1/thumb/v8-m.base/nofp\libc_nano.a(libc_a-strtol.o)
 .ARM.attributes
                0x0800ee20       0x30 D:/AppData/arm-gnu-toolchain-13.3.rel1-mingw-w64-i686-arm-none-eabi/bin/../lib/gcc/arm-none-eabi/13.3.1/thumb/v8-m.base/nofp\libc_nano.a(libc_a-ctype_.o)
 .ARM.attributes
                0x0800ee50       0x30 D:/AppData/arm-gnu-toolchain-13.3.rel1-mingw-w64-i686-arm-none-eabi/bin/../lib/gcc/arm-none-eabi/13.3.1/thumb/v8-m.base/nofp\libc_nano.a(libc_a-nano-svfprintf.o)
 .ARM.attributes
                0x0800ee80       0x30 D:/AppData/arm-gnu-toolchain-13.3.rel1-mingw-w64-i686-arm-none-eabi/bin/../lib/gcc/arm-none-eabi/13.3.1/thumb/v8-m.base/nofp\libc_nano.a(libc_a-fflush.o)
 .ARM.attributes
                0x0800eeb0       0x30 D:/AppData/arm-gnu-toolchain-13.3.rel1-mingw-w64-i686-arm-none-eabi/bin/../lib/gcc/arm-none-eabi/13.3.1/thumb/v8-m.base/nofp\libc_nano.a(libc_a-makebuf.o)
 .ARM.attributes
                0x0800eee0       0x30 D:/AppData/arm-gnu-toolchain-13.3.rel1-mingw-w64-i686-arm-none-eabi/bin/../lib/gcc/arm-none-eabi/13.3.1/thumb/v8-m.base/nofp\libc_nano.a(libc_a-memmove.o)
 .ARM.attributes
                0x0800ef10       0x30 D:/AppData/arm-gnu-toolchain-13.3.rel1-mingw-w64-i686-arm-none-eabi/bin/../lib/gcc/arm-none-eabi/13.3.1/thumb/v8-m.base/nofp\libc_nano.a(libc_a-strncmp.o)
 .ARM.attributes
                0x0800ef40       0x30 D:/AppData/arm-gnu-toolchain-13.3.rel1-mingw-w64-i686-arm-none-eabi/bin/../lib/gcc/arm-none-eabi/13.3.1/thumb/v8-m.base/nofp\libc_nano.a(libc_a-locale.o)
 .ARM.attributes
                0x0800ef70       0x30 D:/AppData/arm-gnu-toolchain-13.3.rel1-mingw-w64-i686-arm-none-eabi/bin/../lib/gcc/arm-none-eabi/13.3.1/thumb/v8-m.base/nofp\libc_nano.a(libc_a-fstatr.o)
 .ARM.attributes
                0x0800efa0       0x30 D:/AppData/arm-gnu-toolchain-13.3.rel1-mingw-w64-i686-arm-none-eabi/bin/../lib/gcc/arm-none-eabi/13.3.1/thumb/v8-m.base/nofp\libc_nano.a(libc_a-isattyr.o)
 .ARM.attributes
                0x0800efd0       0x30 D:/AppData/arm-gnu-toolchain-13.3.rel1-mingw-w64-i686-arm-none-eabi/bin/../lib/gcc/arm-none-eabi/13.3.1/thumb/v8-m.base/nofp\libc_nano.a(libc_a-sbrkr.o)
 .ARM.attributes
                0x0800f000       0x30 D:/AppData/arm-gnu-toolchain-13.3.rel1-mingw-w64-i686-arm-none-eabi/bin/../lib/gcc/arm-none-eabi/13.3.1/thumb/v8-m.base/nofp\libc_nano.a(libc_a-errno.o)
 .ARM.attributes
                0x0800f030       0x30 D:/AppData/arm-gnu-toolchain-13.3.rel1-mingw-w64-i686-arm-none-eabi/bin/../lib/gcc/arm-none-eabi/13.3.1/thumb/v8-m.base/nofp\libc_nano.a(libc_a-memcpy-stub.o)
 .ARM.attributes
                0x0800f060       0x30 D:/AppData/arm-gnu-toolchain-13.3.rel1-mingw-w64-i686-arm-none-eabi/bin/../lib/gcc/arm-none-eabi/13.3.1/thumb/v8-m.base/nofp\libc_nano.a(libm_a-s_nan.o)
 .ARM.attributes
                0x0800f090       0x30 D:/AppData/arm-gnu-toolchain-13.3.rel1-mingw-w64-i686-arm-none-eabi/bin/../lib/gcc/arm-none-eabi/13.3.1/thumb/v8-m.base/nofp\libc_nano.a(libc_a-assert.o)
 .ARM.attributes
                0x0800f0c0       0x30 D:/AppData/arm-gnu-toolchain-13.3.rel1-mingw-w64-i686-arm-none-eabi/bin/../lib/gcc/arm-none-eabi/13.3.1/thumb/v8-m.base/nofp\libc_nano.a(libc_a-callocr.o)
 .ARM.attributes
                0x0800f0f0       0x30 D:/AppData/arm-gnu-toolchain-13.3.rel1-mingw-w64-i686-arm-none-eabi/bin/../lib/gcc/arm-none-eabi/13.3.1/thumb/v8-m.base/nofp\libc_nano.a(libc_a-gdtoa-gethex.o)
 .ARM.attributes
                0x0800f120       0x30 D:/AppData/arm-gnu-toolchain-13.3.rel1-mingw-w64-i686-arm-none-eabi/bin/../lib/gcc/arm-none-eabi/13.3.1/thumb/v8-m.base/nofp\libc_nano.a(libc_a-gdtoa-hexnan.o)
 .ARM.attributes
                0x0800f150       0x30 D:/AppData/arm-gnu-toolchain-13.3.rel1-mingw-w64-i686-arm-none-eabi/bin/../lib/gcc/arm-none-eabi/13.3.1/thumb/v8-m.base/nofp\libc_nano.a(libc_a-mbtowc_r.o)
 .ARM.attributes
                0x0800f180       0x30 D:/AppData/arm-gnu-toolchain-13.3.rel1-mingw-w64-i686-arm-none-eabi/bin/../lib/gcc/arm-none-eabi/13.3.1/thumb/v8-m.base/nofp\libc_nano.a(libc_a-reallocr.o)
 .ARM.attributes
                0x0800f1b0       0x30 D:/AppData/arm-gnu-toolchain-13.3.rel1-mingw-w64-i686-arm-none-eabi/bin/../lib/gcc/arm-none-eabi/13.3.1/thumb/v8-m.base/nofp\libc_nano.a(libc_a-wctomb_r.o)
 .ARM.attributes
                0x0800f1e0       0x30 D:/AppData/arm-gnu-toolchain-13.3.rel1-mingw-w64-i686-arm-none-eabi/bin/../lib/gcc/arm-none-eabi/13.3.1/thumb/v8-m.base/nofp\libc_nano.a(libc_a-fprintf.o)
 .ARM.attributes
                0x0800f210       0x30 D:/AppData/arm-gnu-toolchain-13.3.rel1-mingw-w64-i686-arm-none-eabi/bin/../lib/gcc/arm-none-eabi/13.3.1/thumb/v8-m.base/nofp\libc_nano.a(libc_a-abort.o)
 .ARM.attributes
                0x0800f240       0x30 D:/AppData/arm-gnu-toolchain-13.3.rel1-mingw-w64-i686-arm-none-eabi/bin/../lib/gcc/arm-none-eabi/13.3.1/thumb/v8-m.base/nofp\libc_nano.a(libc_a-msizer.o)
 .ARM.attributes
                0x0800f270       0x30 D:/AppData/arm-gnu-toolchain-13.3.rel1-mingw-w64-i686-arm-none-eabi/bin/../lib/gcc/arm-none-eabi/13.3.1/thumb/v8-m.base/nofp\libc_nano.a(libc_a-nano-vfprintf.o)
 .ARM.attributes
                0x0800f2a0       0x30 D:/AppData/arm-gnu-toolchain-13.3.rel1-mingw-w64-i686-arm-none-eabi/bin/../lib/gcc/arm-none-eabi/13.3.1/thumb/v8-m.base/nofp\libc_nano.a(libc_a-signal.o)
 .ARM.attributes
                0x0800f2d0       0x30 D:/AppData/arm-gnu-toolchain-13.3.rel1-mingw-w64-i686-arm-none-eabi/bin/../lib/gcc/arm-none-eabi/13.3.1/thumb/v8-m.base/nofp\libc_nano.a(libc_a-signalr.o)
 .ARM.attributes
                0x0800f300       0x22 D:/AppData/arm-gnu-toolchain-13.3.rel1-mingw-w64-i686-arm-none-eabi/bin/../lib/gcc/arm-none-eabi/13.3.1/thumb/v8-m.base/nofp\libgcc.a(_thumb1_case_uqi.o)
 .ARM.attributes
                0x0800f322       0x22 D:/AppData/arm-gnu-toolchain-13.3.rel1-mingw-w64-i686-arm-none-eabi/bin/../lib/gcc/arm-none-eabi/13.3.1/thumb/v8-m.base/nofp\libgcc.a(_thumb1_case_shi.o)
 .ARM.attributes
                0x0800f344       0x22 D:/AppData/arm-gnu-toolchain-13.3.rel1-mingw-w64-i686-arm-none-eabi/bin/../lib/gcc/arm-none-eabi/13.3.1/thumb/v8-m.base/nofp\libgcc.a(_arm_cmpdf2.o)
 .ARM.attributes
                0x0800f366       0x22 D:/AppData/arm-gnu-toolchain-13.3.rel1-mingw-w64-i686-arm-none-eabi/bin/../lib/gcc/arm-none-eabi/13.3.1/thumb/v8-m.base/nofp\libgcc.a(_arm_cmpsf2.o)
 .ARM.attributes
                0x0800f388       0x30 D:/AppData/arm-gnu-toolchain-13.3.rel1-mingw-w64-i686-arm-none-eabi/bin/../lib/gcc/arm-none-eabi/13.3.1/thumb/v8-m.base/nofp\libgcc.a(_fixunssfsi.o)
 .ARM.attributes
                0x0800f3b8       0x30 D:/AppData/arm-gnu-toolchain-13.3.rel1-mingw-w64-i686-arm-none-eabi/bin/../lib/gcc/arm-none-eabi/13.3.1/thumb/v8-m.base/nofp\libgcc.a(_fixunsdfsi.o)
 .ARM.attributes
                0x0800f3e8       0x30 D:/AppData/arm-gnu-toolchain-13.3.rel1-mingw-w64-i686-arm-none-eabi/bin/../lib/gcc/arm-none-eabi/13.3.1/thumb/v8-m.base/nofp\libgcc.a(_fixdfdi.o)
 .ARM.attributes
                0x0800f418       0x30 D:/AppData/arm-gnu-toolchain-13.3.rel1-mingw-w64-i686-arm-none-eabi/bin/../lib/gcc/arm-none-eabi/13.3.1/thumb/v8-m.base/nofp\libgcc.a(_fixunsdfdi.o)
 .ARM.attributes
                0x0800f448       0x30 D:/AppData/arm-gnu-toolchain-13.3.rel1-mingw-w64-i686-arm-none-eabi/bin/../lib/gcc/arm-none-eabi/13.3.1/thumb/v8-m.base/nofp\libgcc.a(_floatdidf.o)
 .ARM.attributes
                0x0800f478       0x30 D:/AppData/arm-gnu-toolchain-13.3.rel1-mingw-w64-i686-arm-none-eabi/bin/../lib/gcc/arm-none-eabi/13.3.1/thumb/v8-m.base/nofp\libgcc.a(addsf3.o)
 .ARM.attributes
                0x0800f4a8       0x30 D:/AppData/arm-gnu-toolchain-13.3.rel1-mingw-w64-i686-arm-none-eabi/bin/../lib/gcc/arm-none-eabi/13.3.1/thumb/v8-m.base/nofp\libgcc.a(divsf3.o)
 .ARM.attributes
                0x0800f4d8       0x30 D:/AppData/arm-gnu-toolchain-13.3.rel1-mingw-w64-i686-arm-none-eabi/bin/../lib/gcc/arm-none-eabi/13.3.1/thumb/v8-m.base/nofp\libgcc.a(eqsf2.o)
 .ARM.attributes
                0x0800f508       0x30 D:/AppData/arm-gnu-toolchain-13.3.rel1-mingw-w64-i686-arm-none-eabi/bin/../lib/gcc/arm-none-eabi/13.3.1/thumb/v8-m.base/nofp\libgcc.a(gesf2.o)
 .ARM.attributes
                0x0800f538       0x30 D:/AppData/arm-gnu-toolchain-13.3.rel1-mingw-w64-i686-arm-none-eabi/bin/../lib/gcc/arm-none-eabi/13.3.1/thumb/v8-m.base/nofp\libgcc.a(lesf2.o)
 .ARM.attributes
                0x0800f568       0x30 D:/AppData/arm-gnu-toolchain-13.3.rel1-mingw-w64-i686-arm-none-eabi/bin/../lib/gcc/arm-none-eabi/13.3.1/thumb/v8-m.base/nofp\libgcc.a(mulsf3.o)
 .ARM.attributes
                0x0800f598       0x30 D:/AppData/arm-gnu-toolchain-13.3.rel1-mingw-w64-i686-arm-none-eabi/bin/../lib/gcc/arm-none-eabi/13.3.1/thumb/v8-m.base/nofp\libgcc.a(subsf3.o)
 .ARM.attributes
                0x0800f5c8       0x30 D:/AppData/arm-gnu-toolchain-13.3.rel1-mingw-w64-i686-arm-none-eabi/bin/../lib/gcc/arm-none-eabi/13.3.1/thumb/v8-m.base/nofp\libgcc.a(fixsfsi.o)
 .ARM.attributes
                0x0800f5f8       0x30 D:/AppData/arm-gnu-toolchain-13.3.rel1-mingw-w64-i686-arm-none-eabi/bin/../lib/gcc/arm-none-eabi/13.3.1/thumb/v8-m.base/nofp\libgcc.a(floatsisf.o)
 .ARM.attributes
                0x0800f628       0x30 D:/AppData/arm-gnu-toolchain-13.3.rel1-mingw-w64-i686-arm-none-eabi/bin/../lib/gcc/arm-none-eabi/13.3.1/thumb/v8-m.base/nofp\libgcc.a(floatunsisf.o)
 .ARM.attributes
                0x0800f658       0x30 D:/AppData/arm-gnu-toolchain-13.3.rel1-mingw-w64-i686-arm-none-eabi/bin/../lib/gcc/arm-none-eabi/13.3.1/thumb/v8-m.base/nofp\libgcc.a(adddf3.o)
 .ARM.attributes
                0x0800f688       0x30 D:/AppData/arm-gnu-toolchain-13.3.rel1-mingw-w64-i686-arm-none-eabi/bin/../lib/gcc/arm-none-eabi/13.3.1/thumb/v8-m.base/nofp\libgcc.a(divdf3.o)
 .ARM.attributes
                0x0800f6b8       0x30 D:/AppData/arm-gnu-toolchain-13.3.rel1-mingw-w64-i686-arm-none-eabi/bin/../lib/gcc/arm-none-eabi/13.3.1/thumb/v8-m.base/nofp\libgcc.a(eqdf2.o)
 .ARM.attributes
                0x0800f6e8       0x30 D:/AppData/arm-gnu-toolchain-13.3.rel1-mingw-w64-i686-arm-none-eabi/bin/../lib/gcc/arm-none-eabi/13.3.1/thumb/v8-m.base/nofp\libgcc.a(gedf2.o)
 .ARM.attributes
                0x0800f718       0x30 D:/AppData/arm-gnu-toolchain-13.3.rel1-mingw-w64-i686-arm-none-eabi/bin/../lib/gcc/arm-none-eabi/13.3.1/thumb/v8-m.base/nofp\libgcc.a(ledf2.o)
 .ARM.attributes
                0x0800f748       0x30 D:/AppData/arm-gnu-toolchain-13.3.rel1-mingw-w64-i686-arm-none-eabi/bin/../lib/gcc/arm-none-eabi/13.3.1/thumb/v8-m.base/nofp\libgcc.a(muldf3.o)
 .ARM.attributes
                0x0800f778       0x30 D:/AppData/arm-gnu-toolchain-13.3.rel1-mingw-w64-i686-arm-none-eabi/bin/../lib/gcc/arm-none-eabi/13.3.1/thumb/v8-m.base/nofp\libgcc.a(subdf3.o)
 .ARM.attributes
                0x0800f7a8       0x30 D:/AppData/arm-gnu-toolchain-13.3.rel1-mingw-w64-i686-arm-none-eabi/bin/../lib/gcc/arm-none-eabi/13.3.1/thumb/v8-m.base/nofp\libgcc.a(unorddf2.o)
 .ARM.attributes
                0x0800f7d8       0x30 D:/AppData/arm-gnu-toolchain-13.3.rel1-mingw-w64-i686-arm-none-eabi/bin/../lib/gcc/arm-none-eabi/13.3.1/thumb/v8-m.base/nofp\libgcc.a(fixdfsi.o)
 .ARM.attributes
                0x0800f808       0x30 D:/AppData/arm-gnu-toolchain-13.3.rel1-mingw-w64-i686-arm-none-eabi/bin/../lib/gcc/arm-none-eabi/13.3.1/thumb/v8-m.base/nofp\libgcc.a(floatsidf.o)
 .ARM.attributes
                0x0800f838       0x30 D:/AppData/arm-gnu-toolchain-13.3.rel1-mingw-w64-i686-arm-none-eabi/bin/../lib/gcc/arm-none-eabi/13.3.1/thumb/v8-m.base/nofp\libgcc.a(floatunsidf.o)
 .ARM.attributes
                0x0800f868       0x30 D:/AppData/arm-gnu-toolchain-13.3.rel1-mingw-w64-i686-arm-none-eabi/bin/../lib/gcc/arm-none-eabi/13.3.1/thumb/v8-m.base/nofp\libgcc.a(extendsfdf2.o)
 .ARM.attributes
                0x0800f898       0x30 D:/AppData/arm-gnu-toolchain-13.3.rel1-mingw-w64-i686-arm-none-eabi/bin/../lib/gcc/arm-none-eabi/13.3.1/thumb/v8-m.base/nofp\libgcc.a(truncdfsf2.o)
 .ARM.attributes
                0x0800f8c8       0x22 D:/AppData/arm-gnu-toolchain-13.3.rel1-mingw-w64-i686-arm-none-eabi/bin/../lib/gcc/arm-none-eabi/13.3.1/thumb/v8-m.base/nofp\libgcc.a(_clzsi2.o)
 .ARM.attributes
                0x0800f8ea       0x30 D:/AppData/arm-gnu-toolchain-13.3.rel1-mingw-w64-i686-arm-none-eabi/bin/../lib/gcc/arm-none-eabi/13.3.1/thumb/v8-m.base/nofp/crtend.o
 .ARM.attributes
                0x0800f91a       0x22 D:/AppData/arm-gnu-toolchain-13.3.rel1-mingw-w64-i686-arm-none-eabi/bin/../lib/gcc/arm-none-eabi/13.3.1/thumb/v8-m.base/nofp/crtn.o

.preinit_array  0x0800e430        0x0
                0x0800e430                        PROVIDE (__preinit_array_start = .)
 *(.preinit_array*)
                0x0800e430                        PROVIDE (__preinit_array_end = .)

.init_array     0x0800e430        0x4
                0x0800e430                        PROVIDE (__init_array_start = .)
 *(SORT_BY_NAME(.init_array.*))
 *(.init_array*)
 .init_array    0x0800e430        0x4 D:/AppData/arm-gnu-toolchain-13.3.rel1-mingw-w64-i686-arm-none-eabi/bin/../lib/gcc/arm-none-eabi/13.3.1/thumb/v8-m.base/nofp/crtbegin.o
                0x0800e434                        PROVIDE (__init_array_end = .)

.fini_array     0x0800e434        0x4
                [!provide]                        PROVIDE (__fini_array_start = .)
 *(.fini_array*)
 .fini_array    0x0800e434        0x4 D:/AppData/arm-gnu-toolchain-13.3.rel1-mingw-w64-i686-arm-none-eabi/bin/../lib/gcc/arm-none-eabi/13.3.1/thumb/v8-m.base/nofp/crtbegin.o
 *(SORT_BY_NAME(.fini_array.*))
                [!provide]                        PROVIDE (__fini_array_end = .)
                0x0800e438                        _sidata = LOADADDR (.data)

.data           0x20000000      0x1d4 load address 0x0800e438
                0x20000000                        . = ALIGN (0x4)
                0x20000000                        _sdata = .
 *(.data)
 *(.data*)
 .data.curbrk.0
                0x20000000        0x4 build/syscalls.o
 .data.SystemCoreClock
                0x20000004        0x4 build/system_gd32e23x.o
                0x20000004                SystemCoreClock
 .data.first_point.2
                0x20000008        0x1 build/lcd.o
 *fill*         0x20000009        0x3 
 .data.__sglue  0x2000000c        0xc D:/AppData/arm-gnu-toolchain-13.3.rel1-mingw-w64-i686-arm-none-eabi/bin/../lib/gcc/arm-none-eabi/13.3.1/thumb/v8-m.base/nofp\libc_nano.a(libc_a-findfp.o)
                0x2000000c                __sglue
 .data._impure_ptr
                0x20000018        0x4 D:/AppData/arm-gnu-toolchain-13.3.rel1-mingw-w64-i686-arm-none-eabi/bin/../lib/gcc/arm-none-eabi/13.3.1/thumb/v8-m.base/nofp\libc_nano.a(libc_a-impure.o)
                0x20000018                _impure_ptr
 .data._impure_data
                0x2000001c       0x4c D:/AppData/arm-gnu-toolchain-13.3.rel1-mingw-w64-i686-arm-none-eabi/bin/../lib/gcc/arm-none-eabi/13.3.1/thumb/v8-m.base/nofp\libc_nano.a(libc_a-impure.o)
                0x2000001c                _impure_data
 .data.__global_locale
                0x20000068      0x16c D:/AppData/arm-gnu-toolchain-13.3.rel1-mingw-w64-i686-arm-none-eabi/bin/../lib/gcc/arm-none-eabi/13.3.1/thumb/v8-m.base/nofp\libc_nano.a(libc_a-locale.o)
                0x20000068                __global_locale
                0x200001d4                        . = ALIGN (0x4)
                0x200001d4                        _edata = .

.tm_clone_table
                0x200001d4        0x0 load address 0x0800e60c
 .tm_clone_table
                0x200001d4        0x0 D:/AppData/arm-gnu-toolchain-13.3.rel1-mingw-w64-i686-arm-none-eabi/bin/../lib/gcc/arm-none-eabi/13.3.1/thumb/v8-m.base/nofp/crtbegin.o
 .tm_clone_table
                0x200001d4        0x0 D:/AppData/arm-gnu-toolchain-13.3.rel1-mingw-w64-i686-arm-none-eabi/bin/../lib/gcc/arm-none-eabi/13.3.1/thumb/v8-m.base/nofp/crtend.o

.igot.plt       0x200001d4        0x0 load address 0x0800e60c
 .igot.plt      0x200001d4        0x0 D:/AppData/arm-gnu-toolchain-13.3.rel1-mingw-w64-i686-arm-none-eabi/bin/../lib/gcc/arm-none-eabi/13.3.1/thumb/v8-m.base/nofp/crtbegin.o
                0x200001d4                        . = ALIGN (0x4)

.bss            0x200001d4      0x2e0 load address 0x0800e60c
                0x200001d4                        _sbss = .
                0x200001d4                        __bss_start__ = _sbss
 *(.bss)
 *(.bss*)
 .bss.completed.1