Archive member included to satisfy reference by file (symbol)

D:/AppData/arm-gnu-toolchain-13.3.rel1-mingw-w64-i686-arm-none-eabi/bin/../lib/gcc/arm-none-eabi/13.3.1/thumb/v8-m.base/nofp\libc_nano.a(libc_a-exit.o)
                              D:/AppData/arm-gnu-toolchain-13.3.rel1-mingw-w64-i686-arm-none-eabi/bin/../lib/gcc/arm-none-eabi/13.3.1/thumb/v8-m.base/nofp/crt0.o (exit)
D:/AppData/arm-gnu-toolchain-13.3.rel1-mingw-w64-i686-arm-none-eabi/bin/../lib/gcc/arm-none-eabi/13.3.1/thumb/v8-m.base/nofp\libc_nano.a(libc_a-nano-vfprintf_float.o)
                              (_printf_float)
D:/AppData/arm-gnu-toolchain-13.3.rel1-mingw-w64-i686-arm-none-eabi/bin/../lib/gcc/arm-none-eabi/13.3.1/thumb/v8-m.base/nofp\libc_nano.a(libc_a-nano-vfprintf_i.o)
                              D:/AppData/arm-gnu-toolchain-13.3.rel1-mingw-w64-i686-arm-none-eabi/bin/../lib/gcc/arm-none-eabi/13.3.1/thumb/v8-m.base/nofp\libc_nano.a(libc_a-nano-vfprintf_float.o) (_printf_common)
D:/AppData/arm-gnu-toolchain-13.3.rel1-mingw-w64-i686-arm-none-eabi/bin/../lib/gcc/arm-none-eabi/13.3.1/thumb/v8-m.base/nofp\libc_nano.a(libc_a-nano-vfscanf_float.o)
                              (_scanf_float)
D:/AppData/arm-gnu-toolchain-13.3.rel1-mingw-w64-i686-arm-none-eabi/bin/../lib/gcc/arm-none-eabi/13.3.1/thumb/v8-m.base/nofp\libc_nano.a(libc_a-findfp.o)
                              D:/AppData/arm-gnu-toolchain-13.3.rel1-mingw-w64-i686-arm-none-eabi/bin/../lib/gcc/arm-none-eabi/13.3.1/thumb/v8-m.base/nofp\libc_nano.a(libc_a-exit.o) (__stdio_exit_handler)
D:/AppData/arm-gnu-toolchain-13.3.rel1-mingw-w64-i686-arm-none-eabi/bin/../lib/gcc/arm-none-eabi/13.3.1/thumb/v8-m.base/nofp\libc_nano.a(libc_a-fwalk.o)
                              D:/AppData/arm-gnu-toolchain-13.3.rel1-mingw-w64-i686-arm-none-eabi/bin/../lib/gcc/arm-none-eabi/13.3.1/thumb/v8-m.base/nofp\libc_nano.a(libc_a-findfp.o) (_fwalk_sglue)
D:/AppData/arm-gnu-toolchain-13.3.rel1-mingw-w64-i686-arm-none-eabi/bin/../lib/gcc/arm-none-eabi/13.3.1/thumb/v8-m.base/nofp\libc_nano.a(libc_a-sprintf.o)
                              D:/AppData/arm-gnu-toolchain-13.3.rel1-mingw-w64-i686-arm-none-eabi/bin/../lib/gcc/arm-none-eabi/13.3.1/thumb/v8-m.base/nofp\libc_nano.a(libc_a-nano-vfscanf_float.o) (sprintf)
D:/AppData/arm-gnu-toolchain-13.3.rel1-mingw-w64-i686-arm-none-eabi/bin/../lib/gcc/arm-none-eabi/13.3.1/thumb/v8-m.base/nofp\libc_nano.a(libc_a-stdio.o)
                              D:/AppData/arm-gnu-toolchain-13.3.rel1-mingw-w64-i686-arm-none-eabi/bin/../lib/gcc/arm-none-eabi/13.3.1/thumb/v8-m.base/nofp\libc_nano.a(libc_a-findfp.o) (__sread)
D:/AppData/arm-gnu-toolchain-13.3.rel1-mingw-w64-i686-arm-none-eabi/bin/../lib/gcc/arm-none-eabi/13.3.1/thumb/v8-m.base/nofp\libc_nano.a(libc_a-memset.o)
                              D:/AppData/arm-gnu-toolchain-13.3.rel1-mingw-w64-i686-arm-none-eabi/bin/../lib/gcc/arm-none-eabi/13.3.1/thumb/v8-m.base/nofp/crt0.o (memset)
D:/AppData/arm-gnu-toolchain-13.3.rel1-mingw-w64-i686-arm-none-eabi/bin/../lib/gcc/arm-none-eabi/13.3.1/thumb/v8-m.base/nofp\libc_nano.a(libc_a-localeconv.o)
                              D:/AppData/arm-gnu-toolchain-13.3.rel1-mingw-w64-i686-arm-none-eabi/bin/../lib/gcc/arm-none-eabi/13.3.1/thumb/v8-m.base/nofp\libc_nano.a(libc_a-nano-vfprintf_float.o) (_localeconv_r)
D:/AppData/arm-gnu-toolchain-13.3.rel1-mingw-w64-i686-arm-none-eabi/bin/../lib/gcc/arm-none-eabi/13.3.1/thumb/v8-m.base/nofp\libc_nano.a(libc_a-closer.o)
                              D:/AppData/arm-gnu-toolchain-13.3.rel1-mingw-w64-i686-arm-none-eabi/bin/../lib/gcc/arm-none-eabi/13.3.1/thumb/v8-m.base/nofp\libc_nano.a(libc_a-stdio.o) (_close_r)
D:/AppData/arm-gnu-toolchain-13.3.rel1-mingw-w64-i686-arm-none-eabi/bin/../lib/gcc/arm-none-eabi/13.3.1/thumb/v8-m.base/nofp\libc_nano.a(libc_a-reent.o)
                              build/syscalls.o (errno)
D:/AppData/arm-gnu-toolchain-13.3.rel1-mingw-w64-i686-arm-none-eabi/bin/../lib/gcc/arm-none-eabi/13.3.1/thumb/v8-m.base/nofp\libc_nano.a(libc_a-impure.o)
                              D:/AppData/arm-gnu-toolchain-13.3.rel1-mingw-w64-i686-arm-none-eabi/bin/../lib/gcc/arm-none-eabi/13.3.1/thumb/v8-m.base/nofp\libc_nano.a(libc_a-sprintf.o) (_impure_ptr)
D:/AppData/arm-gnu-toolchain-13.3.rel1-mingw-w64-i686-arm-none-eabi/bin/../lib/gcc/arm-none-eabi/13.3.1/thumb/v8-m.base/nofp\libc_nano.a(libc_a-lseekr.o)
                              D:/AppData/arm-gnu-toolchain-13.3.rel1-mingw-w64-i686-arm-none-eabi/bin/../lib/gcc/arm-none-eabi/13.3.1/thumb/v8-m.base/nofp\libc_nano.a(libc_a-stdio.o) (_lseek_r)
D:/AppData/arm-gnu-toolchain-13.3.rel1-mingw-w64-i686-arm-none-eabi/bin/../lib/gcc/arm-none-eabi/13.3.1/thumb/v8-m.base/nofp\libc_nano.a(libc_a-readr.o)
                              D:/AppData/arm-gnu-toolchain-13.3.rel1-mingw-w64-i686-arm-none-eabi/bin/../lib/gcc/arm-none-eabi/13.3.1/thumb/v8-m.base/nofp\libc_nano.a(libc_a-stdio.o) (_read_r)
[...]
Memory Configuration

Name             Origin             Length             Attributes
FLASH            0x08000000         0x00010000         xr
RAM              0x20000000         0x00002000         xrw
*default*        0x00000000         0xffffffff

Linker script and memory map

LOAD D:/AppData/arm-gnu-toolchain-13.3.rel1-mingw-w64-i686-arm-none-eabi/bin/../lib/gcc/arm-none-eabi/13.3.1/thumb/v8-m.base/nofp/crti.o
LOAD D:/AppData/arm-gnu-toolchain-13.3.rel1-mingw-w64-i686-arm-none-eabi/bin/../lib/gcc/arm-none-eabi/13.3.1/thumb/v8-m.base/nofp/crtbegin.o
LOAD D:/AppData/arm-gnu-toolchain-13.3.rel1-mingw-w64-i686-arm-none-eabi/bin/../lib/gcc/arm-none-eabi/13.3.1/thumb/v8-m.base/nofp/crt0.o
LOAD build/main.o
LOAD build/systick.o
LOAD build/gd32e23x_it.o
LOAD build/log.o
LOAD build/app.o
LOAD build/peripheral.o
LOAD build/gd32e23x_adc.o
LOAD build/gd32e23x_cmp.o
LOAD build/gd32e23x_crc.o
LOAD build/gd32e23x_dbg.o
LOAD build/gd32e23x_dma.o
LOAD build/gd32e23x_exti.o
LOAD build/gd32e23x_fmc.o
LOAD build/gd32e23x_fwdgt.o
LOAD build/gd32e23x_gpio.o
LOAD build/gd32e23x_i2c.o
LOAD build/gd32e23x_misc.o
LOAD build/gd32e23x_pmu.o
LOAD build/gd32e23x_rcu.o
LOAD build/gd32e23x_rtc.o
LOAD build/gd32e23x_spi.o
LOAD build/gd32e23x_syscfg.o
LOAD build/gd32e23x_timer.o
LOAD build/gd32e23x_usart.o
LOAD build/gd32e23x_wwdgt.o
LOAD build/syscalls.o
LOAD build/system_gd32e23x.o
LOAD build/lcd.o
LOAD build/startup_gd32e23x.o
LOAD D:/AppData/arm-gnu-toolchain-13.3.rel1-mingw-w64-i686-arm-none-eabi/bin/../lib/gcc/arm-none-eabi/13.3.1/thumb/v8-m.base/nofp\libc_nano.a
LOAD D:/AppData/arm-gnu-toolchain-13.3.rel1-mingw-w64-i686-arm-none-eabi/bin/../lib/gcc/arm-none-eabi/13.3.1/thumb/v8-m.base/nofp\libm.a
LOAD D:/AppData/arm-gnu-toolchain-13.3.rel1-mingw-w64-i686-arm-none-eabi/bin/../lib/gcc/arm-none-eabi/13.3.1/thumb/v8-m.base/nofp\libnosys.a
START GROUP
LOAD D:/AppData/arm-gnu-toolchain-13.3.rel1-mingw-w64-i686-arm-none-eabi/bin/../lib/gcc/arm-none-eabi/13.3.1/thumb/v8-m.base/nofp\libgcc.a
LOAD D:/AppData/arm-gnu-toolchain-13.3.rel1-mingw-w64-i686-arm-none-eabi/bin/../lib/gcc/arm-none-eabi/13.3.1/thumb/v8-m.base/nofp\libc_nano.a
END GROUP
START GROUP
LOAD D:/AppData/arm-gnu-toolchain-13.3.rel1-mingw-w64-i686-arm-none-eabi/bin/../lib/gcc/arm-none-eabi/13.3.1/thumb/v8-m.base/nofp\libgcc.a
LOAD D:/AppData/arm-gnu-toolchain-13.3.rel1-mingw-w64-i686-arm-none-eabi/bin/../lib/gcc/arm-none-eabi/13.3.1/thumb/v8-m.base/nofp\libc_nano.a
END GROUP
LOAD D:/AppData/arm-gnu-toolchain-13.3.rel1-mingw-w64-i686-arm-none-eabi/bin/../lib/gcc/arm-none-eabi/13.3.1/thumb/v8-m.base/nofp/crtend.o
LOAD D:/AppData/arm-gnu-toolchain-13.3.rel1-mingw-w64-i686-arm-none-eabi/bin/../lib/gcc/arm-none-eabi/13.3.1/thumb/v8-m.base/nofp/crtn.o
                0x00001800                        __stack_size = DEFINED (__stack_size)?__stack_size:0x1800

.vectors        0x08000000       0xcc
                0x08000000                        . = ALIGN (0x4)
 *(.vectors)
 .vectors       0x08000000       0xcc build/startup_gd32e23x.o
                0x08000000                __gVectors
                0x080000cc                        . = ALIGN (0x4)
                0x080000cc                        __Vectors_End = .
                0x080000cc                        __Vectors_Size = (__Vectors_End - __gVectors)

.text           0x080000cc     0xa248
                0x080000cc                        . = ALIGN (0x4)
 *(.text)
 .text          0x080000cc        0xe D:/AppData/arm-gnu-toolchain-13.3.rel1-mingw-w64-i686-arm-none-eabi/bin/../lib/gcc/arm-none-eabi/13.3.1/thumb/v8-m.base/nofp\libc_nano.a(libc_a-strlen.o)
                0x080000cc                strlen
 *fill*         0x080000da        0x2 
 .text          0x080000dc       0x14 D:/AppData/arm-gnu-toolchain-13.3.rel1-mingw-w64-i686-arm-none-eabi/bin/../lib/gcc/arm-none-eabi/13.3.1/thumb/v8-m.base/nofp\libgcc.a(_thumb1_case_uqi.o)
                0x080000dc                __gnu_thumb1_case_uqi
 .text          0x080000f0       0x14 D:/AppData/arm-gnu-toolchain-13.3.rel1-mingw-w64-i686-arm-none-eabi/bin/../lib/gcc/arm-none-eabi/13.3.1/thumb/v8-m.base/nofp\libgcc.a(_thumb1_case_shi.o)
                0x080000f0                __gnu_thumb1_case_shi
 .text          0x08000104       0x7c D:/AppData/arm-gnu-toolchain-13.3.rel1-mingw-w64-i686-arm-none-eabi/bin/../lib/gcc/arm-none-eabi/13.3.1/thumb/v8-m.base/nofp\libgcc.a(_arm_cmpdf2.o)
                0x08000104                __aeabi_cdrcmple
                0x08000114                __aeabi_cdcmple
                0x08000114                __aeabi_cdcmpeq
                0x08000124                __aeabi_dcmpeq
                0x08000130                __aeabi_dcmplt
                0x08000144                __aeabi_dcmple
                0x08000158                __aeabi_dcmpgt
                0x0800016c                __aeabi_dcmpge
 .text          0x08000180       0x74 D:/AppData/arm-gnu-toolchain-13.3.rel1-mingw-w64-i686-arm-none-eabi/bin/../lib/gcc/arm-none-eabi/13.3.1/thumb/v8-m.base/nofp\libgcc.a(_arm_cmpsf2.o)
                0x08000180                __aeabi_cfrcmple
                0x08000188                __aeabi_cfcmpeq
                0x08000188                __aeabi_cfcmple
                0x08000198                __aeabi_fcmpeq
                0x080001a4                __aeabi_fcmplt
                0x080001b8                __aeabi_fcmple
                0x080001cc                __aeabi_fcmpgt
                0x080001e0                __aeabi_fcmpge
 .text          0x080001f4       0x3c D:/AppData/arm-gnu-toolchain-13.3.rel1-mingw-w64-i686-arm-none-eabi/bin/../lib/gcc/arm-none-eabi/13.3.1/thumb/v8-m.base/nofp\libgcc.a(_clzsi2.o)
                0x080001f4                __clzsi2
 *(.text*)
 .text.deregister_tm_clones
                0x08000230       0x24 D:/AppData/arm-gnu-toolchain-13.3.rel1-mingw-w64-i686-arm-none-eabi/bin/../lib/gcc/arm-none-eabi/13.3.1/thumb/v8-m.base/nofp/crtbegin.o
 .text.register_tm_clones
                0x08000254       0x2c D:/AppData/arm-gnu-toolchain-13.3.rel1-mingw-w64-i686-arm-none-eabi/bin/../lib/gcc/arm-none-eabi/13.3.1/thumb/v8-m.base/nofp/crtbegin.o
 .text.__do_global_dtors_aux
                0x08000280       0x30 D:/AppData/arm-gnu-toolchain-13.3.rel1-mingw-w64-i686-arm-none-eabi/bin/../lib/gcc/arm-none-eabi/13.3.1/thumb/v8-m.base/nofp/crtbegin.o
 .text.frame_dummy
                0x080002b0       0x28 D:/AppData/arm-gnu-toolchain-13.3.rel1-mingw-w64-i686-arm-none-eabi/bin/../lib/gcc/arm-none-eabi/13.3.1/thumb/v8-m.base/nofp/crtbegin.o
 .text.main     0x080002d8       0x10 build/main.o
                0x080002d8                main
 .text.SysTick_Config
                0x080002e8       0x3a build/systick.o
 .text.systick_config
                0x08000322       0x2e build/systick.o
                0x08000322                systick_config
 .text.delay_1ms
                0x08000350       0x1a build/systick.o
                0x08000350                delay_1ms
 .text.delay_decrement
                0x0800036a       0x1c build/systick.o
                0x0800036a                delay_decrement
 .text.NMI_Handler
                0x08000386        0x2 build/gd32e23x_it.o
                0x08000386                NMI_Handler
 .text.HardFault_Handler
                0x08000388        0x2 build/gd32e23x_it.o
                0x08000388                HardFault_Handler
 .text.SVC_Handler
                0x0800038a        0x2 build/gd32e23x_it.o
                0x0800038a                SVC_Handler
 .text.PendSV_Handler
                0x0800038c        0x2 build/gd32e23x_it.o
                0x0800038c                PendSV_Handler
 .text.SysTick_Handler
                0x0800038e        0x8 build/gd32e23x_it.o
                0x0800038e                SysTick_Handler
 *fill*         0x08000396        0x2 
 .text.EXTI4_15_IRQHandler
                0x08000398      0x28c build/gd32e23x_it.o
                0x08000398                EXTI4_15_IRQHandler
 .text.DMA_Channel0_IRQHandler
                0x08000624       0x36 build/gd32e23x_it.o
                0x08000624                DMA_Channel0_IRQHandler
 .text.TIMER15_IRQHandler
                0x0800065a       0x58 build/gd32e23x_it.o
                0x0800065a                TIMER15_IRQHandler
 .text.TIMER2_IRQHandler
                0x080006b2       0xba build/gd32e23x_it.o
                0x080006b2                TIMER2_IRQHandler
 .text.EM_LOG   0x0800076c        0x6 build/log.o
                0x0800076c                EM_LOG
 .text.AppInterface
                0x08000772       0xbe build/app.o
                0x08000772                AppInterface
 .text.AppStateDisplay
                0x08000830      0x1c0 build/app.o
                0x08000830                AppStateDisplay
 .text.WaveformDisplay
                0x080009f0      0x148 build/app.o
                0x080009f0                WaveformDisplay
 .text.AppInit  0x08000b38       0x8e build/app.o
                0x08000b38                AppInit
 .text.AppStart
                0x08000bc6      0x308 build/app.o
                0x08000bc6                AppStart
 .text.RCUConfig
                0x08000ece       0x42 build/peripheral.o
                0x08000ece                RCUConfig
 .text.GPIOConfig
                0x08000f10      0x124 build/peripheral.o
                0x08000f10                GPIOConfig
 .text.GPIO13_14InterruptEnable
                0x08001034       0x4c build/peripheral.o
                0x08001034                GPIO13_14InterruptEnable
 .text.Timer14Config
                0x08001080       0x9e build/peripheral.o
                0x08001080                Timer14Config
 .text.TIMConfig
                0x0800111e       0xcc build/peripheral.o
                0x0800111e                TIMConfig
 .text.ADCConfig
                0x080011ea       0x62 build/peripheral.o
                0x080011ea                ADCConfig
 .text.DMAConfig
                0x0800124c       0x74 build/peripheral.o
                0x0800124c                DMAConfig
 .text.SPIConfig
                0x080012c0       0x48 build/peripheral.o
                0x080012c0                SPIConfig
 .text.adc_enable
                0x08001308       0x20 build/gd32e23x_adc.o
                0x08001308                adc_enable
 .text.adc_calibration_enable
                0x08001328       0x3e build/gd32e23x_adc.o
                0x08001328                adc_calibration_enable
 .text.adc_dma_mode_enable
                0x08001366       0x14 build/gd32e23x_adc.o
                0x08001366                adc_dma_mode_enable
 *fill*         0x0800137a        0x2 
 .text.adc_special_function_config
                0x0800137c       0x8c build/gd32e23x_adc.o
                0x0800137c                adc_special_function_config
 .text.adc_data_alignment_config
                0x08001408       0x2c build/gd32e23x_adc.o
                0x08001408                adc_data_alignment_config
 .text.adc_channel_length_config
                0x08001434       0x54 build/gd32e23x_adc.o
                0x08001434                adc_channel_length_config
 .text.adc_regular_channel_config
                0x08001488       0xb2 build/gd32e23x_adc.o
                0x08001488                adc_regular_channel_config
 *fill*         0x0800153a        0x2 
 .text.adc_external_trigger_config
                0x0800153c       0x64 build/gd32e23x_adc.o
                0x0800153c                adc_external_trigger_config
 .text.adc_external_trigger_source_config
                0x080015a0       0x40 build/gd32e23x_adc.o
                0x080015a0                adc_external_trigger_source_config
 .text.adc_software_trigger_enable
                0x080015e0       0x2e build/gd32e23x_adc.o
                0x080015e0                adc_software_trigger_enable
 .text.dma_deinit
                0x0800160e       0x4e build/gd32e23x_dma.o
                0x0800160e                dma_deinit
 .text.dma_struct_para_init
                0x0800165c       0x16 build/gd32e23x_dma.o
                0x0800165c                dma_struct_para_init
 .text.dma_circulation_enable
                0x08001672       0x1a build/gd32e23x_dma.o
                0x08001672                dma_circulation_enable
 .text.dma_channel_enable
                0x0800168c       0x1a build/gd32e23x_dma.o
                0x0800168c                dma_channel_enable
 .text.dma_channel_disable
                0x080016a6       0x1a build/gd32e23x_dma.o
                0x080016a6                dma_channel_disable
 .text.dma_init
                0x080016c0       0xa4 build/gd32e23x_dma.o
                0x080016c0                dma_init
 .text.dma_transfer_number_config
                0x08001764       0x1a build/gd32e23x_dma.o
                0x08001764                dma_transfer_number_config
 .text.dma_interrupt_flag_get
                0x0800177e       0x8a build/gd32e23x_dma.o
                0x0800177e                dma_interrupt_flag_get
 .text.dma_interrupt_flag_clear
                0x08001808       0x12 build/gd32e23x_dma.o
                0x08001808                dma_interrupt_flag_clear
 .text.dma_interrupt_enable
                0x0800181a       0x18 build/gd32e23x_dma.o
                0x0800181a                dma_interrupt_enable
 .text.exti_init
                0x08001832       0xc4 build/gd32e23x_exti.o
                0x08001832                exti_init
 .text.exti_interrupt_enable
                0x080018f6       0x10 build/gd32e23x_exti.o
                0x080018f6                exti_interrupt_enable
 .text.exti_interrupt_disable
                0x08001906       0x10 build/gd32e23x_exti.o
                0x08001906                exti_interrupt_disable
 .text.exti_interrupt_flag_get
                0x08001916       0x16 build/gd32e23x_exti.o
                0x08001916                exti_interrupt_flag_get
 .text.exti_interrupt_flag_clear
                0x0800192c        0xc build/gd32e23x_exti.o
                0x0800192c                exti_interrupt_flag_clear
 .text.gpio_mode_set
                0x08001938       0x4e build/gd32e23x_gpio.o
                0x08001938                gpio_mode_set
 .text.gpio_output_options_set
                0x08001986       0x3e build/gd32e23x_gpio.o
                0x08001986                gpio_output_options_set
 .text.gpio_bit_set
                0x080019c4        0x4 build/gd32e23x_gpio.o
                0x080019c4                gpio_bit_set
 .text.gpio_bit_reset
                0x080019c8        0x4 build/gd32e23x_gpio.o
                0x080019c8                gpio_bit_reset
 .text.gpio_input_bit_get
                0x080019cc        0xe build/gd32e23x_gpio.o
                0x080019cc                gpio_input_bit_get
 .text.gpio_af_set
                0x080019da       0x58 build/gd32e23x_gpio.o
                0x080019da                gpio_af_set
 .text.__NVIC_SetPriority
                0x08001a32       0x62 build/gd32e23x_misc.o
 .text.nvic_irq_enable
                0x08001a94       0x28 build/gd32e23x_misc.o
                0x08001a94                nvic_irq_enable
 .text.nvic_vector_table_set
                0x08001abc       0x1c build/gd32e23x_misc.o
                0x08001abc                nvic_vector_table_set
 .text.rcu_periph_clock_enable
                0x08001ad8       0x1c build/gd32e23x_rcu.o
                0x08001ad8                rcu_periph_clock_enable
 .text.rcu_periph_clock_disable
                0x08001af4       0x1c build/gd32e23x_rcu.o
                0x08001af4                rcu_periph_clock_disable
 .text.rcu_periph_reset_enable
                0x08001b10       0x1c build/gd32e23x_rcu.o
                0x08001b10                rcu_periph_reset_enable
 .text.rcu_periph_reset_disable
                0x08001b2c       0x1c build/gd32e23x_rcu.o
                0x08001b2c                rcu_periph_reset_disable
 .text.rcu_adc_clock_config
                0x08001b48      0x1c4 build/gd32e23x_rcu.o
                0x08001b48                rcu_adc_clock_config
 .text.spi_i2s_deinit
                0x08001d0c       0x3e build/gd32e23x_spi.o
                0x08001d0c                spi_i2s_deinit
 .text.spi_struct_para_init
                0x08001d4a       0x16 build/gd32e23x_spi.o
                0x08001d4a                spi_struct_para_init
 .text.spi_init
                0x08001d60       0x90 build/gd32e23x_spi.o
                0x08001d60                spi_init
 .text.spi_enable
                0x08001df0        0xa build/gd32e23x_spi.o
                0x08001df0                spi_enable
 .text.spi_i2s_data_transmit
                0x08001dfa       0x1e build/gd32e23x_spi.o
                0x08001dfa                spi_i2s_data_transmit
 .text.spi_i2s_flag_get
                0x08001e18       0x32 build/gd32e23x_spi.o
                0x08001e18                spi_i2s_flag_get
 .text.syscfg_exti_line_config
                0x08001e4a       0x70 build/gd32e23x_syscfg.o
                0x08001e4a                syscfg_exti_line_config
 .text.timer_deinit
                0x08001eba       0xe0 build/gd32e23x_timer.o
                0x08001eba                timer_deinit
 .text.timer_struct_para_init
                0x08001f9a       0x14 build/gd32e23x_timer.o
                0x08001f9a                timer_struct_para_init
 *fill*         0x08001fae        0x2 
 .text.timer_init
                0x08001fb0       0xd4 build/gd32e23x_timer.o
                0x08001fb0                timer_init
 .text.timer_enable
                0x08002084        0xa build/gd32e23x_timer.o
                0x08002084                timer_enable
 .text.timer_disable
                0x0800208e        0xa build/gd32e23x_timer.o
                0x0800208e                timer_disable
 .text.timer_auto_reload_shadow_enable
                0x08002098        0xa build/gd32e23x_timer.o
                0x08002098                timer_auto_reload_shadow_enable
 .text.timer_autoreload_value_config
                0x080020a2        0x4 build/gd32e23x_timer.o
                0x080020a2                timer_autoreload_value_config
 .text.timer_counter_value_config
                0x080020a6        0x4 build/gd32e23x_timer.o
                0x080020a6                timer_counter_value_config
 .text.timer_interrupt_enable
                0x080020aa        0x8 build/gd32e23x_timer.o
                0x080020aa                timer_interrupt_enable
 .text.timer_interrupt_flag_get
                0x080020b2       0x18 build/gd32e23x_timer.o
                0x080020b2                timer_interrupt_flag_get
 .text.timer_interrupt_flag_clear
                0x080020ca        0x6 build/gd32e23x_timer.o
                0x080020ca                timer_interrupt_flag_clear
 .text.timer_primary_output_config
                0x080020d0       0x20 build/gd32e23x_timer.o
                0x080020d0                timer_primary_output_config
 .text.timer_channel_output_struct_para_init
                0x080020f0       0x10 build/gd32e23x_timer.o
                0x080020f0                timer_channel_output_struct_para_init
 .text.timer_channel_output_config
                0x08002100      0x248 build/gd32e23x_timer.o
                0x08002100                timer_channel_output_config
 .text.timer_channel_output_mode_config
                0x08002348       0x58 build/gd32e23x_timer.o
                0x08002348                timer_channel_output_mode_config
 .text.timer_channel_output_pulse_value_config
                0x080023a0       0x20 build/gd32e23x_timer.o
                0x080023a0                timer_channel_output_pulse_value_config
 .text.timer_channel_output_shadow_config
                0x080023c0       0x58 build/gd32e23x_timer.o
                0x080023c0                timer_channel_output_shadow_config
 .text.timer_channel_input_capture_prescaler_config
                0x08002418       0x58 build/gd32e23x_timer.o
                0x08002418                timer_channel_input_capture_prescaler_config
 .text.timer_input_capture_config
                0x08002470      0x150 build/gd32e23x_timer.o
                0x08002470                timer_input_capture_config
 .text.timer_channel_capture_value_register_read
                0x080025c0       0x28 build/gd32e23x_timer.o
                0x080025c0                timer_channel_capture_value_register_read
 .text._sbrk    0x080025e8       0x3e build/syscalls.o
                0x080025e8                _sbrk
 .text._getpid  0x08002626        0x4 build/syscalls.o
                0x08002626                _getpid
 .text._kill    0x0800262a       0x12 build/syscalls.o
                0x0800262a                _kill
 .text._exit    0x0800263c        0xc build/syscalls.o
                0x0800263c                _exit
 .text._write   0x08002648       0x1c build/syscalls.o
                0x08002648                _write
 .text._close   0x08002664        0x6 build/syscalls.o
                0x08002664                _close
 .text._fstat   0x0800266a        0xa build/syscalls.o
                0x0800266a                _fstat
 .text._isatty  0x08002674        0x4 build/syscalls.o
                0x08002674                _isatty
 .text._lseek   0x08002678        0x4 build/syscalls.o
                0x08002678                _lseek
 .text._read    0x0800267c       0x1c build/syscalls.o
                0x0800267c                _read
 .text.system_clock_72m_hxtal
                0x08002698       0xc8 build/system_gd32e23x.o
 .text.system_clock_config
                0x08002760        0x8 build/system_gd32e23x.o
 .text.SystemInit
                0x08002768      0x10c build/system_gd32e23x.o
                0x08002768                SystemInit
 .text.LCD_Write_Data8
                0x08002874       0x42 build/lcd.o
 .text.LCD_Write_Data
                0x080028b6       0x12 build/lcd.o
 .text.LCD_Write_Cmd
                0x080028c8       0x56 build/lcd.o
 .text.LCD_Display_Position
                0x0800291e       0x36 build/lcd.o
 .text.LCD_Init
                0x08002954      0x1fa build/lcd.o
                0x08002954                LCD_Init
 .text.LCD_Fill
                0x08002b4e       0x46 build/lcd.o
                0x08002b4e                LCD_Fill
 .text.LCD_Draw_Point
                0x08002b94       0x14 build/lcd.o
                0x08002b94                LCD_Draw_Point
 .text.LCD_Draw_Line
                0x08002ba8       0xae build/lcd.o
                0x08002ba8                LCD_Draw_Line
 .text.LCD_Show_Char
                0x08002c56      0x16e build/lcd.o
                0x08002c56                LCD_Show_Char
 .text.LCD_Show_String
                0x08002dc4       0x54 build/lcd.o
                0x08002dc4                LCD_Show_String
 .text.LCD_Draw_Curve
                0x08002e18       0xe0 build/lcd.o
                0x08002e18                LCD_Draw_Curve
 .text.mypow    0x08002ef8       0x14 build/lcd.o
                0x08002ef8                mypow
 .text.LCD_ShowFloatNum1
                0x08002f0c       0xce build/lcd.o
                0x08002f0c                LCD_ShowFloatNum1
 .text.LCD_ShowIntNum
                0x08002fda       0xc4 build/lcd.o
                0x08002fda                LCD_ShowIntNum
 *fill*         0x0800309e        0x2 
 .text.Reset_Handler
                0x080030a0       0x50 build/startup_gd32e23x.o
                0x080030a0                Reset_Handler
 .text.Default_Handler
                0x080030f0        0x2 build/startup_gd32e23x.o
                0x080030f0                TIMER5_IRQHandler
                0x080030f0                LVD_IRQHandler
                0x080030f0                I2C0_EV_IRQHandler
                0x080030f0                ADC_CMP_IRQHandler
                0x080030f0                SPI1_IRQHandler
                0x080030f0                TAMPER_IRQHandler
                0x080030f0                DMA_Channel3_4_IRQHandler
                0x080030f0                TIMER14_IRQHandler
                0x080030f0                TIMER16_IRQHandler
                0x080030f0                EXTI2_3_IRQHandler
                0x080030f0                I2C0_ER_IRQHandler
                0x080030f0                RTC_IRQHandler
                0x080030f0                USART0_IRQHandler
                0x080030f0                TIMER13_IRQHandler
                0x080030f0                I2C1_EV_IRQHandler
                0x080030f0                Default_Handler
                0x080030f0                WWDGT_IRQHandler
                0x080030f0                TIMER0_BRK_UP_TRG_COM_IRQHandler
                0x080030f0                EXTI0_1_IRQHandler
                0x080030f0                DMA_Channel1_2_IRQHandler
                0x080030f0                RCU_IRQHandler
                0x080030f0                TIMER0_Channel_IRQHandler
                0x080030f0                SPI0_IRQHandler
                0x080030f0                USART1_IRQHandler
                0x080030f0                I2C1_ER_IRQHandler
                0x080030f0                FMC_IRQHandler
 .text.__cvt    0x080030f2       0xc8 D:/AppData/arm-gnu-toolchain-13.3.rel1-mingw-w64-i686-arm-none-eabi/bin/../lib/gcc/arm-none-eabi/13.3.1/thumb/v8-m.base/nofp\libc_nano.a(libc_a-nano-vfprintf_float.o)
                0x080030f2                __cvt
 .text.__exponent
                0x080031ba       0x6e D:/AppData/arm-gnu-toolchain-13.3.rel1-mingw-w64-i686-arm-none-eabi/bin/../lib/gcc/arm-none-eabi/13.3.1/thumb/v8-m.base/nofp\libc_nano.a(libc_a-nano-vfprintf_float.o)
                0x080031ba                __exponent
 .text._printf_float
                0x08003228      0x470 D:/AppData/arm-gnu-toolchain-13.3.rel1-mingw-w64-i686-arm-none-eabi/bin/../lib/gcc/arm-none-eabi/13.3.1/thumb/v8-m.base/nofp\libc_nano.a(libc_a-nano-vfprintf_float.o)
                0x08003228                _printf_float
 .text._printf_common
                0x08003698       0xdc D:/AppData/arm-gnu-toolchain-13.3.rel1-mingw-w64-i686-arm-none-eabi/bin/../lib/gcc/arm-none-eabi/13.3.1/thumb/v8-m.base/nofp\libc_nano.a(libc_a-nano-vfprintf_i.o)
                0x08003698                _printf_common
 .text._printf_i
                0x08003774      0x20c D:/AppData/arm-gnu-toolchain-13.3.rel1-mingw-w64-i686-arm-none-eabi/bin/../lib/gcc/arm-none-eabi/13.3.1/thumb/v8-m.base/nofp\libc_nano.a(libc_a-nano-vfprintf_i.o)
                0x08003774                _printf_i
 .text._scanf_float
                0x08003980      0x408 D:/AppData/arm-gnu-toolchain-13.3.rel1-mingw-w64-i686-arm-none-eabi/bin/../lib/gcc/arm-none-eabi/13.3.1/thumb/v8-m.base/nofp\libc_nano.a(libc_a-nano-vfscanf_float.o)
                0x08003980                _scanf_float
 .text.std      0x08003d88       0x6c D:/AppData/arm-gnu-toolchain-13.3.rel1-mingw-w64-i686-arm-none-eabi/bin/../lib/gcc/arm-none-eabi/13.3.1/thumb/v8-m.base/nofp\libc_nano.a(libc_a-findfp.o)
 .text.stdio_exit_handler
                0x08003df4       0x1c D:/AppData/arm-gnu-toolchain-13.3.rel1-mingw-w64-i686-arm-none-eabi/bin/../lib/gcc/arm-none-eabi/13.3.1/thumb/v8-m.base/nofp\libc_nano.a(libc_a-findfp.o)
 .text.cleanup_stdio
                0x08003e10       0x3c D:/AppData/arm-gnu-toolchain-13.3.rel1-mingw-w64-i686-arm-none-eabi/bin/../lib/gcc/arm-none-eabi/13.3.1/thumb/v8-m.base/nofp\libc_nano.a(libc_a-findfp.o)
 .text.global_stdio_init.part.0
                0x08003e4c       0x3c D:/AppData/arm-gnu-toolchain-13.3.rel1-mingw-w64-i686-arm-none-eabi/bin/../lib/gcc/arm-none-eabi/13.3.1/thumb/v8-m.base/nofp\libc_nano.a(libc_a-findfp.o)
 .text.__sfp_lock_acquire
                0x08003e88       0x10 D:/AppData/arm-gnu-toolchain-13.3.rel1-mingw-w64-i686-arm-none-eabi/bin/../lib/gcc/arm-none-eabi/13.3.1/thumb/v8-m.base/nofp\libc_nano.a(libc_a-findfp.o)
                0x08003e88                __sfp_lock_acquire
 .text.__sfp_lock_release
                0x08003e98       0x10 D:/AppData/arm-gnu-toolchain-13.3.rel1-mingw-w64-i686-arm-none-eabi/bin/../lib/gcc/arm-none-eabi/13.3.1/thumb/v8-m.base/nofp\libc_nano.a(libc_a-findfp.o)
                0x08003e98                __sfp_lock_release
 .text.__sinit  0x08003ea8       0x2c D:/AppData/arm-gnu-toolchain-13.3.rel1-mingw-w64-i686-arm-none-eabi/bin/../lib/gcc/arm-none-eabi/13.3.1/thumb/v8-m.base/nofp\libc_nano.a(libc_a-findfp.o)
                0x08003ea8                __sinit
 .text._fwalk_sglue
                0x08003ed4       0x38 D:/AppData/arm-gnu-toolchain-13.3.rel1-mingw-w64-i686-arm-none-eabi/bin/../lib/gcc/arm-none-eabi/13.3.1/thumb/v8-m.base/nofp\libc_nano.a(libc_a-fwalk.o)
                0x08003ed4                _fwalk_sglue
 .text.sprintf  0x08003f0c       0x44 D:/AppData/arm-gnu-toolchain-13.3.rel1-mingw-w64-i686-arm-none-eabi/bin/../lib/gcc/arm-none-eabi/13.3.1/thumb/v8-m.base/nofp\libc_nano.a(libc_a-sprintf.o)
                0x08003f0c                siprintf
                0x08003f0c                sprintf
 .text.__sread  0x08003f50       0x28 D:/AppData/arm-gnu-toolchain-13.3.rel1-mingw-w64-i686-arm-none-eabi/bin/../lib/gcc/arm-none-eabi/13.3.1/thumb/v8-m.base/nofp\libc_nano.a(libc_a-stdio.o)
                0x08003f50                __sread
 .text.__swrite
                0x08003f78       0x38 D:/AppData/arm-gnu-toolchain-13.3.rel1-mingw-w64-i686-arm-none-eabi/bin/../lib/gcc/arm-none-eabi/13.3.1/thumb/v8-m.base/nofp\libc_nano.a(libc_a-stdio.o)
                0x08003f78                __swrite
 .text.__sseek  0x08003fb0       0x2c D:/AppData/arm-gnu-toolchain-13.3.rel1-mingw-w64-i686-arm-none-eabi/bin/../lib/gcc/arm-none-eabi/13.3.1/thumb/v8-m.base/nofp\libc_nano.a(libc_a-stdio.o)
                0x08003fb0                __sseek
 .text.__sclose
                0x08003fdc        0xc D:/AppData/arm-gnu-toolchain-13.3.rel1-mingw-w64-i686-arm-none-eabi/bin/../lib/gcc/arm-none-eabi/13.3.1/thumb/v8-m.base/nofp\libc_nano.a(libc_a-stdio.o)
                0x08003fdc                __sclose
 .text.memset   0x08003fe8       0x10 D:/AppData/arm-gnu-toolchain-13.3.rel1-mingw-w64-i686-arm-none-eabi/bin/../lib/gcc/arm-none-eabi/13.3.1/thumb/v8-m.base/nofp\libc_nano.a(libc_a-memset.o)
                0x08003fe8                memset
 .text._localeconv_r
                0x08003ff8        0x8 D:/AppData/arm-gnu-toolchain-13.3.rel1-mingw-w64-i686-arm-none-eabi/bin/../lib/gcc/arm-none-eabi/13.3.1/thumb/v8-m.base/nofp\libc_nano.a(libc_a-localeconv.o)
                0x08003ff8                _localeconv_r
 .text._close_r
                0x08004000       0x20 D:/AppData/arm-gnu-toolchain-13.3.rel1-mingw-w64-i686-arm-none-eabi/bin/../lib/gcc/arm-none-eabi/13.3.1/thumb/v8-m.base/nofp\libc_nano.a(libc_a-closer.o)
                0x08004000                _close_r
 .text._lseek_r
                0x08004020       0x24 D:/AppData/arm-gnu-toolchain-13.3.rel1-mingw-w64-i686-arm-none-eabi/bin/../lib/gcc/arm-none-eabi/13.3.1/thumb/v8-m.base/nofp\libc_nano.a(libc_a-lseekr.o)
                0x08004020                _lseek_r
 .text._read_r  0x08004044       0x24 D:/AppData/arm-gnu-toolchain-13.3.rel1-mingw-w64-i686-arm-none-eabi/bin/../lib/gcc/arm-none-eabi/13.3.1/thumb/v8-m.base/nofp\libc_nano.a(libc_a-readr.o)
                0x08004044                _read_r
 .text._write_r
                0x08004068       0x24 D:/AppData/arm-gnu-toolchain-13.3.rel1-mingw-w64-i686-arm-none-eabi/bin/../lib/gcc/arm-none-eabi/13.3.1/thumb/v8-m.base/nofp\libc_nano.a(libc_a-writer.o)
                0x08004068                _write_r
 .text.__libc_init_array
                0x0800408c       0x50 D:/AppData/arm-gnu-toolchain-13.3.rel1-mingw-w64-i686-arm-none-eabi/bin/../lib/gcc/arm-none-eabi/13.3.1/thumb/v8-m.base/nofp\libc_nano.a(libc_a-init.o)
                0x0800408c                __libc_init_array
 .text.__retarget_lock_init_recursive
                0x080040dc        0x2 D:/AppData/arm-gnu-toolchain-13.3.rel1-mingw-w64-i686-arm-none-eabi/bin/../lib/gcc/arm-none-eabi/13.3.1/thumb/v8-m.base/nofp\libc_nano.a(libc_a-lock.o)
                0x080040dc                __retarget_lock_init_recursive
 .text.__retarget_lock_acquire_recursive
                0x080040de        0x2 D:/AppData/arm-gnu-toolchain-13.3.rel1-mingw-w64-i686-arm-none-eabi/bin/../lib/gcc/arm-none-eabi/13.3.1/thumb/v8-m.base/nofp\libc_nano.a(libc_a-lock.o)
                0x080040de                __retarget_lock_acquire_recursive
 .text.__retarget_lock_release_recursive
                0x080040e0        0x2 D:/AppData/arm-gnu-toolchain-13.3.rel1-mingw-w64-i686-arm-none-eabi/bin/../lib/gcc/arm-none-eabi/13.3.1/thumb/v8-m.base/nofp\libc_nano.a(libc_a-lock.o)
                0x080040e0                __retarget_lock_release_recursive
 .text.memchr   0x080040e2       0x16 D:/AppData/arm-gnu-toolchain-13.3.rel1-mingw-w64-i686-arm-none-eabi/bin/../lib/gcc/arm-none-eabi/13.3.1/thumb/v8-m.base/nofp\libc_nano.a(libc_a-memchr-stub.o)
                0x080040e2                memchr
 .text.nanf     0x080040f8        0x8 D:/AppData/arm-gnu-toolchain-13.3.rel1-mingw-w64-i686-arm-none-eabi/bin/../lib/gcc/arm-none-eabi/13.3.1/thumb/v8-m.base/nofp\libc_nano.a(libm_a-sf_nan.o)
                0x080040f8                nanf
 .text.quorem   0x08004100      0x10e D:/AppData/arm-gnu-toolchain-13.3.rel1-mingw-w64-i686-arm-none-eabi/bin/../lib/gcc/arm-none-eabi/13.3.1/thumb/v8-m.base/nofp\libc_nano.a(libc_a-dtoa.o)
 *fill*         0x0800420e        0x2 
 .text._dtoa_r  0x08004210      0xbac D:/AppData/arm-gnu-toolchain-13.3.rel1-mingw-w64-i686-arm-none-eabi/bin/../lib/gcc/arm-none-eabi/13.3.1/thumb/v8-m.base/nofp\libc_nano.a(libc_a-dtoa.o)
                0x08004210                _dtoa_r
 .text._free_r  0x08004dbc       0x90 D:/AppData/arm-gnu-toolchain-13.3.rel1-mingw-w64-i686-arm-none-eabi/bin/../lib/gcc/arm-none-eabi/13.3.1/thumb/v8-m.base/nofp\libc_nano.a(libc_a-freer.o)
                0x08004dbc                _free_r
 .text.malloc   0x08004e4c       0x14 D:/AppData/arm-gnu-toolchain-13.3.rel1-mingw-w64-i686-arm-none-eabi/bin/../lib/gcc/arm-none-eabi/13.3.1/thumb/v8-m.base/nofp\libc_nano.a(libc_a-malloc.o)
                0x08004e4c                malloc
 .text.sbrk_aligned
                0x08004e60       0x44 D:/AppData/arm-gnu-toolchain-13.3.rel1-mingw-w64-i686-arm-none-eabi/bin/../lib/gcc/arm-none-eabi/13.3.1/thumb/v8-m.base/nofp\libc_nano.a(libc_a-mallocr.o)
 .text._malloc_r
                0x08004ea4      0x100 D:/AppData/arm-gnu-toolchain-13.3.rel1-mingw-w64-i686-arm-none-eabi/bin/../lib/gcc/arm-none-eabi/13.3.1/thumb/v8-m.base/nofp\libc_nano.a(libc_a-mallocr.o)
                0x08004ea4                _malloc_r
 .text.__malloc_lock
                0x08004fa4       0x10 D:/AppData/arm-gnu-toolchain-13.3.rel1-mingw-w64-i686-arm-none-eabi/bin/../lib/gcc/arm-none-eabi/13.3.1/thumb/v8-m.base/nofp\libc_nano.a(libc_a-mlock.o)
                0x08004fa4                __malloc_lock
 .text.__malloc_unlock
                0x08004fb4       0x10 D:/AppData/arm-gnu-toolchain-13.3.rel1-mingw-w64-i686-arm-none-eabi/bin/../lib/gcc/arm-none-eabi/13.3.1/thumb/v8-m.base/nofp\libc_nano.a(libc_a-mlock.o)
                0x08004fb4                __malloc_unlock
 .text._Balloc  0x08004fc4       0x80 D:/AppData/arm-gnu-toolchain-13.3.rel1-mingw-w64-i686-arm-none-eabi/bin/../lib/gcc/arm-none-eabi/13.3.1/thumb/v8-m.base/nofp\libc_nano.a(libc_a-mprec.o)
                0x08004fc4                _Balloc
 .text._Bfree   0x08005044       0x44 D:/AppData/arm-gnu-toolchain-13.3.rel1-mingw-w64-i686-arm-none-eabi/bin/../lib/gcc/arm-none-eabi/13.3.1/thumb/v8-m.base/nofp\libc_nano.a(libc_a-mprec.o)
                0x08005044                _Bfree
 .text.__multadd
                0x08005088       0x84 D:/AppData/arm-gnu-toolchain-13.3.rel1-mingw-w64-i686-arm-none-eabi/bin/../lib/gcc/arm-none-eabi/13.3.1/thumb/v8-m.base/nofp\libc_nano.a(libc_a-mprec.o)
                0x08005088                __multadd
 .text.__s2b    0x0800510c       0x98 D:/AppData/arm-gnu-toolchain-13.3.rel1-mingw-w64-i686-arm-none-eabi/bin/../lib/gcc/arm-none-eabi/13.3.1/thumb/v8-m.base/nofp\libc_nano.a(libc_a-mprec.o)
                0x0800510c                __s2b
 .text.__hi0bits
                0x080051a4       0x42 D:/AppData/arm-gnu-toolchain-13.3.rel1-mingw-w64-i686-arm-none-eabi/bin/../lib/gcc/arm-none-eabi/13.3.1/thumb/v8-m.base/nofp\libc_nano.a(libc_a-mprec.o)
                0x080051a4                __hi0bits
 .text.__lo0bits
                0x080051e6       0x5a D:/AppData/arm-gnu-toolchain-13.3.rel1-mingw-w64-i686-arm-none-eabi/bin/../lib/gcc/arm-none-eabi/13.3.1/thumb/v8-m.base/nofp\libc_nano.a(libc_a-mprec.o)
                0x080051e6                __lo0bits
 .text.__i2b    0x08005240       0x2c D:/AppData/arm-gnu-toolchain-13.3.rel1-mingw-w64-i686-arm-none-eabi/bin/../lib/gcc/arm-none-eabi/13.3.1/thumb/v8-m.base/nofp\libc_nano.a(libc_a-mprec.o)
                0x08005240                __i2b
 .text.__multiply
                0x0800526c      0x150 D:/AppData/arm-gnu-toolchain-13.3.rel1-mingw-w64-i686-arm-none-eabi/bin/../lib/gcc/arm-none-eabi/13.3.1/thumb/v8-m.base/nofp\libc_nano.a(libc_a-mprec.o)
                0x0800526c                __multiply
 .text.__pow5mult
                0x080053bc       0xb0 D:/AppData/arm-gnu-toolchain-13.3.rel1-mingw-w64-i686-arm-none-eabi/bin/../lib/gcc/arm-none-eabi/13.3.1/thumb/v8-m.base/nofp\libc_nano.a(libc_a-mprec.o)
                0x080053bc                __pow5mult
 .text.__lshift
                0x0800546c       0xd4 D:/AppData/arm-gnu-toolchain-13.3.rel1-mingw-w64-i686-arm-none-eabi/bin/../lib/gcc/arm-none-eabi/13.3.1/thumb/v8-m.base/nofp\libc_nano.a(libc_a-mprec.o)
                0x0800546c                __lshift
 .text.__mcmp   0x08005540       0x36 D:/AppData/arm-gnu-toolchain-13.3.rel1-mingw-w64-i686-arm-none-eabi/bin/../lib/gcc/arm-none-eabi/13.3.1/thumb/v8-m.base/nofp\libc_nano.a(libc_a-mprec.o)
                0x08005540                __mcmp
 *fill*         0x08005576        0x2 
 .text.__mdiff  0x08005578      0x12c D:/AppData/arm-gnu-toolchain-13.3.rel1-mingw-w64-i686-arm-none-eabi/bin/../lib/gcc/arm-none-eabi/13.3.1/thumb/v8-m.base/nofp\libc_nano.a(libc_a-mprec.o)
                0x08005578                __mdiff
 .text.__ulp    0x080056a4       0x40 D:/AppData/arm-gnu-toolchain-13.3.rel1-mingw-w64-i686-arm-none-eabi/bin/../lib/gcc/arm-none-eabi/13.3.1/thumb/v8-m.base/nofp\libc_nano.a(libc_a-mprec.o)
                0x080056a4                __ulp
 .text.__b2d    0x080056e4       0x98 D:/AppData/arm-gnu-toolchain-13.3.rel1-mingw-w64-i686-arm-none-eabi/bin/../lib/gcc/arm-none-eabi/13.3.1/thumb/v8-m.base/nofp\libc_nano.a(libc_a-mprec.o)
                0x080056e4                __b2d
 .text.__d2b    0x0800577c       0xb8 D:/AppData/arm-gnu-toolchain-13.3.rel1-mingw-w64-i686-arm-none-eabi/bin/../lib/gcc/arm-none-eabi/13.3.1/thumb/v8-m.base/nofp\libc_nano.a(libc_a-mprec.o)
                0x0800577c                __d2b
 .text.__ratio  0x08005834       0x54 D:/AppData/arm-gnu-toolchain-13.3.rel1-mingw-w64-i686-arm-none-eabi/bin/../lib/gcc/arm-none-eabi/13.3.1/thumb/v8-m.base/nofp\libc_nano.a(libc_a-mprec.o)
                0x08005834                __ratio
 .text.__copybits
                0x08005888       0x42 D:/AppData/arm-gnu-toolchain-13.3.rel1-mingw-w64-i686-arm-none-eabi/bin/../lib/gcc/arm-none-eabi/13.3.1/thumb/v8-m.base/nofp\libc_nano.a(libc_a-mprec.o)
                0x08005888                __copybits
 .text.__any_on
                0x080058ca       0x46 D:/AppData/arm-gnu-toolchain-13.3.rel1-mingw-w64-i686-arm-none-eabi/bin/../lib/gcc/arm-none-eabi/13.3.1/thumb/v8-m.base/nofp\libc_nano.a(libc_a-mprec.o)
                0x080058ca                __any_on
 .text.sulp     0x08005910       0x30 D:/AppData/arm-gnu-toolchain-13.3.rel1-mingw-w64-i686-arm-none-eabi/bin/../lib/gcc/arm-none-eabi/13.3.1/thumb/v8-m.base/nofp\libc_nano.a(libc_a-strtod.o)
 .text._strtod_l
                0x08005940      0xbd4 D:/AppData/arm-gnu-toolchain-13.3.rel1-mingw-w64-i686-arm-none-eabi/bin/../lib/gcc/arm-none-eabi/13.3.1/thumb/v8-m.base/nofp\libc_nano.a(libc_a-strtod.o)
                0x08005940                _strtod_l
 .text._strtod_r
                0x08006514       0x10 D:/AppData/arm-gnu-toolchain-13.3.rel1-mingw-w64-i686-arm-none-eabi/bin/../lib/gcc/arm-none-eabi/13.3.1/thumb/v8-m.base/nofp\libc_nano.a(libc_a-strtod.o)
                0x08006514                _strtod_r
 .text._strtol_l.isra.0
                0x08006524      0x128 D:/AppData/arm-gnu-toolchain-13.3.rel1-mingw-w64-i686-arm-none-eabi/bin/../lib/gcc/arm-none-eabi/13.3.1/thumb/v8-m.base/nofp\libc_nano.a(libc_a-strtol.o)
 .text._strtol_r
                0x0800664c        0x8 D:/AppData/arm-gnu-toolchain-13.3.rel1-mingw-w64-i686-arm-none-eabi/bin/../lib/gcc/arm-none-eabi/13.3.1/thumb/v8-m.base/nofp\libc_nano.a(libc_a-strtol.o)
                0x0800664c                _strtol_r
 .text.__ssputs_r
                0x08006654       0xc4 D:/AppData/arm-gnu-toolchain-13.3.rel1-mingw-w64-i686-arm-none-eabi/bin/../lib/gcc/arm-none-eabi/13.3.1/thumb/v8-m.base/nofp\libc_nano.a(libc_a-nano-svfprintf.o)
                0x08006654                __ssputs_r
 .text._svfprintf_r
                0x08006718      0x1f8 D:/AppData/arm-gnu-toolchain-13.3.rel1-mingw-w64-i686-arm-none-eabi/bin/../lib/gcc/arm-none-eabi/13.3.1/thumb/v8-m.base/nofp\libc_nano.a(libc_a-nano-svfprintf.o)
                0x08006718                _svfiprintf_r
                0x08006718                _svfprintf_r
 .text.__sflush_r
                0x08006910      0x104 D:/AppData/arm-gnu-toolchain-13.3.rel1-mingw-w64-i686-arm-none-eabi/bin/../lib/gcc/arm-none-eabi/13.3.1/thumb/v8-m.base/nofp\libc_nano.a(libc_a-fflush.o)
                0x08006910                __sflush_r
 .text._fflush_r
                0x08006a14       0x50 D:/AppData/arm-gnu-toolchain-13.3.rel1-mingw-w64-i686-arm-none-eabi/bin/../lib/gcc/arm-none-eabi/13.3.1/thumb/v8-m.base/nofp\libc_nano.a(libc_a-fflush.o)
                0x08006a14                _fflush_r
 .text.memmove  0x08006a64       0x24 D:/AppData/arm-gnu-toolchain-13.3.rel1-mingw-w64-i686-arm-none-eabi/bin/../lib/gcc/arm-none-eabi/13.3.1/thumb/v8-m.base/nofp\libc_nano.a(libc_a-memmove.o)
                0x08006a64                memmove
 .text.strncmp  0x08006a88       0x22 D:/AppData/arm-gnu-toolchain-13.3.rel1-mingw-w64-i686-arm-none-eabi/bin/../lib/gcc/arm-none-eabi/13.3.1/thumb/v8-m.base/nofp\libc_nano.a(libc_a-strncmp.o)
                0x08006a88                strncmp
 *fill*         0x08006aaa        0x2 
 .text._sbrk_r  0x08006aac       0x20 D:/AppData/arm-gnu-toolchain-13.3.rel1-mingw-w64-i686-arm-none-eabi/bin/../lib/gcc/arm-none-eabi/13.3.1/thumb/v8-m.base/nofp\libc_nano.a(libc_a-sbrkr.o)
                0x08006aac                _sbrk_r
 .text.__errno  0x08006acc        0xc D:/AppData/arm-gnu-toolchain-13.3.rel1-mingw-w64-i686-arm-none-eabi/bin/../lib/gcc/arm-none-eabi/13.3.1/thumb/v8-m.base/nofp\libc_nano.a(libc_a-errno.o)
                0x08006acc                __errno
 .text.memcpy   0x08006ad8       0x12 D:/AppData/arm-gnu-toolchain-13.3.rel1-mingw-w64-i686-arm-none-eabi/bin/../lib/gcc/arm-none-eabi/13.3.1/thumb/v8-m.base/nofp\libc_nano.a(libc_a-memcpy-stub.o)
                0x08006ad8                memcpy
 *fill*         0x08006aea        0x2 
 .text.nan      0x08006aec        0xc D:/AppData/arm-gnu-toolchain-13.3.rel1-mingw-w64-i686-arm-none-eabi/bin/../lib/gcc/arm-none-eabi/13.3.1/thumb/v8-m.base/nofp\libc_nano.a(libm_a-s_nan.o)
                0x08006aec                nan
 .text.__assert_func
                0x08006af8       0x3c D:/AppData/arm-gnu-toolchain-13.3.rel1-mingw-w64-i686-arm-none-eabi/bin/../lib/gcc/arm-none-eabi/13.3.1/thumb/v8-m.base/nofp\libc_nano.a(libc_a-assert.o)
                0x08006af8                __assert_func
 .text._calloc_r
                0x08006b34       0x54 D:/AppData/arm-gnu-toolchain-13.3.rel1-mingw-w64-i686-arm-none-eabi/bin/../lib/gcc/arm-none-eabi/13.3.1/thumb/v8-m.base/nofp\libc_nano.a(libc_a-callocr.o)
                0x08006b34                _calloc_r
 .text.rshift   0x08006b88       0xa4 D:/AppData/arm-gnu-toolchain-13.3.rel1-mingw-w64-i686-arm-none-eabi/bin/../lib/gcc/arm-none-eabi/13.3.1/thumb/v8-m.base/nofp\libc_nano.a(libc_a-gdtoa-gethex.o)
 .text.__hexdig_fun
                0x08006c2c       0x2a D:/AppData/arm-gnu-toolchain-13.3.rel1-mingw-w64-i686-arm-none-eabi/bin/../lib/gcc/arm-none-eabi/13.3.1/thumb/v8-m.base/nofp\libc_nano.a(libc_a-gdtoa-gethex.o)
                0x08006c2c                __hexdig_fun
 *fill*         0x08006c56        0x2 
 .text.__gethex
                0x08006c58      0x430 D:/AppData/arm-gnu-toolchain-13.3.rel1-mingw-w64-i686-arm-none-eabi/bin/../lib/gcc/arm-none-eabi/13.3.1/thumb/v8-m.base/nofp\libc_nano.a(libc_a-gdtoa-gethex.o)
                0x08006c58                __gethex
 .text.L_shift  0x08007088       0x24 D:/AppData/arm-gnu-toolchain-13.3.rel1-mingw-w64-i686-arm-none-eabi/bin/../lib/gcc/arm-none-eabi/13.3.1/thumb/v8-m.base/nofp\libc_nano.a(libc_a-gdtoa-hexnan.o)
 .text.__match  0x080070ac       0x26 D:/AppData/arm-gnu-toolchain-13.3.rel1-mingw-w64-i686-arm-none-eabi/bin/../lib/gcc/arm-none-eabi/13.3.1/thumb/v8-m.base/nofp\libc_nano.a(libc_a-gdtoa-hexnan.o)
                0x080070ac                __match
 .text.__hexnan
                0x080070d2      0x14c D:/AppData/arm-gnu-toolchain-13.3.rel1-mingw-w64-i686-arm-none-eabi/bin/../lib/gcc/arm-none-eabi/13.3.1/thumb/v8-m.base/nofp\libc_nano.a(libc_a-gdtoa-hexnan.o)
                0x080070d2                __hexnan
 .text.__ascii_mbtowc
                0x0800721e       0x20 D:/AppData/arm-gnu-toolchain-13.3.rel1-mingw-w64-i686-arm-none-eabi/bin/../lib/gcc/arm-none-eabi/13.3.1/thumb/v8-m.base/nofp\libc_nano.a(libc_a-mbtowc_r.o)
                0x0800721e                __ascii_mbtowc
 .text._realloc_r
                0x0800723e       0x5a D:/AppData/arm-gnu-toolchain-13.3.rel1-mingw-w64-i686-arm-none-eabi/bin/../lib/gcc/arm-none-eabi/13.3.1/thumb/v8-m.base/nofp\libc_nano.a(libc_a-reallocr.o)
                0x0800723e                _realloc_r
 .text.__ascii_wctomb
                0x08007298       0x1a D:/AppData/arm-gnu-toolchain-13.3.rel1-mingw-w64-i686-arm-none-eabi/bin/../lib/gcc/arm-none-eabi/13.3.1/thumb/v8-m.base/nofp\libc_nano.a(libc_a-wctomb_r.o)
                0x08007298                __ascii_wctomb
 *fill*         0x080072b2        0x2 
 .text.fprintf  0x080072b4       0x20 D:/AppData/arm-gnu-toolchain-13.3.rel1-mingw-w64-i686-arm-none-eabi/bin/../lib/gcc/arm-none-eabi/13.3.1/thumb/v8-m.base/nofp\libc_nano.a(libc_a-fprintf.o)
                0x080072b4                fiprintf
                0x080072b4                fprintf
 .text.abort    0x080072d4        0xe D:/AppData/arm-gnu-toolchain-13.3.rel1-mingw-w64-i686-arm-none-eabi/bin/../lib/gcc/arm-none-eabi/13.3.1/thumb/v8-m.base/nofp\libc_nano.a(libc_a-abort.o)
                0x080072d4                abort
 .text._malloc_usable_size_r
                0x080072e2       0x10 D:/AppData/arm-gnu-toolchain-13.3.rel1-mingw-w64-i686-arm-none-eabi/bin/../lib/gcc/arm-none-eabi/13.3.1/thumb/v8-m.base/nofp\libc_nano.a(libc_a-msizer.o)
                0x080072e2                _malloc_usable_size_r
 .text.__sfputc_r
                0x080072f2       0x2a D:/AppData/arm-gnu-toolchain-13.3.rel1-mingw-w64-i686-arm-none-eabi/bin/../lib/gcc/arm-none-eabi/13.3.1/thumb/v8-m.base/nofp\libc_nano.a(libc_a-nano-vfprintf.o)
 .text.__sfputs_r
                0x0800731c       0x24 D:/AppData/arm-gnu-toolchain-13.3.rel1-mingw-w64-i686-arm-none-eabi/bin/../lib/gcc/arm-none-eabi/13.3.1/thumb/v8-m.base/nofp\libc_nano.a(libc_a-nano-vfprintf.o)
                0x0800731c                __sfputs_r
 .text._vfprintf_r
                0x08007340      0x22c D:/AppData/arm-gnu-toolchain-13.3.rel1-mingw-w64-i686-arm-none-eabi/bin/../lib/gcc/arm-none-eabi/13.3.1/thumb/v8-m.base/nofp\libc_nano.a(libc_a-nano-vfprintf.o)
                0x08007340                _vfprintf_r
                0x08007340                _vfiprintf_r
 .text.__swbuf_r
                0x0800756c       0x7c D:/AppData/arm-gnu-toolchain-13.3.rel1-mingw-w64-i686-arm-none-eabi/bin/../lib/gcc/arm-none-eabi/13.3.1/thumb/v8-m.base/nofp\libc_nano.a(libc_a-wbuf.o)
                0x0800756c                __swbuf_r
 .text.__swsetup_r
                0x080075e8       0xb0 D:/AppData/arm-gnu-toolchain-13.3.rel1-mingw-w64-i686-arm-none-eabi/bin/../lib/gcc/arm-none-eabi/13.3.1/thumb/v8-m.base/nofp\libc_nano.a(libc_a-wsetup.o)
                0x080075e8                __swsetup_r
 .text._raise_r
                0x08007698       0x4e D:/AppData/arm-gnu-toolchain-13.3.rel1-mingw-w64-i686-arm-none-eabi/bin/../lib/gcc/arm-none-eabi/13.3.1/thumb/v8-m.base/nofp\libc_nano.a(libc_a-signal.o)
                0x08007698                _raise_r
 *fill*         0x080076e6        0x2 
 .text.raise    0x080076e8       0x14 D:/AppData/arm-gnu-toolchain-13.3.rel1-mingw-w64-i686-arm-none-eabi/bin/../lib/gcc/arm-none-eabi/13.3.1/thumb/v8-m.base/nofp\libc_nano.a(libc_a-signal.o)
                0x080076e8                raise
 .text._kill_r  0x080076fc       0x24 D:/AppData/arm-gnu-toolchain-13.3.rel1-mingw-w64-i686-arm-none-eabi/bin/../lib/gcc/arm-none-eabi/13.3.1/thumb/v8-m.base/nofp\libc_nano.a(libc_a-signalr.o)
                0x080076fc                _kill_r
 .text._getpid_r
                0x08007720        0x8 D:/AppData/arm-gnu-toolchain-13.3.rel1-mingw-w64-i686-arm-none-eabi/bin/../lib/gcc/arm-none-eabi/13.3.1/thumb/v8-m.base/nofp\libc_nano.a(libc_a-signalr.o)
                0x08007720                _getpid_r
 .text.__swhatbuf_r
                0x08007728       0x54 D:/AppData/arm-gnu-toolchain-13.3.rel1-mingw-w64-i686-arm-none-eabi/bin/../lib/gcc/arm-none-eabi/13.3.1/thumb/v8-m.base/nofp\libc_nano.a(libc_a-makebuf.o)
                0x08007728                __swhatbuf_r
 .text.__smakebuf_r
                0x0800777c       0x7c D:/AppData/arm-gnu-toolchain-13.3.rel1-mingw-w64-i686-arm-none-eabi/bin/../lib/gcc/arm-none-eabi/13.3.1/thumb/v8-m.base/nofp\libc_nano.a(libc_a-makebuf.o)
                0x0800777c                __smakebuf_r
 .text._fstat_r
                0x080077f8       0x24 D:/AppData/arm-gnu-toolchain-13.3.rel1-mingw-w64-i686-arm-none-eabi/bin/../lib/gcc/arm-none-eabi/13.3.1/thumb/v8-m.base/nofp\libc_nano.a(libc_a-fstatr.o)
                0x080077f8                _fstat_r
 .text._isatty_r
                0x0800781c       0x20 D:/AppData/arm-gnu-toolchain-13.3.rel1-mingw-w64-i686-arm-none-eabi/bin/../lib/gcc/arm-none-eabi/13.3.1/thumb/v8-m.base/nofp\libc_nano.a(libc_a-isattyr.o)
                0x0800781c                _isatty_r
 .text.__fixunssfsi
                0x0800783c       0x30 D:/AppData/arm-gnu-toolchain-13.3.rel1-mingw-w64-i686-arm-none-eabi/bin/../lib/gcc/arm-none-eabi/13.3.1/thumb/v8-m.base/nofp\libgcc.a(_fixunssfsi.o)
                0x0800783c                __fixunssfsi
                0x0800783c                __aeabi_f2uiz
 .text.__fixunsdfsi
                0x0800786c       0x3c D:/AppData/arm-gnu-toolchain-13.3.rel1-mingw-w64-i686-arm-none-eabi/bin/../lib/gcc/arm-none-eabi/13.3.1/thumb/v8-m.base/nofp\libgcc.a(_fixunsdfsi.o)
                0x0800786c                __aeabi_d2uiz
                0x0800786c                __fixunsdfsi
 .text.__fixdfdi
                0x080078a8       0x38 D:/AppData/arm-gnu-toolchain-13.3.rel1-mingw-w64-i686-arm-none-eabi/bin/../lib/gcc/arm-none-eabi/13.3.1/thumb/v8-m.base/nofp\libgcc.a(_fixdfdi.o)
                0x080078a8                __fixdfdi
                0x080078a8                __aeabi_d2lz
 .text.__fixunsdfdi
                0x080078e0       0x3c D:/AppData/arm-gnu-toolchain-13.3.rel1-mingw-w64-i686-arm-none-eabi/bin/../lib/gcc/arm-none-eabi/13.3.1/thumb/v8-m.base/nofp\libgcc.a(_fixunsdfdi.o)
                0x080078e0                __fixunsdfdi
                0x080078e0                __aeabi_d2ulz
 .text.__floatdidf
                0x0800791c       0x2c D:/AppData/arm-gnu-toolchain-13.3.rel1-mingw-w64-i686-arm-none-eabi/bin/../lib/gcc/arm-none-eabi/13.3.1/thumb/v8-m.base/nofp\libgcc.a(_floatdidf.o)
                0x0800791c                __aeabi_l2d
                0x0800791c                __floatdidf
 .text.__aeabi_fdiv
                0x08007948      0x224 D:/AppData/arm-gnu-toolchain-13.3.rel1-mingw-w64-i686-arm-none-eabi/bin/../lib/gcc/arm-none-eabi/13.3.1/thumb/v8-m.base/nofp\libgcc.a(divsf3.o)
                0x08007948                __aeabi_fdiv
 .text.__eqsf2  0x08007b6c       0x50 D:/AppData/arm-gnu-toolchain-13.3.rel1-mingw-w64-i686-arm-none-eabi/bin/../lib/gcc/arm-none-eabi/13.3.1/thumb/v8-m.base/nofp\libgcc.a(eqsf2.o)
                0x08007b6c                __eqsf2
                0x08007b6c                __nesf2
 .text.__gesf2  0x08007bbc       0x84 D:/AppData/arm-gnu-toolchain-13.3.rel1-mingw-w64-i686-arm-none-eabi/bin/../lib/gcc/arm-none-eabi/13.3.1/thumb/v8-m.base/nofp\libgcc.a(gesf2.o)
                0x08007bbc                __gesf2
                0x08007bbc                __gtsf2
 .text.__lesf2  0x08007c40       0x80 D:/AppData/arm-gnu-toolchain-13.3.rel1-mingw-w64-i686-arm-none-eabi/bin/../lib/gcc/arm-none-eabi/13.3.1/thumb/v8-m.base/nofp\libgcc.a(lesf2.o)
                0x08007c40                __ltsf2
                0x08007c40                __lesf2
 .text.__aeabi_fmul
                0x08007cc0      0x280 D:/AppData/arm-gnu-toolchain-13.3.rel1-mingw-w64-i686-arm-none-eabi/bin/../lib/gcc/arm-none-eabi/13.3.1/thumb/v8-m.base/nofp\libgcc.a(mulsf3.o)
                0x08007cc0                __aeabi_fmul
 .text.__aeabi_fsub
                0x08007f40      0x388 D:/AppData/arm-gnu-toolchain-13.3.rel1-mingw-w64-i686-arm-none-eabi/bin/../lib/gcc/arm-none-eabi/13.3.1/thumb/v8-m.base/nofp\libgcc.a(subsf3.o)
                0x08007f40                __aeabi_fsub
 .text.__aeabi_f2iz
                0x080082c8       0x40 D:/AppData/arm-gnu-toolchain-13.3.rel1-mingw-w64-i686-arm-none-eabi/bin/../lib/gcc/arm-none-eabi/13.3.1/thumb/v8-m.base/nofp\libgcc.a(fixsfsi.o)
                0x080082c8                __aeabi_f2iz
 .text.__aeabi_i2f
                0x08008308       0x90 D:/AppData/arm-gnu-toolchain-13.3.rel1-mingw-w64-i686-arm-none-eabi/bin/../lib/gcc/arm-none-eabi/13.3.1/thumb/v8-m.base/nofp\libgcc.a(floatsisf.o)
                0x08008308                __aeabi_i2f
 .text.__aeabi_dadd
                0x08008398      0x704 D:/AppData/arm-gnu-toolchain-13.3.rel1-mingw-w64-i686-arm-none-eabi/bin/../lib/gcc/arm-none-eabi/13.3.1/thumb/v8-m.base/nofp\libgcc.a(adddf3.o)
                0x08008398                __aeabi_dadd
 .text.__aeabi_ddiv
                0x08008a9c      0x678 D:/AppData/arm-gnu-toolchain-13.3.rel1-mingw-w64-i686-arm-none-eabi/bin/../lib/gcc/arm-none-eabi/13.3.1/thumb/v8-m.base/nofp\libgcc.a(divdf3.o)
                0x08008a9c                __aeabi_ddiv
 .text.__eqdf2  0x08009114       0x88 D:/AppData/arm-gnu-toolchain-13.3.rel1-mingw-w64-i686-arm-none-eabi/bin/../lib/gcc/arm-none-eabi/13.3.1/thumb/v8-m.base/nofp\libgcc.a(eqdf2.o)
                0x08009114                __nedf2
                0x08009114                __eqdf2
 .text.__gedf2  0x0800919c       0xdc D:/AppData/arm-gnu-toolchain-13.3.rel1-mingw-w64-i686-arm-none-eabi/bin/../lib/gcc/arm-none-eabi/13.3.1/thumb/v8-m.base/nofp\libgcc.a(gedf2.o)
                0x0800919c                __gedf2
                0x0800919c                __gtdf2
 .text.__ledf2  0x08009278       0xdc D:/AppData/arm-gnu-toolchain-13.3.rel1-mingw-w64-i686-arm-none-eabi/bin/../lib/gcc/arm-none-eabi/13.3.1/thumb/v8-m.base/nofp\libgcc.a(ledf2.o)
                0x08009278                __ledf2
                0x08009278                __ltdf2
 .text.__aeabi_dmul
                0x08009354      0x5b4 D:/AppData/arm-gnu-toolchain-13.3.rel1-mingw-w64-i686-arm-none-eabi/bin/../lib/gcc/arm-none-eabi/13.3.1/thumb/v8-m.base/nofp\libgcc.a(muldf3.o)
                0x08009354                __aeabi_dmul
 .text.__aeabi_dsub
                0x08009908      0x7a4 D:/AppData/arm-gnu-toolchain-13.3.rel1-mingw-w64-i686-arm-none-eabi/bin/../lib/gcc/arm-none-eabi/13.3.1/thumb/v8-m.base/nofp\libgcc.a(subdf3.o)
                0x08009908                __aeabi_dsub
 .text.__aeabi_dcmpun
                0x0800a0ac       0x38 D:/AppData/arm-gnu-toolchain-13.3.rel1-mingw-w64-i686-arm-none-eabi/bin/../lib/gcc/arm-none-eabi/13.3.1/thumb/v8-m.base/nofp\libgcc.a(unorddf2.o)
                0x0800a0ac                __aeabi_dcmpun
 .text.__aeabi_d2iz
                0x0800a0e4       0x70 D:/AppData/arm-gnu-toolchain-13.3.rel1-mingw-w64-i686-arm-none-eabi/bin/../lib/gcc/arm-none-eabi/13.3.1/thumb/v8-m.base/nofp\libgcc.a(fixdfsi.o)
                0x0800a0e4                __aeabi_d2iz
 .text.__aeabi_i2d
                0x0800a154       0x58 D:/AppData/arm-gnu-toolchain-13.3.rel1-mingw-w64-i686-arm-none-eabi/bin/../lib/gcc/arm-none-eabi/13.3.1/thumb/v8-m.base/nofp\libgcc.a(floatsidf.o)
                0x0800a154                __aeabi_i2d
 .text.__aeabi_ui2d
                0x0800a1ac       0x48 D:/AppData/arm-gnu-toolchain-13.3.rel1-mingw-w64-i686-arm-none-eabi/bin/../lib/gcc/arm-none-eabi/13.3.1/thumb/v8-m.base/nofp\libgcc.a(floatunsidf.o)
                0x0800a1ac                __aeabi_ui2d
 .text.__aeabi_d2f
                0x0800a1f4      0x108 D:/AppData/arm-gnu-toolchain-13.3.rel1-mingw-w64-i686-arm-none-eabi/bin/../lib/gcc/arm-none-eabi/13.3.1/thumb/v8-m.base/nofp\libgcc.a(truncdfsf2.o)
                0x0800a1f4                __aeabi_d2f
 *(.glue_7)
 .glue_7        0x0800a2fc        0x0 linker stubs
 *(.glue_7t)
 .glue_7t       0x0800a2fc        0x0 linker stubs
 *(.eh_frame)
 .eh_frame      0x0800a2fc        0x0 D:/AppData/arm-gnu-toolchain-13.3.rel1-mingw-w64-i686-arm-none-eabi/bin/../lib/gcc/arm-none-eabi/13.3.1/thumb/v8-m.base/nofp/crtbegin.o
 *(.init)
 .init          0x0800a2fc        0x4 D:/AppData/arm-gnu-toolchain-13.3.rel1-mingw-w64-i686-arm-none-eabi/bin/../lib/gcc/arm-none-eabi/13.3.1/thumb/v8-m.base/nofp/crti.o
                0x0800a2fc                _init
 .init          0x0800a300        0x8 D:/AppData/arm-gnu-toolchain-13.3.rel1-mingw-w64-i686-arm-none-eabi/bin/../lib/gcc/arm-none-eabi/13.3.1/thumb/v8-m.base/nofp/crtn.o
 *(.fini)
 .fini          0x0800a308        0x4 D:/AppData/arm-gnu-toolchain-13.3.rel1-mingw-w64-i686-arm-none-eabi/bin/../lib/gcc/arm-none-eabi/13.3.1/thumb/v8-m.base/nofp/crti.o
                0x0800a308                _fini
 .fini          0x0800a30c        0x8 D:/AppData/arm-gnu-toolchain-13.3.rel1-mingw-w64-i686-arm-none-eabi/bin/../lib/gcc/arm-none-eabi/13.3.1/thumb/v8-m.base/nofp/crtn.o
                0x0800a314                        . = ALIGN (0x4)
                0x0800a314                        _etext = .

.vfp11_veneer   0x0800a314        0x0
 .vfp11_veneer  0x0800a314        0x0 linker stubs

.v4_bx          0x0800a314        0x0
 .v4_bx         0x0800a314        0x0 linker stubs

.iplt           0x0800a314        0x0
 .iplt          0x0800a314        0x0 D:/AppData/arm-gnu-toolchain-13.3.rel1-mingw-w64-i686-arm-none-eabi/bin/../lib/gcc/arm-none-eabi/13.3.1/thumb/v8-m.base/nofp/crtbegin.o

.rodata         0x0800a318     0x3b88
                0x0800a318                        . = ALIGN (0x4)
 *(.rodata)
 *(.rodata*)
 .rodata.EXTI4_15_IRQHandler
                0x0800a318       0x28 build/gd32e23x_it.o
 .rodata.DMA_Channel0_IRQHandler.str1.4
                0x0800a340      0x19b build/gd32e23x_it.o
                                  0xf (size before relaxing)
 .rodata.TIMER2_IRQHandler.str1.4
                0x0800a4db       0x12 build/gd32e23x_it.o
 *fill*         0x0800a4db        0x1 
 .rodata.__FUNCTION__.2
                0x0800a4dc       0x12 build/gd32e23x_it.o
 *fill*         0x0800a4ee        0x2 
 .rodata.__FUNCTION__.3
                0x0800a4f0       0x18 build/gd32e23x_it.o
 .rodata.AppInterface.str1.4
                0x0800a508        0x6 build/app.o
 .rodata.AppStateDisplay.str1.4
                0x0800a508       0x4a build/app.o
 .rodata.WaveformDisplay.str1.4
                0x0800a508       0x23 build/app.o
 .rodata.AppInit.str1.4
                0x0800a508        0xb build/app.o
 .rodata.AppStart.str1.4
                0x0800a508       0xef build/app.o
 .rodata.__FUNCTION__.0
                0x0800a508       0x10 build/app.o
 .rodata.__FUNCTION__.1
                0x0800a518       0x10 build/app.o
 .rodata.__FUNCTION__.2
                0x0800a528        0x9 build/app.o
 *fill*         0x0800a531        0x3 
 .rodata.__FUNCTION__.3
                0x0800a534        0x8 build/app.o
 .rodata.UI_MSG
                0x0800a53c       0x60 build/app.o
                0x0800a53c                UI_MSG
 .rodata.rcu_adc_clock_config
                0x0800a59c       0x28 build/gd32e23x_rcu.o
 .rodata.ascii_3216
                0x0800a5c4     0x17c0 build/lcd.o
                0x0800a5c4                ascii_3216
 .rodata.ascii_2412
                0x0800bd84     0x11d0 build/lcd.o
                0x0800bd84                ascii_2412
 .rodata.ascii_1608
                0x0800cf54      0x5f0 build/lcd.o
                0x0800cf54                ascii_1608
 .rodata.ascii_1206
                0x0800d544      0x474 build/lcd.o
                0x0800d544                ascii_1206
 .rodata._printf_float.str1.1
                0x0800d9b8      0x1d9 D:/AppData/arm-gnu-toolchain-13.3.rel1-mingw-w64-i686-arm-none-eabi/bin/../lib/gcc/arm-none-eabi/13.3.1/thumb/v8-m.base/nofp\libc_nano.a(libc_a-nano-vfprintf_float.o)
                                 0x12 (size before relaxing)
 .rodata._printf_i.str1.1
                0x0800db91       0x22 D:/AppData/arm-gnu-toolchain-13.3.rel1-mingw-w64-i686-arm-none-eabi/bin/../lib/gcc/arm-none-eabi/13.3.1/thumb/v8-m.base/nofp\libc_nano.a(libc_a-nano-vfprintf_i.o)
 .rodata._scanf_float.str1.1
                0x0800db91        0x6 D:/AppData/arm-gnu-toolchain-13.3.rel1-mingw-w64-i686-arm-none-eabi/bin/../lib/gcc/arm-none-eabi/13.3.1/thumb/v8-m.base/nofp\libc_nano.a(libc_a-nano-vfscanf_float.o)
 .rodata._dtoa_r.str1.1
                0x0800db91       0x90 D:/AppData/arm-gnu-toolchain-13.3.rel1-mingw-w64-i686-arm-none-eabi/bin/../lib/gcc/arm-none-eabi/13.3.1/thumb/v8-m.base/nofp\libc_nano.a(libc_a-dtoa.o)
 .rodata._Balloc.str1.1
                0x0800db91       0x71 D:/AppData/arm-gnu-toolchain-13.3.rel1-mingw-w64-i686-arm-none-eabi/bin/../lib/gcc/arm-none-eabi/13.3.1/thumb/v8-m.base/nofp\libc_nano.a(libc_a-mprec.o)
 .rodata.__multadd.str1.1
                0x0800db91       0x11 D:/AppData/arm-gnu-toolchain-13.3.rel1-mingw-w64-i686-arm-none-eabi/bin/../lib/gcc/arm-none-eabi/13.3.1/thumb/v8-m.base/nofp\libc_nano.a(libc_a-mprec.o)
 *fill*         0x0800db91        0x3 
 .rodata.p05.0  0x0800db94        0xc D:/AppData/arm-gnu-toolchain-13.3.rel1-mingw-w64-i686-arm-none-eabi/bin/../lib/gcc/arm-none-eabi/13.3.1/thumb/v8-m.base/nofp\libc_nano.a(libc_a-mprec.o)
 .rodata.__mprec_bigtens
                0x0800dba0       0x28 D:/AppData/arm-gnu-toolchain-13.3.rel1-mingw-w64-i686-arm-none-eabi/bin/../lib/gcc/arm-none-eabi/13.3.1/thumb/v8-m.base/nofp\libc_nano.a(libc_a-mprec.o)
                0x0800dba0                __mprec_bigtens
 .rodata.__mprec_tens
                0x0800dbc8       0xc8 D:/AppData/arm-gnu-toolchain-13.3.rel1-mingw-w64-i686-arm-none-eabi/bin/../lib/gcc/arm-none-eabi/13.3.1/thumb/v8-m.base/nofp\libc_nano.a(libc_a-mprec.o)
                0x0800dbc8                __mprec_tens
 .rodata._strtod_l.str1.1
                0x0800dc90        0xf D:/AppData/arm-gnu-toolchain-13.3.rel1-mingw-w64-i686-arm-none-eabi/bin/../lib/gcc/arm-none-eabi/13.3.1/thumb/v8-m.base/nofp\libc_nano.a(libc_a-strtod.o)
 .rodata.fpinan.0
                0x0800dc90       0x14 D:/AppData/arm-gnu-toolchain-13.3.rel1-mingw-w64-i686-arm-none-eabi/bin/../lib/gcc/arm-none-eabi/13.3.1/thumb/v8-m.base/nofp\libc_nano.a(libc_a-strtod.o)
 .rodata.fpi.1  0x0800dca4       0x14 D:/AppData/arm-gnu-toolchain-13.3.rel1-mingw-w64-i686-arm-none-eabi/bin/../lib/gcc/arm-none-eabi/13.3.1/thumb/v8-m.base/nofp\libc_nano.a(libc_a-strtod.o)
 .rodata.tinytens
                0x0800dcb8       0x28 D:/AppData/arm-gnu-toolchain-13.3.rel1-mingw-w64-i686-arm-none-eabi/bin/../lib/gcc/arm-none-eabi/13.3.1/thumb/v8-m.base/nofp\libc_nano.a(libc_a-strtod.o)
 .rodata._ctype_
                0x0800dce0      0x101 D:/AppData/arm-gnu-toolchain-13.3.rel1-mingw-w64-i686-arm-none-eabi/bin/../lib/gcc/arm-none-eabi/13.3.1/thumb/v8-m.base/nofp\libc_nano.a(libc_a-ctype_.o)
                0x0800dce0                _ctype_
 .rodata._svfprintf_r.str1.1
                0x0800dde1       0x11 D:/AppData/arm-gnu-toolchain-13.3.rel1-mingw-w64-i686-arm-none-eabi/bin/../lib/gcc/arm-none-eabi/13.3.1/thumb/v8-m.base/nofp\libc_nano.a(libc_a-nano-svfprintf.o)
 .rodata._setlocale_r.str1.1
                0x0800dde1        0x9 D:/AppData/arm-gnu-toolchain-13.3.rel1-mingw-w64-i686-arm-none-eabi/bin/../lib/gcc/arm-none-eabi/13.3.1/thumb/v8-m.base/nofp\libc_nano.a(libc_a-locale.o)
 .rodata.str1.1
                0x0800dde1        0x2 D:/AppData/arm-gnu-toolchain-13.3.rel1-mingw-w64-i686-arm-none-eabi/bin/../lib/gcc/arm-none-eabi/13.3.1/thumb/v8-m.base/nofp\libc_nano.a(libc_a-locale.o)
 .rodata.__assert_func.str1.1
                0x0800dde1       0x3d D:/AppData/arm-gnu-toolchain-13.3.rel1-mingw-w64-i686-arm-none-eabi/bin/../lib/gcc/arm-none-eabi/13.3.1/thumb/v8-m.base/nofp\libc_nano.a(libc_a-assert.o)
 .rodata.__gethex.str1.1
                0x0800dde1       0x74 D:/AppData/arm-gnu-toolchain-13.3.rel1-mingw-w64-i686-arm-none-eabi/bin/../lib/gcc/arm-none-eabi/13.3.1/thumb/v8-m.base/nofp\libc_nano.a(libc_a-gdtoa-gethex.o)
 .rodata._vfprintf_r.str1.1
                0x0800dde1       0x11 D:/AppData/arm-gnu-toolchain-13.3.rel1-mingw-w64-i686-arm-none-eabi/bin/../lib/gcc/arm-none-eabi/13.3.1/thumb/v8-m.base/nofp\libc_nano.a(libc_a-nano-vfprintf.o)
 *fill*         0x0800dde1        0x3 
 .rodata.__aeabi_fdiv
                0x0800dde4       0x7c D:/AppData/arm-gnu-toolchain-13.3.rel1-mingw-w64-i686-arm-none-eabi/bin/../lib/gcc/arm-none-eabi/13.3.1/thumb/v8-m.base/nofp\libgcc.a(divsf3.o)
 .rodata.__aeabi_ddiv
                0x0800de60       0x40 D:/AppData/arm-gnu-toolchain-13.3.rel1-mingw-w64-i686-arm-none-eabi/bin/../lib/gcc/arm-none-eabi/13.3.1/thumb/v8-m.base/nofp\libgcc.a(divdf3.o)
                0x0800dea0                        . = ALIGN (0x4)

.rel.dyn        0x0800dea0        0x0
 .rel.iplt      0x0800dea0        0x0 D:/AppData/arm-gnu-toolchain-13.3.rel1-mingw-w64-i686-arm-none-eabi/bin/../lib/gcc/arm-none-eabi/13.3.1/thumb/v8-m.base/nofp/crtbegin.o

.ARM.extab
 *(.ARM.extab* .gnu.linkonce.armextab.*)

.ARM            0x0800dea0        0x0
                0x0800dea0                        __exidx_start = .
 *(.ARM.exidx*)
                0x0800dea0                        __exidx_end = .

.ARM.attributes
                0x0800dea0       0x2c
 *(.ARM.attributes)
 .ARM.attributes
                0x0800dea0       0x22 D:/AppData/arm-gnu-toolchain-13.3.rel1-mingw-w64-i686-arm-none-eabi/bin/../lib/gcc/arm-none-eabi/13.3.1/thumb/v8-m.base/nofp/crti.o
 .ARM.attributes
                0x0800dec2       0x30 D:/AppData/arm-gnu-toolchain-13.3.rel1-mingw-w64-i686-arm-none-eabi/bin/../lib/gcc/arm-none-eabi/13.3.1/thumb/v8-m.base/nofp/crtbegin.o
 .ARM.attributes
                0x0800def2       0x30 build/main.o
 .ARM.attributes
                0x0800df22       0x30 build/systick.o
 .ARM.attributes
                0x0800df52       0x30 build/gd32e23x_it.o
 .ARM.attributes
                0x0800df82       0x30 build/log.o
 .ARM.attributes
                0x0800dfb2       0x30 build/app.o
 .ARM.attributes
                0x0800dfe2       0x30 build/peripheral.o
 .ARM.attributes
                0x0800e012       0x30 build/gd32e23x_adc.o
 .ARM.attributes
                0x0800e042       0x30 build/gd32e23x_dma.o
 .ARM.attributes
                0x0800e072       0x30 build/gd32e23x_exti.o
 .ARM.attributes
                0x0800e0a2       0x30 build/gd32e23x_gpio.o
 .ARM.attributes
                0x0800e0d2       0x30 build/gd32e23x_misc.o
 .ARM.attributes
                0x0800e102       0x30 build/gd32e23x_rcu.o
 .ARM.attributes
                0x0800e132       0x30 build/gd32e23x_spi.o
 .ARM.attributes
                0x0800e162       0x30 build/gd32e23x_syscfg.o
 .ARM.attributes
                0x0800e192       0x30 build/gd32e23x_timer.o
 .ARM.attributes
                0x0800e1c2       0x30 build/syscalls.o
 .ARM.attributes
                0x0800e1f2       0x30 build/system_gd32e23x.o
 .ARM.attributes
                0x0800e222       0x30 build/lcd.o
 .ARM.attributes
                0x0800e252       0x22 build/startup_gd32e23x.o
 .ARM.attributes
                0x0800e274       0x30 D:/AppData/arm-gnu-toolchain-13.3.rel1-mingw-w64-i686-arm-none-eabi/bin/../lib/gcc/arm-none-eabi/13.3.1/thumb/v8-m.base/nofp\libc_nano.a(libc_a-nano-vfprintf_float.o)
 .ARM.attributes
                0x0800e2a4       0x30 D:/AppData/arm-gnu-toolchain-13.3.rel1-mingw-w64-i686-arm-none-eabi/bin/../lib/gcc/arm-none-eabi/13.3.1/thumb/v8-m.base/nofp\libc_nano.a(libc_a-nano-vfprintf_i.o)
 .ARM.attributes
                0x0800e2d4       0x30 D:/AppData/arm-gnu-toolchain-13.3.rel1-mingw-w64-i686-arm-none-eabi/bin/../lib/gcc/arm-none-eabi/13.3.1/thumb/v8-m.base/nofp\libc_nano.a(libc_a-nano-vfscanf_float.o)
 .ARM.attributes
                0x0800e304       0x30 D:/AppData/arm-gnu-toolchain-13.3.rel1-mingw-w64-i686-arm-none-eabi/bin/../lib/gcc/arm-none-eabi/13.3.1/thumb/v8-m.base/nofp\libc_nano.a(libc_a-findfp.o)
 .ARM.attributes
                0x0800e334       0x30 D:/AppData/arm-gnu-toolchain-13.3.rel1-mingw-w64-i686-arm-none-eabi/bin/../lib/gcc/arm-none-eabi/13.3.1/thumb/v8-m.base/nofp\libc_nano.a(libc_a-fwalk.o)
 .ARM.attributes
                0x0800e364       0x30 D:/AppData/arm-gnu-toolchain-13.3.rel1-mingw-w64-i686-arm-none-eabi/bin/../lib/gcc/arm-none-eabi/13.3.1/thumb/v8-m.base/nofp\libc_nano.a(libc_a-sprintf.o)
 .ARM.attributes
                0x0800e394       0x30 D:/AppData/arm-gnu-toolchain-13.3.rel1-mingw-w64-i686-arm-none-eabi/bin/../lib/gcc/arm-none-eabi/13.3.1/thumb/v8-m.base/nofp\libc_nano.a(libc_a-stdio.o)
 .ARM.attributes
                0x0800e3c4       0x30 D:/AppData/arm-gnu-toolchain-13.3.rel1-mingw-w64-i686-arm-none-eabi/bin/../lib/gcc/arm-none-eabi/13.3.1/thumb/v8-m.base/nofp\libc_nano.a(libc_a-memset.o)
 .ARM.attributes
                0x0800e3f4       0x30 D:/AppData/arm-gnu-toolchain-13.3.rel1-mingw-w64-i686-arm-none-eabi/bin/../lib/gcc/arm-none-eabi/13.3.1/thumb/v8-m.base/nofp\libc_nano.a(libc_a-localeconv.o)
 .ARM.attributes
                0x0800e424       0x30 D:/AppData/arm-gnu-toolchain-13.3.rel1-mingw-w64-i686-arm-none-eabi/bin/../lib/gcc/arm-none-eabi/13.3.1/thumb/v8-m.base/nofp\libc_nano.a(libc_a-closer.o)
 .ARM.attributes
                0x0800e454       0x30 D:/AppData/arm-gnu-toolchain-13.3.rel1-mingw-w64-i686-arm-none-eabi/bin/../lib/gcc/arm-none-eabi/13.3.1/thumb/v8-m.base/nofp\libc_nano.a(libc_a-reent.o)
 .ARM.attributes
                0x0800e484       0x30 D:/AppData/arm-gnu-toolchain-13.3.rel1-mingw-w64-i686-arm-none-eabi/bin/../lib/gcc/arm-none-eabi/13.3.1/thumb/v8-m.base/nofp\libc_nano.a(libc_a-impure.o)
 .ARM.attributes
                0x0800e4b4       0x30 D:/AppData/arm-gnu-toolchain-13.3.rel1-mingw-w64-i686-arm-none-eabi/bin/../lib/gcc/arm-none-eabi/13.3.1/thumb/v8-m.base/nofp\libc_nano.a(libc_a-lseekr.o)
 .ARM.attributes
                0x0800e4e4       0x30 D:/AppData/arm-gnu-toolchain-13.3.rel1-mingw-w64-i686-arm-none-eabi/bin/../lib/gcc/arm-none-eabi/13.3.1/thumb/v8-m.base/nofp\libc_nano.a(libc_a-readr.o)
 .ARM.attributes
                0x0800e514       0x30 D:/AppData/arm-gnu-toolchain-13.3.rel1-mingw-w64-i686-arm-none-eabi/bin/../lib/gcc/arm-none-eabi/13.3.1/thumb/v8-m.base/nofp\libc_nano.a(libc_a-writer.o)
 .ARM.attributes
                0x0800e544       0x30 D:/AppData/arm-gnu-toolchain-13.3.rel1-mingw-w64-i686-arm-none-eabi/bin/../lib/gcc/arm-none-eabi/13.3.1/thumb/v8-m.base/nofp\libc_nano.a(libc_a-init.o)
 .ARM.attributes
                0x0800e574       0x30 D:/AppData/arm-gnu-toolchain-13.3.rel1-mingw-w64-i686-arm-none-eabi/bin/../lib/gcc/arm-none-eabi/13.3.1/thumb/v8-m.base/nofp\libc_nano.a(libc_a-lock.o)
 .ARM.attributes
                0x0800e5a4       0x30 D:/AppData/arm-gnu-toolchain-13.3.rel1-mingw-w64-i686-arm-none-eabi/bin/../lib/gcc/arm-none-eabi/13.3.1/thumb/v8-m.base/nofp\libc_nano.a(libc_a-memchr-stub.o)
 .ARM.attributes
                0x0800e5d4       0x1c D:/AppData/arm-gnu-toolchain-13.3.rel1-mingw-w64-i686-arm-none-eabi/bin/../lib/gcc/arm-none-eabi/13.3.1/thumb/v8-m.base/nofp\libc_nano.a(libc_a-strlen.o)
 .ARM.attributes
                0x0800e5f0       0x30 D:/AppData/arm-gnu-toolchain-13.3.rel1-mingw-w64-i686-arm-none-eabi/bin/../lib/gcc/arm-none-eabi/13.3.1/thumb/v8-m.base/nofp\libc_nano.a(libm_a-sf_nan.o)
 .ARM.attributes
                0x0800e620       0x30 D:/AppData/arm-gnu-toolchain-13.3.rel1-mingw-w64-i686-arm-none-eabi/bin/../lib/gcc/arm-none-eabi/13.3.1/thumb/v8-m.base/nofp\libc_nano.a(libc_a-dtoa.o)
 .ARM.attributes
                0x0800e650       0x30 D:/AppData/arm-gnu-toolchain-13.3.rel1-mingw-w64-i686-arm-none-eabi/bin/../lib/gcc/arm-none-eabi/13.3.1/thumb/v8-m.base/nofp\libc_nano.a(libc_a-freer.o)
 .ARM.attributes
                0x0800e680       0x30 D:/AppData/arm-gnu-toolchain-13.3.rel1-mingw-w64-i686-arm-none-eabi/bin/../lib/gcc/arm-none-eabi/13.3.1/thumb/v8-m.base/nofp\libc_nano.a(libc_a-malloc.o)
 .ARM.attributes
                0x0800e6b0       0x30 D:/AppData/arm-gnu-toolchain-13.3.rel1-mingw-w64-i686-arm-none-eabi/bin/../lib/gcc/arm-none-eabi/13.3.1/thumb/v8-m.base/nofp\libc_nano.a(libc_a-mallocr.o)
 .ARM.attributes
                0x0800e6e0       0x30 D:/AppData/arm-gnu-toolchain-13.3.rel1-mingw-w64-i686-arm-none-eabi/bin/../lib/gcc/arm-none-eabi/13.3.1/thumb/v8-m.base/nofp\libc_nano.a(libc_a-mlock.o)
 .ARM.attributes
                0x0800e710       0x30 D:/AppData/arm-gnu-toolchain-13.3.rel1-mingw-w64-i686-arm-none-eabi/bin/../lib/gcc/arm-none-eabi/13.3.1/thumb/v8-m.base/nofp\libc_nano.a(libc_a-mprec.o)
 .ARM.attributes
                0x0800e740       0x30 D:/AppData/arm-gnu-toolchain-13.3.rel1-mingw-w64-i686-arm-none-eabi/bin/../lib/gcc/arm-none-eabi/13.3.1/thumb/v8-m.base/nofp\libc_nano.a(libc_a-strtod.o)
 .ARM.attributes
                0x0800e770       0x30 D:/AppData/arm-gnu-toolchain-13.3.rel1-mingw-w64-i686-arm-none-eabi/bin/../lib/gcc/arm-none-eabi/13.3.1/thumb/v8-m.base/nofp\libc_nano.a(libc_a-strtol.o)
 .ARM.attributes
                0x0800e7a0       0x30 D:/AppData/arm-gnu-toolchain-13.3.rel1-mingw-w64-i686-arm-none-eabi/bin/../lib/gcc/arm-none-eabi/13.3.1/thumb/v8-m.base/nofp\libc_nano.a(libc_a-ctype_.o)
 .ARM.attributes
                0x0800e7d0       0x30 D:/AppData/arm-gnu-toolchain-13.3.rel1-mingw-w64-i686-arm-none-eabi/bin/../lib/gcc/arm-none-eabi/13.3.1/thumb/v8-m.base/nofp\libc_nano.a(libc_a-nano-svfprintf.o)
 .ARM.attributes
                0x0800e800       0x30 D:/AppData/arm-gnu-toolchain-13.3.rel1-mingw-w64-i686-arm-none-eabi/bin/../lib/gcc/arm-none-eabi/13.3.1/thumb/v8-m.base/nofp\libc_nano.a(libc_a-fflush.o)
 .ARM.attributes
                0x0800e830       0x30 D:/AppData/arm-gnu-toolchain-13.3.rel1-mingw-w64-i686-arm-none-eabi/bin/../lib/gcc/arm-none-eabi/13.3.1/thumb/v8-m.base/nofp\libc_nano.a(libc_a-memmove.o)
 .ARM.attributes
                0x0800e860       0x30 D:/AppData/arm-gnu-toolchain-13.3.rel1-mingw-w64-i686-arm-none-eabi/bin/../lib/gcc/arm-none-eabi/13.3.1/thumb/v8-m.base/nofp\libc_nano.a(libc_a-strncmp.o)
 .ARM.attributes
                0x0800e890       0x30 D:/AppData/arm-gnu-toolchain-13.3.rel1-mingw-w64-i686-arm-none-eabi/bin/../lib/gcc/arm-none-eabi/13.3.1/thumb/v8-m.base/nofp\libc_nano.a(libc_a-locale.o)
 .ARM.attributes
                0x0800e8c0       0x30 D:/AppData/arm-gnu-toolchain-13.3.rel1-mingw-w64-i686-arm-none-eabi/bin/../lib/gcc/arm-none-eabi/13.3.1/thumb/v8-m.base/nofp\libc_nano.a(libc_a-sbrkr.o)
 .ARM.attributes
                0x0800e8f0       0x30 D:/AppData/arm-gnu-toolchain-13.3.rel1-mingw-w64-i686-arm-none-eabi/bin/../lib/gcc/arm-none-eabi/13.3.1/thumb/v8-m.base/nofp\libc_nano.a(libc_a-errno.o)
 .ARM.attributes
                0x0800e920       0x30 D:/AppData/arm-gnu-toolchain-13.3.rel1-mingw-w64-i686-arm-none-eabi/bin/../lib/gcc/arm-none-eabi/13.3.1/thumb/v8-m.base/nofp\libc_nano.a(libc_a-memcpy-stub.o)
 .ARM.attributes
                0x0800e950       0x30 D:/AppData/arm-gnu-toolchain-13.3.rel1-mingw-w64-i686-arm-none-eabi/bin/../lib/gcc/arm-none-eabi/13.3.1/thumb/v8-m.base/nofp\libc_nano.a(libm_a-s_nan.o)
 .ARM.attributes
                0x0800e980       0x30 D:/AppData/arm-gnu-toolchain-13.3.rel1-mingw-w64-i686-arm-none-eabi/bin/../lib/gcc/arm-none-eabi/13.3.1/thumb/v8-m.base/nofp\libc_nano.a(libc_a-assert.o)
 .ARM.attributes
                0x0800e9b0       0x30 D:/AppData/arm-gnu-toolchain-13.3.rel1-mingw-w64-i686-arm-none-eabi/bin/../lib/gcc/arm-none-eabi/13.3.1/thumb/v8-m.base/nofp\libc_nano.a(libc_a-callocr.o)
 .ARM.attributes
                0x0800e9e0       0x30 D:/AppData/arm-gnu-toolchain-13.3.rel1-mingw-w64-i686-arm-none-eabi/bin/../lib/gcc/arm-none-eabi/13.3.1/thumb/v8-m.base/nofp\libc_nano.a(libc_a-gdtoa-gethex.o)
 .ARM.attributes
                0x0800ea10       0x30 D:/AppData/arm-gnu-toolchain-13.3.rel1-mingw-w64-i686-arm-none-eabi/bin/../lib/gcc/arm-none-eabi/13.3.1/thumb/v8-m.base/nofp\libc_nano.a(libc_a-gdtoa-hexnan.o)
 .ARM.attributes
                0x0800ea40       0x30 D:/AppData/arm-gnu-toolchain-13.3.rel1-mingw-w64-i686-arm-none-eabi/bin/../lib/gcc/arm-none-eabi/13.3.1/thumb/v8-m.base/nofp\libc_nano.a(libc_a-mbtowc_r.o)
 .ARM.attributes
                0x0800ea70       0x30 D:/AppData/arm-gnu-toolchain-13.3.rel1-mingw-w64-i686-arm-none-eabi/bin/../lib/gcc/arm-none-eabi/13.3.1/thumb/v8-m.base/nofp\libc_nano.a(libc_a-reallocr.o)
 .ARM.attributes
                0x0800eaa0       0x30 D:/AppData/arm-gnu-toolchain-13.3.rel1-mingw-w64-i686-arm-none-eabi/bin/../lib/gcc/arm-none-eabi/13.3.1/thumb/v8-m.base/nofp\libc_nano.a(libc_a-wctomb_r.o)
 .ARM.attributes
                0x0800ead0       0x30 D:/AppData/arm-gnu-toolchain-13.3.rel1-mingw-w64-i686-arm-none-eabi/bin/../lib/gcc/arm-none-eabi/13.3.1/thumb/v8-m.base/nofp\libc_nano.a(libc_a-fprintf.o)
 .ARM.attributes
                0x0800eb00       0x30 D:/AppData/arm-gnu-toolchain-13.3.rel1-mingw-w64-i686-arm-none-eabi/bin/../lib/gcc/arm-none-eabi/13.3.1/thumb/v8-m.base/nofp\libc_nano.a(libc_a-abort.o)
 .ARM.attributes
                0x0800eb30       0x30 D:/AppData/arm-gnu-toolchain-13.3.rel1-mingw-w64-i686-arm-none-eabi/bin/../lib/gcc/arm-none-eabi/13.3.1/thumb/v8-m.base/nofp\libc_nano.a(libc_a-msizer.o)
 .ARM.attributes
                0x0800eb60       0x30 D:/AppData/arm-gnu-toolchain-13.3.rel1-mingw-w64-i686-arm-none-eabi/bin/../lib/gcc/arm-none-eabi/13.3.1/thumb/v8-m.base/nofp\libc_nano.a(libc_a-nano-vfprintf.o)
 .ARM.attributes
                0x0800eb90       0x30 D:/AppData/arm-gnu-toolchain-13.3.rel1-mingw-w64-i686-arm-none-eabi/bin/../lib/gcc/arm-none-eabi/13.3.1/thumb/v8-m.base/nofp\libc_nano.a(libc_a-wbuf.o)
 .ARM.attributes
                0x0800ebc0       0x30 D:/AppData/arm-gnu-toolchain-13.3.rel1-mingw-w64-i686-arm-none-eabi/bin/../lib/gcc/arm-none-eabi/13.3.1/thumb/v8-m.base/nofp\libc_nano.a(libc_a-wsetup.o)
 .ARM.attributes
                0x0800ebf0       0x30 D:/AppData/arm-gnu-toolchain-13.3.rel1-mingw-w64-i686-arm-none-eabi/bin/../lib/gcc/arm-none-eabi/13.3.1/thumb/v8-m.base/nofp\libc_nano.a(libc_a-signal.o)
 .ARM.attributes
                0x0800ec20       0x30 D:/AppData/arm-gnu-toolchain-13.3.rel1-mingw-w64-i686-arm-none-eabi/bin/../lib/gcc/arm-none-eabi/13.3.1/thumb/v8-m.base/nofp\libc_nano.a(libc_a-signalr.o)
 .ARM.attributes
                0x0800ec50       0x30 D:/AppData/arm-gnu-toolchain-13.3.rel1-mingw-w64-i686-arm-none-eabi/bin/../lib/gcc/arm-none-eabi/13.3.1/thumb/v8-m.base/nofp\libc_nano.a(libc_a-makebuf.o)
 .ARM.attributes
                0x0800ec80       0x30 D:/AppData/arm-gnu-toolchain-13.3.rel1-mingw-w64-i686-arm-none-eabi/bin/../lib/gcc/arm-none-eabi/13.3.1/thumb/v8-m.base/nofp\libc_nano.a(libc_a-fstatr.o)
 .ARM.attributes
                0x0800ecb0       0x30 D:/AppData/arm-gnu-toolchain-13.3.rel1-mingw-w64-i686-arm-none-eabi/bin/../lib/gcc/arm-none-eabi/13.3.1/thumb/v8-m.base/nofp\libc_nano.a(libc_a-isattyr.o)
 .ARM.attributes
                0x0800ece0       0x22 D:/AppData/arm-gnu-toolchain-13.3.rel1-mingw-w64-i686-arm-none-eabi/bin/../lib/gcc/arm-none-eabi/13.3.1/thumb/v8-m.base/nofp\libgcc.a(_thumb1_case_uqi.o)
 .ARM.attributes
                0x0800ed02       0x22 D:/AppData/arm-gnu-toolchain-13.3.rel1-mingw-w64-i686-arm-none-eabi/bin/../lib/gcc/arm-none-eabi/13.3.1/thumb/v8-m.base/nofp\libgcc.a(_thumb1_case_shi.o)
 .ARM.attributes
                0x0800ed24       0x22 D:/AppData/arm-gnu-toolchain-13.3.rel1-mingw-w64-i686-arm-none-eabi/bin/../lib/gcc/arm-none-eabi/13.3.1/thumb/v8-m.base/nofp\libgcc.a(_arm_cmpdf2.o)
 .ARM.attributes
                0x0800ed46       0x22 D:/AppData/arm-gnu-toolchain-13.3.rel1-mingw-w64-i686-arm-none-eabi/bin/../lib/gcc/arm-none-eabi/13.3.1/thumb/v8-m.base/nofp\libgcc.a(_arm_cmpsf2.o)
 .ARM.attributes
                0x0800ed68       0x30 D:/AppData/arm-gnu-toolchain-13.3.rel1-mingw-w64-i686-arm-none-eabi/bin/../lib/gcc/arm-none-eabi/13.3.1/thumb/v8-m.base/nofp\libgcc.a(_fixunssfsi.o)
 .ARM.attributes
                0x0800ed98       0x30 D:/AppData/arm-gnu-toolchain-13.3.rel1-mingw-w64-i686-arm-none-eabi/bin/../lib/gcc/arm-none-eabi/13.3.1/thumb/v8-m.base/nofp\libgcc.a(_fixunsdfsi.o)
 .ARM.attributes
                0x0800edc8       0x30 D:/AppData/arm-gnu-toolchain-13.3.rel1-mingw-w64-i686-arm-none-eabi/bin/../lib/gcc/arm-none-eabi/13.3.1/thumb/v8-m.base/nofp\libgcc.a(_fixdfdi.o)
 .ARM.attributes
                0x0800edf8       0x30 D:/AppData/arm-gnu-toolchain-13.3.rel1-mingw-w64-i686-arm-none-eabi/bin/../lib/gcc/arm-none-eabi/13.3.1/thumb/v8-m.base/nofp\libgcc.a(_fixunsdfdi.o)
 .ARM.attributes
                0x0800ee28       0x30 D:/AppData/arm-gnu-toolchain-13.3.rel1-mingw-w64-i686-arm-none-eabi/bin/../lib/gcc/arm-none-eabi/13.3.1/thumb/v8-m.base/nofp\libgcc.a(_floatdidf.o)
 .ARM.attributes
                0x0800ee58       0x30 D:/AppData/arm-gnu-toolchain-13.3.rel1-mingw-w64-i686-arm-none-eabi/bin/../lib/gcc/arm-none-eabi/13.3.1/thumb/v8-m.base/nofp\libgcc.a(divsf3.o)
 .ARM.attributes
                0x0800ee88       0x30 D:/AppData/arm-gnu-toolchain-13.3.rel1-mingw-w64-i686-arm-none-eabi/bin/../lib/gcc/arm-none-eabi/13.3.1/thumb/v8-m.base/nofp\libgcc.a(eqsf2.o)
 .ARM.attributes
                0x0800eeb8       0x30 D:/AppData/arm-gnu-toolchain-13.3.rel1-mingw-w64-i686-arm-none-eabi/bin/../lib/gcc/arm-none-eabi/13.3.1/thumb/v8-m.base/nofp\libgcc.a(gesf2.o)
 .ARM.attributes
                0x0800eee8       0x30 D:/AppData/arm-gnu-toolchain-13.3.rel1-mingw-w64-i686-arm-none-eabi/bin/../lib/gcc/arm-none-eabi/13.3.1/thumb/v8-m.base/nofp\libgcc.a(lesf2.o)
 .ARM.attributes
                0x0800ef18       0x30 D:/AppData/arm-gnu-toolchain-13.3.rel1-mingw-w64-i686-arm-none-eabi/bin/../lib/gcc/arm-none-eabi/13.3.1/thumb/v8-m.base/nofp\libgcc.a(mulsf3.o)
 .ARM.attributes
                0x0800ef48       0x30 D:/AppData/arm-gnu-toolchain-13.3.rel1-mingw-w64-i686-arm-none-eabi/bin/../lib/gcc/arm-none-eabi/13.3.1/thumb/v8-m.base/nofp\libgcc.a(subsf3.o)
 .ARM.attributes
                0x0800ef78       0x30 D:/AppData/arm-gnu-toolchain-13.3.rel1-mingw-w64-i686-arm-none-eabi/bin/../lib/gcc/arm-none-eabi/13.3.1/thumb/v8-m.base/nofp\libgcc.a(fixsfsi.o)
 .ARM.attributes
                0x0800efa8       0x30 D:/AppData/arm-gnu-toolchain-13.3.rel1-mingw-w64-i686-arm-none-eabi/bin/../lib/gcc/arm-none-eabi/13.3.1/thumb/v8-m.base/nofp\libgcc.a(floatsisf.o)
 .ARM.attributes
                0x0800efd8       0x30 D:/AppData/arm-gnu-toolchain-13.3.rel1-mingw-w64-i686-arm-none-eabi/bin/../lib/gcc/arm-none-eabi/13.3.1/thumb/v8-m.base/nofp\libgcc.a(adddf3.o)
 .ARM.attributes
                0x0800f008       0x30 D:/AppData/arm-gnu-toolchain-13.3.rel1-mingw-w64-i686-arm-none-eabi/bin/../lib/gcc/arm-none-eabi/13.3.1/thumb/v8-m.base/nofp\libgcc.a(divdf3.o)
 .ARM.attributes
                0x0800f038       0x30 D:/AppData/arm-gnu-toolchain-13.3.rel1-mingw-w64-i686-arm-none-eabi/bin/../lib/gcc/arm-none-eabi/13.3.1/thumb/v8-m.base/nofp\libgcc.a(eqdf2.o)
 .ARM.attributes
                0x0800f068       0x30 D:/AppData/arm-gnu-toolchain-13.3.rel1-mingw-w64-i686-arm-none-eabi/bin/../lib/gcc/arm-none-eabi/13.3.1/thumb/v8-m.base/nofp\libgcc.a(gedf2.o)
 .ARM.attributes
                0x0800f098       0x30 D:/AppData/arm-gnu-toolchain-13.3.rel1-mingw-w64-i686-arm-none-eabi/bin/../lib/gcc/arm-none-eabi/13.3.1/thumb/v8-m.base/nofp\libgcc.a(ledf2.o)
 .ARM.attributes
                0x0800f0c8       0x30 D:/AppData/arm-gnu-toolchain-13.3.rel1-mingw-w64-i686-arm-none-eabi/bin/../lib/gcc/arm-none-eabi/13.3.1/thumb/v8-m.base/nofp\libgcc.a(muldf3.o)
 .ARM.attributes
                0x0800f0f8       0x30 D:/AppData/arm-gnu-toolchain-13.3.rel1-mingw-w64-i686-arm-none-eabi/bin/../lib/gcc/arm-none-eabi/13.3.1/thumb/v8-m.base/nofp\libgcc.a(subdf3.o)
 .ARM.attributes
                0x0800f128       0x30 D:/AppData/arm-gnu-toolchain-13.3.rel1-mingw-w64-i686-arm-none-eabi/bin/../lib/gcc/arm-none-eabi/13.3.1/thumb/v8-m.base/nofp\libgcc.a(unorddf2.o)
 .ARM.attributes
                0x0800f158       0x30 D:/AppData/arm-gnu-toolchain-13.3.rel1-mingw-w64-i686-arm-none-eabi/bin/../lib/gcc/arm-none-eabi/13.3.1/thumb/v8-m.base/nofp\libgcc.a(fixdfsi.o)
 .ARM.attributes
                0x0800f188       0x30 D:/AppData/arm-gnu-toolchain-13.3.rel1-mingw-w64-i686-arm-none-eabi/bin/../lib/gcc/arm-none-eabi/13.3.1/thumb/v8-m.base/nofp\libgcc.a(floatsidf.o)
 .ARM.attributes
                0x0800f1b8       0x30 D:/AppData/arm-gnu-toolchain-13.3.rel1-mingw-w64-i686-arm-none-eabi/bin/../lib/gcc/arm-none-eabi/13.3.1/thumb/v8-m.base/nofp\libgcc.a(floatunsidf.o)
 .ARM.attributes
                0x0800f1e8       0x30 D:/AppData/arm-gnu-toolchain-13.3.rel1-mingw-w64-i686-arm-none-eabi/bin/../lib/gcc/arm-none-eabi/13.3.1/thumb/v8-m.base/nofp\libgcc.a(truncdfsf2.o)
 .ARM.attributes
                0x0800f218       0x22 D:/AppData/arm-gnu-toolchain-13.3.rel1-mingw-w64-i686-arm-none-eabi/bin/../lib/gcc/arm-none-eabi/13.3.1/thumb/v8-m.base/nofp\libgcc.a(_clzsi2.o)
 .ARM.attributes
                0x0800f23a       0x30 D:/AppData/arm-gnu-toolchain-13.3.rel1-mingw-w64-i686-arm-none-eabi/bin/../lib/gcc/arm-none-eabi/13.3.1/thumb/v8-m.base/nofp/crtend.o
 .ARM.attributes
                0x0800f26a       0x22 D:/AppData/arm-gnu-toolchain-13.3.rel1-mingw-w64-i686-arm-none-eabi/bin/../lib/gcc/arm-none-eabi/13.3.1/thumb/v8-m.base/nofp/crtn.o

.preinit_array  0x0800dea0        0x0
                0x0800dea0                        PROVIDE (__preinit_array_start = .)
 *(.preinit_array*)
                0x0800dea0                        PROVIDE (__preinit_array_end = .)

.init_array     0x0800dea0        0x4
                0x0800dea0                        PROVIDE (__init_array_start = .)
 *(SORT_BY_NAME(.init_array.*))
 *(.init_array*)
 .init_array    0x0800dea0        0x4 D:/AppData/arm-gnu-toolchain-13.3.rel1-mingw-w64-i686-arm-none-eabi/bin/../lib/gcc/arm-none-eabi/13.3.1/thumb/v8-m.base/nofp/crtbegin.o
                0x0800dea4                        PROVIDE (__init_array_end = .)

.fini_array     0x0800dea4        0x4
                [!provide]                        PROVIDE (__fini_array_start = .)
 *(.fini_array*)
 .fini_array    0x0800dea4        0x4 D:/AppData/arm-gnu-toolchain-13.3.rel1-mingw-w64-i686-arm-none-eabi/bin/../lib/gcc/arm-none-eabi/13.3.1/thumb/v8-m.base/nofp/crtbegin.o
 *(SORT_BY_NAME(.fini_array.*))
                [!provide]                        PROVIDE (__fini_array_end = .)
                0x0800dea8                        _sidata = LOADADDR (.data)

.data           0x20000000      0x1d4 load address 0x0800dea8
                0x20000000                        . = ALIGN (0x4)
                0x20000000                        _sdata = .
 *(.data)
 *(.data*)
 .data.curbrk.0
                0x20000000        0x4 build/syscalls.o
 .data.SystemCoreClock
                0x20000004        0x4 build/system_gd32e23x.o
                0x20000004                SystemCoreClock
 .data.first_point.2
                0x20000008        0x1 build/lcd.o
 *fill*         0x20000009        0x3 
 .data.__sglue  0x2000000c        0xc D:/AppData/arm-gnu-toolchain-13.3.rel1-mingw-w64-i686-arm-none-eabi/bin/../lib/gcc/arm-none-eabi/13.3.1/thumb/v8-m.base/nofp\libc_nano.a(libc_a-findfp.o)
                0x2000000c                __sglue
 .data._impure_ptr
                0x20000018        0x4 D:/AppData/arm-gnu-toolchain-13.3.rel1-mingw-w64-i686-arm-none-eabi/bin/../lib/gcc/arm-none-eabi/13.3.1/thumb/v8-m.base/nofp\libc_nano.a(libc_a-impure.o)
                0x20000018                _impure_ptr
 .data._impure_data
                0x2000001c       0x4c D:/AppData/arm-gnu-toolchain-13.3.rel1-mingw-w64-i686-arm-none-eabi/bin/../lib/gcc/arm-none-eabi/13.3.1/thumb/v8-m.base/nofp\libc_nano.a(libc_a-impure.o)
                0x2000001c                _impure_data
 .data.__global_locale
                0x20000068      0x16c D:/AppData/arm-gnu-toolchain-13.3.rel1-mingw-w64-i686-arm-none-eabi/bin/../lib/gcc/arm-none-eabi/13.3.1/thumb/v8-m.base/nofp\libc_nano.a(libc_a-locale.o)
                0x20000068                __global_locale
                0x200001d4                        . = ALIGN (0x4)
                0x200001d4                        _edata = .

.tm_clone_table
                0x200001d4        0x0 load address 0x0800e07c
 .tm_clone_table
                0x200001d4        0x0 D:/AppData/arm-gnu-toolchain-13.3.rel1-mingw-w64-i686-arm-none-eabi/bin/../lib/gcc/arm-none-eabi/13.3.1/thumb/v8-m.base/nofp/crtbegin.o
 .tm_clone_table
                0x200001d4        0x0 D:/AppData/arm-gnu-toolchain-13.3.rel1-mingw-w64-i686-arm-none-eabi/bin/../lib/gcc/arm-none-eabi/13.3.1/thumb/v8-m.base/nofp/crtend.o

.igot.plt       0x200001d4        0x0 load address 0x0800e07c
 .igot.plt      0x200001d4        0x0 D:/AppData/arm-gnu-toolchain-13.3.rel1-mingw-w64-i686-arm-none-eabi/bin/../lib/gcc/arm-none-eabi/13.3.1/thumb/v8-m.base/nofp/crtbegin.o
                0x200001d4                        . = ALIGN (0x4)

.bss            0x200001d4      0x3e4 load address 0x0800e07c
                0x200001d4                        _sbss = .
                0x200001d4                        __bss_start__ = _sbss
 *(.bss)
 *(.bss*)
 .bss.completed.1
                0x200001d4        0x1 D:/AppData/arm-gnu-toolchain-13.3.rel1-mingw-w64-i686-arm-none-eabi/bin/../lib/gcc/arm-none-eabi/13.3.1/thumb/v8-m.base/nofp/crtbegin.o
 *fill*         0x200001d5        0x3 
 .bss.object.0  0x200001d8       0x18 D:/AppData/arm-gnu-toolchain-13.3.rel1-mingw-w64-i686-arm-none-eabi/bin/../lib/gcc/arm-none-eabi/13.3.1/thumb/v8-m.base/nofp/crtbegin.o
 .bss.delay     0x200001f0        0x4 build/systick.o
 .bss.buf.0     0x200001f4        0x4 build/gd32e23x_it.o
 .bss.value.1   0x200001f8        0x4 build/gd32e23x_it.o
 .bss.app_state
                0x200001fc        0x1 build/app.o
                0x200001fc                app_state
 *fill*         0x200001fd        0x3 
 .bss.app_data  0x20000200      0x268 build/app.o
                0x20000200                app_data
 .bss.lastY.0   0x20000468        0x2 build/lcd.o
 .bss.lastX.1   0x2000046a        0x2 build/lcd.o
 .bss.__sf      0x2000046c      0x138 D:/AppData/arm-gnu-toolchain-13.3.rel1-mingw-w64-i686-arm-none-eabi/bin/../lib/gcc/arm-none-eabi/13.3.1/thumb/v8-m.base/nofp\libc_nano.a(libc_a-findfp.o)
                0x2000046c                __sf
 .bss.__stdio_exit_handler
                0x200005a4        0x4 D:/AppData/arm-gnu-toolchain-13.3.rel1-mingw-w64-i686-arm-none-eabi/bin/../lib/gcc/arm-none-eabi/13.3.1/thumb/v8-m.base/nofp\libc_nano.a(libc_a-findfp.o)
                0x200005a4                __stdio_exit_handler
 .bss.errno     0x200005a8        0x4 D:/AppData/arm-gnu-toolchain-13.3.rel1-mingw-w64-i686-arm-none-eabi/bin/../lib/gcc/arm-none-eabi/13.3.1/thumb/v8-m.base/nofp\libc_nano.a(libc_a-reent.o)
                0x200005a8                errno
 .bss.__lock___malloc_recursive_mutex
                0x200005ac        0x1 D:/AppData/arm-gnu-toolchain-13.3.rel1-mingw-w64-i686-arm-none-eabi/bin/../lib/gcc/arm-none-eabi/13.3.1/thumb/v8-m.base/nofp\libc_nano.a(libc_a-lock.o)
                0x200005ac                __lock___malloc_recursive_mutex
 .bss.__lock___sfp_recursive_mutex
                0x200005ad        0x1 D:/AppData/arm-gnu-toolchain-13.3.rel1-mingw-w64-i686-arm-none-eabi/bin/../lib/gcc/arm-none-eabi/13.3.1/thumb/v8-m.base/nofp\libc_nano.a(libc_a-lock.o)
                0x200005ad                __lock___sfp_recursive_mutex
 *fill*         0x200005ae        0x2 
 .bss.__malloc_sbrk_start
                0x200005b0        0x4 D:/AppData/arm-gnu-toolchain-13.3.rel1-mingw-w64-i686-arm-none-eabi/bin/../lib/gcc/arm-none-eabi/13.3.1/thumb/v8-m.base/nofp\libc_nano.a(libc_a-mallocr.o)
                0x200005b0                __malloc_sbrk_start
 .bss.__malloc_free_list
                0x200005b4        0x4 D:/AppData/arm-gnu-toolchain-13.3.rel1-mingw-w64-i686-arm-none-eabi/bin/../lib/gcc/arm-none-eabi/13.3.1/thumb/v8-m.base/nofp\libc_nano.a(libc_a-mallocr.o)
                0x200005b4                __malloc_free_list
 *(COMMON)
                0x200005b8                        . = ALIGN (0x4)
                0x200005b8                        _ebss = .
                0x200005b8                        __bss_end__ = _ebss
                0x200005b8                        . = ALIGN (0x8)
                [!provide]                        PROVIDE (end = _ebss)
                0x200005b8                        PROVIDE (_end = _ebss)

.stack          0x20000800     0x1800 load address 0x200005b8
                0x20000800                        PROVIDE (_heap_end = .)
                0x00001800                        . = __stack_size
 *fill*         0x20000800     0x1800 
                0x20002000                        PROVIDE (_sp = .)
START GROUP
LOAD D:/AppData/arm-gnu-toolchain-13.3.rel1-mingw-w64-i686-arm-none-eabi/bin/../lib/gcc/arm-none-eabi/13.3.1/thumb/v8-m.base/nofp\libgcc.a
LOAD D:/AppData/arm-gnu-toolchain-13.3.rel1-mingw-w64-i686-arm-none-eabi/bin/../lib/gcc/arm-none-eabi/13.3.1/thumb/v8-m.base/nofp\libc.a
LOAD D:/AppData/arm-gnu-toolchain-13.3.rel1-mingw-w64-i686-arm-none-eabi/bin/../lib/gcc/arm-none-eabi/13.3.1/thumb/v8-m.base/nofp\libm.a
LOAD D:/AppData/arm-gnu-toolchain-13.3.rel1-mingw-w64-i686-arm-none-eabi/bin/../lib/gcc/arm-none-eabi/13.3.1/thumb/v8-m.base/nofp\libnosys.a
END GROUP
OUTPUT(build/demo_gd32.elf elf32-littlearm)