Archive member included to satisfy reference by file (symbol)

D:/AppData/arm-gnu-toolchain-13.3.rel1-mingw-w64-i686-arm-none-eabi/bin/../lib/gcc/arm-none-eabi/13.3.1/thumb/v8-m.base/nofp\libc_nano.a(libc_a-exit.o)
                              D:/AppData/arm-gnu-toolchain-13.3.rel1-mingw-w64-i686-arm-none-eabi/bin/../lib/gcc/arm-none-eabi/13.3.1/thumb/v8-m.base/nofp/crt0.o (exit)
D:/AppData/arm-gnu-toolchain-13.3.rel1-mingw-w64-i686-arm-none-eabi/bin/../lib/gcc/arm-none-eabi/13.3.1/thumb/v8-m.base/nofp\libc_nano.a(libc_a-nano-vfprintf_float.o)
                              (_printf_float)
D:/AppData/arm-gnu-toolchain-13.3.rel1-mingw-w64-i686-arm-none-eabi/bin/../lib/gcc/arm-none-eabi/13.3.1/thumb/v8-m.base/nofp\libc_nano.a(libc_a-nano-vfprintf_i.o)
                              D:/AppData/arm-gnu-toolchain-13.3.rel1-mingw-w64-i686-arm-none-eabi/bin/../lib/gcc/arm-none-eabi/13.3.1/thumb/v8-m.base/nofp\libc_nano.a(libc_a-nano-vfprintf_float.o) (_printf_common)
D:/AppData/arm-gnu-toolchain-13.3.rel1-mingw-w64-i686-arm-none-eabi/bin/../lib/gcc/arm-none-eabi/13.3.1/thumb/v8-m.base/nofp\libc_nano.a(libc_a-nano-vfscanf_float.o)
                              (_scanf_float)
D:/AppData/arm-gnu-toolchain-13.3.rel1-mingw-w64-i686-arm-none-eabi/bin/../lib/gcc/arm-none-eabi/13.3.1/thumb/v8-m.base/nofp\libc_nano.a(libc_a-findfp.o)
                              D:/AppData/arm-gnu-toolchain-13.3.rel1-mingw-w64-i686-arm-none-eabi/bin/../lib/gcc/arm-none-eabi/13.3.1/thumb/v8-m.base/nofp\libc_nano.a(libc_a-exit.o) (__stdio_exit_handler)
D:/AppData/arm-gnu-toolchain-13.3.rel1-mingw-w64-i686-arm-none-eabi/bin/../lib/gcc/arm-none-eabi/13.3.1/thumb/v8-m.base/nofp\libc_nano.a(libc_a-fwalk.o)
                              D:/AppData/arm-gnu-toolchain-13.3.rel1-mingw-w64-i686-arm-none-eabi/bin/../lib/gcc/arm-none-eabi/13.3.1/thumb/v8-m.base/nofp\libc_nano.a(libc_a-findfp.o) (_fwalk_sglue)
D:/AppData/arm-gnu-toolchain-13.3.rel1-mingw-w64-i686-arm-none-eabi/bin/../lib/gcc/arm-none-eabi/13.3.1/thumb/v8-m.base/nofp\libc_nano.a(libc_a-printf.o)
                              build/main.o (printf)
D:/AppData/arm-gnu-toolchain-13.3.rel1-mingw-w64-i686-arm-none-eabi/bin/../lib/gcc/arm-none-eabi/13.3.1/thumb/v8-m.base/nofp\libc_nano.a(libc_a-puts.o)
                              build/main.o (puts)
D:/AppData/arm-gnu-toolchain-13.3.rel1-mingw-w64-i686-arm-none-eabi/bin/../lib/gcc/arm-none-eabi/13.3.1/thumb/v8-m.base/nofp\libc_nano.a(libc_a-sprintf.o)
                              D:/AppData/arm-gnu-toolchain-13.3.rel1-mingw-w64-i686-arm-none-eabi/bin/../lib/gcc/arm-none-eabi/13.3.1/thumb/v8-m.base/nofp\libc_nano.a(libc_a-nano-vfscanf_float.o) (sprintf)
D:/AppData/arm-gnu-toolchain-13.3.rel1-mingw-w64-i686-arm-none-eabi/bin/../lib/gcc/arm-none-eabi/13.3.1/thumb/v8-m.base/nofp\libc_nano.a(libc_a-stdio.o)
                              D:/AppData/arm-gnu-toolchain-13.3.rel1-mingw-w64-i686-arm-none-eabi/bin/../lib/gcc/arm-none-eabi/13.3.1/thumb/v8-m.base/nofp\libc_nano.a(libc_a-findfp.o) (__sread)
D:/AppData/arm-gnu-toolchain-13.3.rel1-mingw-w64-i686-arm-none-eabi/bin/../lib/gcc/arm-none-eabi/13.3.1/thumb/v8-m.base/nofp\libc_nano.a(libc_a-wbuf.o)
                              D:/AppData/arm-gnu-toolchain-13.3.rel1-mingw-w64-i686-arm-none-eabi/bin/../lib/gcc/arm-none-eabi/13.3.1/thumb/v8-m.base/nofp\libc_nano.a(libc_a-puts.o) (__swbuf_r)
D:/AppData/arm-gnu-toolchain-13.3.rel1-mingw-w64-i686-arm-none-eabi/bin/../lib/gcc/arm-none-eabi/13.3.1/thumb/v8-m.base/nofp\libc_nano.a(libc_a-wsetup.o)
                              D:/AppData/arm-gnu-toolchain-13.3.rel1-mingw-w64-i686-arm-none-eabi/bin/../lib/gcc/arm-none-eabi/13.3.1/thumb/v8-m.base/nofp\libc_nano.a(libc_a-puts.o) (__swsetup_r)
D:/AppData/arm-gnu-toolchain-13.3.rel1-mingw-w64-i686-arm-none-eabi/bin/../lib/gcc/arm-none-eabi/13.3.1/thumb/v8-m.base/nofp\libc_nano.a(libc_a-memset.o)
                              D:/AppData/arm-gnu-toolchain-13.3.rel1-mingw-w64-i686-arm-none-eabi/bin/../lib/gcc/arm-none-eabi/13.3.1/thumb/v8-m.base/nofp/crt0.o (memset)
D:/AppData/arm-gnu-toolchain-13.3.rel1-mingw-w64-i686-arm-none-eabi/bin/../lib/gcc/arm-none-eabi/13.3.1/thumb/v8-m.base/nofp\libc_nano.a(libc_a-localeconv.o)
                              D:/AppData/arm-gnu-toolchain-13.3.rel1-mingw-w64-i686-arm-none-eabi/bin/../lib/gcc/arm-none-eabi/13.3.1/thumb/v8-m.base/nofp\libc_nano.a(libc_a-nano-vfprintf_float.o) (_localeconv_r)
D:/AppData/arm-gnu-toolchain-13.3.rel1-mingw-w64-i686-arm-none-eabi/bin/../lib/gcc/arm-none-eabi/13.3.1/thumb/v8-m.base/nofp\libc_nano.a(libc_a-closer.o)
                              D:/AppData/arm-gnu-toolchain-13.3.rel1-mingw-w64-i686-arm-none-eabi/bin/../lib/gcc/arm-none-eabi/13.3.1/thumb/v8-m.base/nofp\libc_nano.a(libc_a-stdio.o) (_close_r)
D:/AppData/arm-gnu-toolchain-13.3.rel1-mingw-w64-i686-arm-none-eabi/bin/../lib/gcc/arm-none-eabi/13.3.1/thumb/v8-m.base/nofp\libc_nano.a(libc_a-reent.o)
                              build/syscalls.o (errno)
[...]
Memory Configuration

Name             Origin             Length             Attributes
FLASH            0x08000000         0x00010000         xr
RAM              0x20000000         0x00002000         xrw
*default*        0x00000000         0xffffffff

Linker script and memory map

LOAD D:/AppData/arm-gnu-toolchain-13.3.rel1-mingw-w64-i686-arm-none-eabi/bin/../lib/gcc/arm-none-eabi/13.3.1/thumb/v8-m.base/nofp/crti.o
LOAD D:/AppData/arm-gnu-toolchain-13.3.rel1-mingw-w64-i686-arm-none-eabi/bin/../lib/gcc/arm-none-eabi/13.3.1/thumb/v8-m.base/nofp/crtbegin.o
LOAD D:/AppData/arm-gnu-toolchain-13.3.rel1-mingw-w64-i686-arm-none-eabi/bin/../lib/gcc/arm-none-eabi/13.3.1/thumb/v8-m.base/nofp/crt0.o
LOAD build/main.o
LOAD build/systick.o
LOAD build/gd32e23x_it.o
LOAD build/gd32e230c_eval.o
LOAD build/gd32e23x_adc.o
LOAD build/gd32e23x_cmp.o
LOAD build/gd32e23x_crc.o
LOAD build/gd32e23x_dbg.o
LOAD build/gd32e23x_dma.o
LOAD build/gd32e23x_exti.o
LOAD build/gd32e23x_fmc.o
LOAD build/gd32e23x_fwdgt.o
LOAD build/gd32e23x_gpio.o
LOAD build/gd32e23x_i2c.o
LOAD build/gd32e23x_misc.o
LOAD build/gd32e23x_pmu.o
LOAD build/gd32e23x_rcu.o
LOAD build/gd32e23x_rtc.o
LOAD build/gd32e23x_spi.o
LOAD build/gd32e23x_syscfg.o
LOAD build/gd32e23x_timer.o
LOAD build/gd32e23x_usart.o
LOAD build/gd32e23x_wwdgt.o
LOAD build/syscalls.o
LOAD build/system_gd32e23x.o
LOAD build/lcd.o
LOAD build/startup_gd32e23x.o
LOAD D:/AppData/arm-gnu-toolchain-13.3.rel1-mingw-w64-i686-arm-none-eabi/bin/../lib/gcc/arm-none-eabi/13.3.1/thumb/v8-m.base/nofp\libc_nano.a
LOAD D:/AppData/arm-gnu-toolchain-13.3.rel1-mingw-w64-i686-arm-none-eabi/bin/../lib/gcc/arm-none-eabi/13.3.1/thumb/v8-m.base/nofp\libm.a
LOAD D:/AppData/arm-gnu-toolchain-13.3.rel1-mingw-w64-i686-arm-none-eabi/bin/../lib/gcc/arm-none-eabi/13.3.1/thumb/v8-m.base/nofp\libnosys.a
START GROUP
LOAD D:/AppData/arm-gnu-toolchain-13.3.rel1-mingw-w64-i686-arm-none-eabi/bin/../lib/gcc/arm-none-eabi/13.3.1/thumb/v8-m.base/nofp\libgcc.a
LOAD D:/AppData/arm-gnu-toolchain-13.3.rel1-mingw-w64-i686-arm-none-eabi/bin/../lib/gcc/arm-none-eabi/13.3.1/thumb/v8-m.base/nofp\libc_nano.a
END GROUP
START GROUP
LOAD D:/AppData/arm-gnu-toolchain-13.3.rel1-mingw-w64-i686-arm-none-eabi/bin/../lib/gcc/arm-none-eabi/13.3.1/thumb/v8-m.base/nofp\libgcc.a
LOAD D:/AppData/arm-gnu-toolchain-13.3.rel1-mingw-w64-i686-arm-none-eabi/bin/../lib/gcc/arm-none-eabi/13.3.1/thumb/v8-m.base/nofp\libc_nano.a
END GROUP
LOAD D:/AppData/arm-gnu-toolchain-13.3.rel1-mingw-w64-i686-arm-none-eabi/bin/../lib/gcc/arm-none-eabi/13.3.1/thumb/v8-m.base/nofp/crtend.o
LOAD D:/AppData/arm-gnu-toolchain-13.3.rel1-mingw-w64-i686-arm-none-eabi/bin/../lib/gcc/arm-none-eabi/13.3.1/thumb/v8-m.base/nofp/crtn.o
                0x00000800                        __stack_size = DEFINED (__stack_size)?__stack_size:0x800

.vectors        0x08000000       0xcc
                0x08000000                        . = ALIGN (0x4)
 *(.vectors)
 .vectors       0x08000000       0xcc build/startup_gd32e23x.o
                0x08000000                __gVectors
                0x080000cc                        . = ALIGN (0x4)
                0x080000cc                        __Vectors_End = .
                0x080000cc                        __Vectors_Size = (__Vectors_End - __gVectors)

.text           0x080000cc     0x95fc
                0x080000cc                        . = ALIGN (0x4)
 *(.text)
 .text          0x080000cc        0xe D:/AppData/arm-gnu-toolchain-13.3.rel1-mingw-w64-i686-arm-none-eabi/bin/../lib/gcc/arm-none-eabi/13.3.1/thumb/v8-m.base/nofp\libc_nano.a(libc_a-strlen.o)
                0x080000cc                strlen
 *fill*         0x080000da        0x2 
 .text          0x080000dc       0x14 D:/AppData/arm-gnu-toolchain-13.3.rel1-mingw-w64-i686-arm-none-eabi/bin/../lib/gcc/arm-none-eabi/13.3.1/thumb/v8-m.base/nofp\libgcc.a(_thumb1_case_uqi.o)
                0x080000dc                __gnu_thumb1_case_uqi
 .text          0x080000f0       0x14 D:/AppData/arm-gnu-toolchain-13.3.rel1-mingw-w64-i686-arm-none-eabi/bin/../lib/gcc/arm-none-eabi/13.3.1/thumb/v8-m.base/nofp\libgcc.a(_thumb1_case_shi.o)
                0x080000f0                __gnu_thumb1_case_shi
 .text          0x08000104       0x7c D:/AppData/arm-gnu-toolchain-13.3.rel1-mingw-w64-i686-arm-none-eabi/bin/../lib/gcc/arm-none-eabi/13.3.1/thumb/v8-m.base/nofp\libgcc.a(_arm_cmpdf2.o)
                0x08000104                __aeabi_cdrcmple
                0x08000114                __aeabi_cdcmple
                0x08000114                __aeabi_cdcmpeq
                0x08000124                __aeabi_dcmpeq
                0x08000130                __aeabi_dcmplt
                0x08000144                __aeabi_dcmple
                0x08000158                __aeabi_dcmpgt
                0x0800016c                __aeabi_dcmpge
 .text          0x08000180       0x3c D:/AppData/arm-gnu-toolchain-13.3.rel1-mingw-w64-i686-arm-none-eabi/bin/../lib/gcc/arm-none-eabi/13.3.1/thumb/v8-m.base/nofp\libgcc.a(_clzsi2.o)
                0x08000180                __clzsi2
 *(.text*)
 .text.deregister_tm_clones
                0x080001bc       0x24 D:/AppData/arm-gnu-toolchain-13.3.rel1-mingw-w64-i686-arm-none-eabi/bin/../lib/gcc/arm-none-eabi/13.3.1/thumb/v8-m.base/nofp/crtbegin.o
 .text.register_tm_clones
                0x080001e0       0x2c D:/AppData/arm-gnu-toolchain-13.3.rel1-mingw-w64-i686-arm-none-eabi/bin/../lib/gcc/arm-none-eabi/13.3.1/thumb/v8-m.base/nofp/crtbegin.o
 .text.__do_global_dtors_aux
                0x0800020c       0x30 D:/AppData/arm-gnu-toolchain-13.3.rel1-mingw-w64-i686-arm-none-eabi/bin/../lib/gcc/arm-none-eabi/13.3.1/thumb/v8-m.base/nofp/crtbegin.o
 .text.frame_dummy
                0x0800023c       0x28 D:/AppData/arm-gnu-toolchain-13.3.rel1-mingw-w64-i686-arm-none-eabi/bin/../lib/gcc/arm-none-eabi/13.3.1/thumb/v8-m.base/nofp/crtbegin.o
 .text.main     0x08000264      0x372 build/main.o
                0x08000264                main
 .text.SysTick_Config
                0x080005d6       0x3a build/systick.o
 .text.systick_config
                0x08000610       0x2e build/systick.o
                0x08000610                systick_config
 .text.delay_1ms
                0x0800063e       0x1a build/systick.o
                0x0800063e                delay_1ms
 .text.delay_decrement
                0x08000658       0x1c build/systick.o
                0x08000658                delay_decrement
 .text.NMI_Handler
                0x08000674        0x2 build/gd32e23x_it.o
                0x08000674                NMI_Handler
 .text.HardFault_Handler
                0x08000676        0x2 build/gd32e23x_it.o
                0x08000676                HardFault_Handler
 .text.SVC_Handler
                0x08000678        0x2 build/gd32e23x_it.o
                0x08000678                SVC_Handler
 .text.PendSV_Handler
                0x0800067a        0x2 build/gd32e23x_it.o
                0x0800067a                PendSV_Handler
 .text.SysTick_Handler
                0x0800067c        0x8 build/gd32e23x_it.o
                0x0800067c                SysTick_Handler
 .text.EXTI4_15_IRQHandler
                0x08000684       0x46 build/gd32e23x_it.o
                0x08000684                EXTI4_15_IRQHandler
 .text.TIMER15_IRQHandler
                0x080006ca       0x3e build/gd32e23x_it.o
                0x080006ca                TIMER15_IRQHandler
 .text.TIMER2_IRQHandler
                0x08000708       0x90 build/gd32e23x_it.o
                0x08000708                TIMER2_IRQHandler
 .text.GPIO_Init
                0x08000798       0x74 build/gd32e230c_eval.o
                0x08000798                GPIO_Init
 .text.USART_Init
                0x0800080c       0x86 build/gd32e230c_eval.o
                0x0800080c                USART_Init
 .text.__io_putchar
                0x08000892       0x2c build/gd32e230c_eval.o
                0x08000892                __io_putchar
 .text.ADC_Init
                0x080008be       0x76 build/gd32e230c_eval.o
                0x080008be                ADC_Init
 .text.ADCGetValue
                0x08000934       0x22 build/gd32e230c_eval.o
                0x08000934                ADCGetValue
 .text.Timer_Init
                0x08000956      0x1a2 build/gd32e230c_eval.o
                0x08000956                Timer_Init
 .text.adc_enable
                0x08000af8       0x20 build/gd32e23x_adc.o
                0x08000af8                adc_enable
 .text.adc_calibration_enable
                0x08000b18       0x3e build/gd32e23x_adc.o
                0x08000b18                adc_calibration_enable
 *fill*         0x08000b56        0x2 
 .text.adc_special_function_config
                0x08000b58       0x8c build/gd32e23x_adc.o
                0x08000b58                adc_special_function_config
 .text.adc_data_alignment_config
                0x08000be4       0x2c build/gd32e23x_adc.o
                0x08000be4                adc_data_alignment_config
 .text.adc_channel_length_config
                0x08000c10       0x54 build/gd32e23x_adc.o
                0x08000c10                adc_channel_length_config
 .text.adc_regular_channel_config
                0x08000c64       0xb2 build/gd32e23x_adc.o
                0x08000c64                adc_regular_channel_config
 *fill*         0x08000d16        0x2 
 .text.adc_external_trigger_config
                0x08000d18       0x64 build/gd32e23x_adc.o
                0x08000d18                adc_external_trigger_config
 .text.adc_external_trigger_source_config
                0x08000d7c       0x40 build/gd32e23x_adc.o
                0x08000d7c                adc_external_trigger_source_config
 .text.adc_software_trigger_enable
                0x08000dbc       0x2e build/gd32e23x_adc.o
                0x08000dbc                adc_software_trigger_enable
 .text.adc_regular_data_read
                0x08000dea        0xe build/gd32e23x_adc.o
                0x08000dea                adc_regular_data_read
 .text.adc_flag_get
                0x08000df8       0x16 build/gd32e23x_adc.o
                0x08000df8                adc_flag_get
 *fill*         0x08000e0e        0x2 
 .text.adc_resolution_config
                0x08000e10       0x1c build/gd32e23x_adc.o
                0x08000e10                adc_resolution_config
 .text.exti_init
                0x08000e2c       0xc4 build/gd32e23x_exti.o
                0x08000e2c                exti_init
 .text.exti_interrupt_flag_get
                0x08000ef0       0x16 build/gd32e23x_exti.o
                0x08000ef0                exti_interrupt_flag_get
 .text.exti_interrupt_flag_clear
                0x08000f06        0xc build/gd32e23x_exti.o
                0x08000f06                exti_interrupt_flag_clear
 .text.gpio_mode_set
                0x08000f12       0x4e build/gd32e23x_gpio.o
                0x08000f12                gpio_mode_set
 .text.gpio_output_options_set
                0x08000f60       0x3e build/gd32e23x_gpio.o
                0x08000f60                gpio_output_options_set
 .text.gpio_bit_set
                0x08000f9e        0x4 build/gd32e23x_gpio.o
                0x08000f9e                gpio_bit_set
 .text.gpio_bit_reset
                0x08000fa2        0x4 build/gd32e23x_gpio.o
                0x08000fa2                gpio_bit_reset
 .text.gpio_input_bit_get
                0x08000fa6        0xe build/gd32e23x_gpio.o
                0x08000fa6                gpio_input_bit_get
 .text.gpio_af_set
                0x08000fb4       0x58 build/gd32e23x_gpio.o
                0x08000fb4                gpio_af_set
 .text.gpio_bit_toggle
                0x0800100c        0x4 build/gd32e23x_gpio.o
                0x0800100c                gpio_bit_toggle
 .text.__NVIC_SetPriority
                0x08001010       0x62 build/gd32e23x_misc.o
 .text.nvic_irq_enable
                0x08001072       0x28 build/gd32e23x_misc.o
                0x08001072                nvic_irq_enable
 .text.nvic_vector_table_set
                0x0800109a       0x1c build/gd32e23x_misc.o
                0x0800109a                nvic_vector_table_set
 .text.rcu_periph_clock_enable
                0x080010b6       0x1c build/gd32e23x_rcu.o
                0x080010b6                rcu_periph_clock_enable
 .text.rcu_periph_reset_enable
                0x080010d2       0x1c build/gd32e23x_rcu.o
                0x080010d2                rcu_periph_reset_enable
 .text.rcu_periph_reset_disable
                0x080010ee       0x1c build/gd32e23x_rcu.o
                0x080010ee                rcu_periph_reset_disable
 *fill*         0x0800110a        0x2 
 .text.rcu_adc_clock_config
                0x0800110c      0x1c4 build/gd32e23x_rcu.o
                0x0800110c                rcu_adc_clock_config
 .text.rcu_clock_freq_get
                0x080012d0      0x200 build/gd32e23x_rcu.o
                0x080012d0                rcu_clock_freq_get
 .text.spi_i2s_deinit
                0x080014d0       0x3e build/gd32e23x_spi.o
                0x080014d0                spi_i2s_deinit
 .text.spi_struct_para_init
                0x0800150e       0x16 build/gd32e23x_spi.o
                0x0800150e                spi_struct_para_init
 .text.spi_init
                0x08001524       0x90 build/gd32e23x_spi.o
                0x08001524                spi_init
 .text.spi_enable
                0x080015b4        0xa build/gd32e23x_spi.o
                0x080015b4                spi_enable
 .text.spi_i2s_data_transmit
                0x080015be       0x1e build/gd32e23x_spi.o
                0x080015be                spi_i2s_data_transmit
 .text.spi_i2s_flag_get
                0x080015dc       0x32 build/gd32e23x_spi.o
                0x080015dc                spi_i2s_flag_get
 .text.syscfg_exti_line_config
                0x0800160e       0x70 build/gd32e23x_syscfg.o
                0x0800160e                syscfg_exti_line_config
 .text.timer_deinit
                0x0800167e       0xe0 build/gd32e23x_timer.o
                0x0800167e                timer_deinit
 .text.timer_struct_para_init
                0x0800175e       0x14 build/gd32e23x_timer.o
                0x0800175e                timer_struct_para_init
 *fill*         0x08001772        0x2 
 .text.timer_init
                0x08001774       0xd4 build/gd32e23x_timer.o
                0x08001774                timer_init
 .text.timer_enable
                0x08001848        0xa build/gd32e23x_timer.o
                0x08001848                timer_enable
 .text.timer_auto_reload_shadow_enable
                0x08001852        0xa build/gd32e23x_timer.o
                0x08001852                timer_auto_reload_shadow_enable
 .text.timer_interrupt_enable
                0x0800185c        0x8 build/gd32e23x_timer.o
                0x0800185c                timer_interrupt_enable
 .text.timer_interrupt_flag_get
                0x08001864       0x18 build/gd32e23x_timer.o
                0x08001864                timer_interrupt_flag_get
 .text.timer_interrupt_flag_clear
                0x0800187c        0x6 build/gd32e23x_timer.o
                0x0800187c                timer_interrupt_flag_clear
 *fill*         0x08001882        0x2 
 .text.timer_primary_output_config
                0x08001884       0x20 build/gd32e23x_timer.o
                0x08001884                timer_primary_output_config
 .text.timer_channel_output_struct_para_init
                0x080018a4       0x10 build/gd32e23x_timer.o
                0x080018a4                timer_channel_output_struct_para_init
 .text.timer_channel_output_config
                0x080018b4      0x248 build/gd32e23x_timer.o
                0x080018b4                timer_channel_output_config
 .text.timer_channel_output_mode_config
                0x08001afc       0x58 build/gd32e23x_timer.o
                0x08001afc                timer_channel_output_mode_config
 .text.timer_channel_output_pulse_value_config
                0x08001b54       0x20 build/gd32e23x_timer.o
                0x08001b54                timer_channel_output_pulse_value_config
 .text.timer_channel_output_shadow_config
                0x08001b74       0x58 build/gd32e23x_timer.o
                0x08001b74                timer_channel_output_shadow_config
 .text.timer_channel_input_capture_prescaler_config
                0x08001bcc       0x58 build/gd32e23x_timer.o
                0x08001bcc                timer_channel_input_capture_prescaler_config
 .text.timer_input_capture_config
                0x08001c24      0x150 build/gd32e23x_timer.o
                0x08001c24                timer_input_capture_config
 .text.timer_channel_capture_value_register_read
                0x08001d74       0x28 build/gd32e23x_timer.o
                0x08001d74                timer_channel_capture_value_register_read
 .text.usart_deinit
                0x08001d9c       0x3e build/gd32e23x_usart.o
                0x08001d9c                usart_deinit
 .text.usart_baudrate_set
                0x08001dda       0x64 build/gd32e23x_usart.o
                0x08001dda                usart_baudrate_set
 *fill*         0x08001e3e        0x2 
 .text.usart_parity_config
                0x08001e40       0x1c build/gd32e23x_usart.o
                0x08001e40                usart_parity_config
 .text.usart_word_length_set
                0x08001e5c       0x1c build/gd32e23x_usart.o
                0x08001e5c                usart_word_length_set
 .text.usart_stop_bit_set
                0x08001e78       0x1c build/gd32e23x_usart.o
                0x08001e78                usart_stop_bit_set
 .text.usart_enable
                0x08001e94        0xa build/gd32e23x_usart.o
                0x08001e94                usart_enable
 .text.usart_transmit_config
                0x08001e9e       0x10 build/gd32e23x_usart.o
                0x08001e9e                usart_transmit_config
 .text.usart_receive_config
                0x08001eae       0x10 build/gd32e23x_usart.o
                0x08001eae                usart_receive_config
 .text.usart_data_transmit
                0x08001ebe        0xa build/gd32e23x_usart.o
                0x08001ebe                usart_data_transmit
 .text.usart_flag_get
                0x08001ec8       0x18 build/gd32e23x_usart.o
                0x08001ec8                usart_flag_get
 .text._sbrk    0x08001ee0       0x3e build/syscalls.o
                0x08001ee0                _sbrk
 .text._getpid  0x08001f1e        0x4 build/syscalls.o
                0x08001f1e                _getpid
 .text._kill    0x08001f22       0x12 build/syscalls.o
                0x08001f22                _kill
 .text._exit    0x08001f34        0xc build/syscalls.o
                0x08001f34                _exit
 .text._write   0x08001f40       0x1c build/syscalls.o
                0x08001f40                _write
 .text._close   0x08001f5c        0x6 build/syscalls.o
                0x08001f5c                _close
 .text._fstat   0x08001f62        0xa build/syscalls.o
                0x08001f62                _fstat
 .text._isatty  0x08001f6c        0x4 build/syscalls.o
                0x08001f6c                _isatty
 .text._lseek   0x08001f70        0x4 build/syscalls.o
                0x08001f70                _lseek
 .text._read    0x08001f74       0x1c build/syscalls.o
                0x08001f74                _read
 .text.system_clock_72m_hxtal
                0x08001f90       0xc8 build/system_gd32e23x.o
 .text.system_clock_config
                0x08002058        0x8 build/system_gd32e23x.o
 .text.SystemInit
                0x08002060      0x10c build/system_gd32e23x.o
                0x08002060                SystemInit
 .text.LCD_Write_Data8
                0x0800216c       0x42 build/lcd.o
 .text.LCD_Write_Data
                0x080021ae       0x12 build/lcd.o
 .text.LCD_Write_Cmd
                0x080021c0       0x56 build/lcd.o
 .text.LCD_Display_Position
                0x08002216       0x36 build/lcd.o
 .text.LCD_Init
                0x0800224c      0x292 build/lcd.o
                0x0800224c                LCD_Init
 .text.LCD_Fill
                0x080024de       0x46 build/lcd.o
                0x080024de                LCD_Fill
 .text.LCD_Draw_Point
                0x08002524       0x14 build/lcd.o
                0x08002524                LCD_Draw_Point
 .text.LCD_Draw_Line
                0x08002538       0xae build/lcd.o
                0x08002538                LCD_Draw_Line
 .text.LCD_Show_Char
                0x080025e6      0x16e build/lcd.o
                0x080025e6                LCD_Show_Char
 .text.LCD_Show_String
                0x08002754       0x54 build/lcd.o
                0x08002754                LCD_Show_String
 .text.LCD_Draw_Curve
                0x080027a8       0xa4 build/lcd.o
                0x080027a8                LCD_Draw_Curve
 .text.Reset_Handler
                0x0800284c       0x50 build/startup_gd32e23x.o
                0x0800284c                Reset_Handler
 .text.Default_Handler
                0x0800289c        0x2 build/startup_gd32e23x.o
                0x0800289c                TIMER5_IRQHandler
                0x0800289c                LVD_IRQHandler
                0x0800289c                I2C0_EV_IRQHandler
                0x0800289c                ADC_CMP_IRQHandler
                0x0800289c                SPI1_IRQHandler
                0x0800289c                TAMPER_IRQHandler
                0x0800289c                DMA_Channel3_4_IRQHandler
                0x0800289c                TIMER14_IRQHandler
                0x0800289c                TIMER16_IRQHandler
                0x0800289c                EXTI2_3_IRQHandler
                0x0800289c                I2C0_ER_IRQHandler
                0x0800289c                RTC_IRQHandler
                0x0800289c                USART0_IRQHandler
                0x0800289c                TIMER13_IRQHandler
                0x0800289c                I2C1_EV_IRQHandler
                0x0800289c                Default_Handler
                0x0800289c                WWDGT_IRQHandler
                0x0800289c                TIMER0_BRK_UP_TRG_COM_IRQHandler
                0x0800289c                EXTI0_1_IRQHandler
                0x0800289c                DMA_Channel1_2_IRQHandler
                0x0800289c                RCU_IRQHandler
                0x0800289c                TIMER0_Channel_IRQHandler
                0x0800289c                SPI0_IRQHandler
                0x0800289c                DMA_Channel0_IRQHandler
                0x0800289c                USART1_IRQHandler
                0x0800289c                I2C1_ER_IRQHandler
                0x0800289c                FMC_IRQHandler
 .text.__cvt    0x0800289e       0xc8 D:/AppData/arm-gnu-toolchain-13.3.rel1-mingw-w64-i686-arm-none-eabi/bin/../lib/gcc/arm-none-eabi/13.3.1/thumb/v8-m.base/nofp\libc_nano.a(libc_a-nano-vfprintf_float.o)
                0x0800289e                __cvt
 .text.__exponent
                0x08002966       0x6e D:/AppData/arm-gnu-toolchain-13.3.rel1-mingw-w64-i686-arm-none-eabi/bin/../lib/gcc/arm-none-eabi/13.3.1/thumb/v8-m.base/nofp\libc_nano.a(libc_a-nano-vfprintf_float.o)
                0x08002966                __exponent
 .text._printf_float
                0x080029d4      0x470 D:/AppData/arm-gnu-toolchain-13.3.rel1-mingw-w64-i686-arm-none-eabi/bin/../lib/gcc/arm-none-eabi/13.3.1/thumb/v8-m.base/nofp\libc_nano.a(libc_a-nano-vfprintf_float.o)
                0x080029d4                _printf_float
 .text._printf_common
                0x08002e44       0xdc D:/AppData/arm-gnu-toolchain-13.3.rel1-mingw-w64-i686-arm-none-eabi/bin/../lib/gcc/arm-none-eabi/13.3.1/thumb/v8-m.base/nofp\libc_nano.a(libc_a-nano-vfprintf_i.o)
                0x08002e44                _printf_common
 .text._printf_i
                0x08002f20      0x20c D:/AppData/arm-gnu-toolchain-13.3.rel1-mingw-w64-i686-arm-none-eabi/bin/../lib/gcc/arm-none-eabi/13.3.1/thumb/v8-m.base/nofp\libc_nano.a(libc_a-nano-vfprintf_i.o)
                0x08002f20                _printf_i
 .text._scanf_float
                0x0800312c      0x408 D:/AppData/arm-gnu-toolchain-13.3.rel1-mingw-w64-i686-arm-none-eabi/bin/../lib/gcc/arm-none-eabi/13.3.1/thumb/v8-m.base/nofp\libc_nano.a(libc_a-nano-vfscanf_float.o)
                0x0800312c                _scanf_float
 .text.std      0x08003534       0x6c D:/AppData/arm-gnu-toolchain-13.3.rel1-mingw-w64-i686-arm-none-eabi/bin/../lib/gcc/arm-none-eabi/13.3.1/thumb/v8-m.base/nofp\libc_nano.a(libc_a-findfp.o)
 .text.stdio_exit_handler
                0x080035a0       0x1c D:/AppData/arm-gnu-toolchain-13.3.rel1-mingw-w64-i686-arm-none-eabi/bin/../lib/gcc/arm-none-eabi/13.3.1/thumb/v8-m.base/nofp\libc_nano.a(libc_a-findfp.o)
 .text.cleanup_stdio
                0x080035bc       0x3c D:/AppData/arm-gnu-toolchain-13.3.rel1-mingw-w64-i686-arm-none-eabi/bin/../lib/gcc/arm-none-eabi/13.3.1/thumb/v8-m.base/nofp\libc_nano.a(libc_a-findfp.o)
 .text.global_stdio_init.part.0
                0x080035f8       0x3c D:/AppData/arm-gnu-toolchain-13.3.rel1-mingw-w64-i686-arm-none-eabi/bin/../lib/gcc/arm-none-eabi/13.3.1/thumb/v8-m.base/nofp\libc_nano.a(libc_a-findfp.o)
 .text.__sfp_lock_acquire
                0x08003634       0x10 D:/AppData/arm-gnu-toolchain-13.3.rel1-mingw-w64-i686-arm-none-eabi/bin/../lib/gcc/arm-none-eabi/13.3.1/thumb/v8-m.base/nofp\libc_nano.a(libc_a-findfp.o)
                0x08003634                __sfp_lock_acquire
 .text.__sfp_lock_release
                0x08003644       0x10 D:/AppData/arm-gnu-toolchain-13.3.rel1-mingw-w64-i686-arm-none-eabi/bin/../lib/gcc/arm-none-eabi/13.3.1/thumb/v8-m.base/nofp\libc_nano.a(libc_a-findfp.o)
                0x08003644                __sfp_lock_release
 .text.__sinit  0x08003654       0x2c D:/AppData/arm-gnu-toolchain-13.3.rel1-mingw-w64-i686-arm-none-eabi/bin/../lib/gcc/arm-none-eabi/13.3.1/thumb/v8-m.base/nofp\libc_nano.a(libc_a-findfp.o)
                0x08003654                __sinit
 .text._fwalk_sglue
                0x08003680       0x38 D:/AppData/arm-gnu-toolchain-13.3.rel1-mingw-w64-i686-arm-none-eabi/bin/../lib/gcc/arm-none-eabi/13.3.1/thumb/v8-m.base/nofp\libc_nano.a(libc_a-fwalk.o)
                0x08003680                _fwalk_sglue
 .text.printf   0x080036b8       0x20 D:/AppData/arm-gnu-toolchain-13.3.rel1-mingw-w64-i686-arm-none-eabi/bin/../lib/gcc/arm-none-eabi/13.3.1/thumb/v8-m.base/nofp\libc_nano.a(libc_a-printf.o)
                0x080036b8                iprintf
                0x080036b8                printf
 .text._puts_r  0x080036d8       0xa6 D:/AppData/arm-gnu-toolchain-13.3.rel1-mingw-w64-i686-arm-none-eabi/bin/../lib/gcc/arm-none-eabi/13.3.1/thumb/v8-m.base/nofp\libc_nano.a(libc_a-puts.o)
                0x080036d8                _puts_r
 *fill*         0x0800377e        0x2 
 .text.puts     0x08003780       0x14 D:/AppData/arm-gnu-toolchain-13.3.rel1-mingw-w64-i686-arm-none-eabi/bin/../lib/gcc/arm-none-eabi/13.3.1/thumb/v8-m.base/nofp\libc_nano.a(libc_a-puts.o)
                0x08003780                puts
 .text.sprintf  0x08003794       0x44 D:/AppData/arm-gnu-toolchain-13.3.rel1-mingw-w64-i686-arm-none-eabi/bin/../lib/gcc/arm-none-eabi/13.3.1/thumb/v8-m.base/nofp\libc_nano.a(libc_a-sprintf.o)
                0x08003794                siprintf
                0x08003794                sprintf
 .text.__sread  0x080037d8       0x28 D:/AppData/arm-gnu-toolchain-13.3.rel1-mingw-w64-i686-arm-none-eabi/bin/../lib/gcc/arm-none-eabi/13.3.1/thumb/v8-m.base/nofp\libc_nano.a(libc_a-stdio.o)
                0x080037d8                __sread
 .text.__swrite
                0x08003800       0x38 D:/AppData/arm-gnu-toolchain-13.3.rel1-mingw-w64-i686-arm-none-eabi/bin/../lib/gcc/arm-none-eabi/13.3.1/thumb/v8-m.base/nofp\libc_nano.a(libc_a-stdio.o)
                0x08003800                __swrite
 .text.__sseek  0x08003838       0x2c D:/AppData/arm-gnu-toolchain-13.3.rel1-mingw-w64-i686-arm-none-eabi/bin/../lib/gcc/arm-none-eabi/13.3.1/thumb/v8-m.base/nofp\libc_nano.a(libc_a-stdio.o)
                0x08003838                __sseek
 .text.__sclose
                0x08003864        0xc D:/AppData/arm-gnu-toolchain-13.3.rel1-mingw-w64-i686-arm-none-eabi/bin/../lib/gcc/arm-none-eabi/13.3.1/thumb/v8-m.base/nofp\libc_nano.a(libc_a-stdio.o)
                0x08003864                __sclose
 .text.__swbuf_r
                0x08003870       0x7c D:/AppData/arm-gnu-toolchain-13.3.rel1-mingw-w64-i686-arm-none-eabi/bin/../lib/gcc/arm-none-eabi/13.3.1/thumb/v8-m.base/nofp\libc_nano.a(libc_a-wbuf.o)
                0x08003870                __swbuf_r
 .text.__swsetup_r
                0x080038ec       0xb0 D:/AppData/arm-gnu-toolchain-13.3.rel1-mingw-w64-i686-arm-none-eabi/bin/../lib/gcc/arm-none-eabi/13.3.1/thumb/v8-m.base/nofp\libc_nano.a(libc_a-wsetup.o)
                0x080038ec                __swsetup_r
 .text.memset   0x0800399c       0x10 D:/AppData/arm-gnu-toolchain-13.3.rel1-mingw-w64-i686-arm-none-eabi/bin/../lib/gcc/arm-none-eabi/13.3.1/thumb/v8-m.base/nofp\libc_nano.a(libc_a-memset.o)
                0x0800399c                memset
 .text._localeconv_r
                0x080039ac        0x8 D:/AppData/arm-gnu-toolchain-13.3.rel1-mingw-w64-i686-arm-none-eabi/bin/../lib/gcc/arm-none-eabi/13.3.1/thumb/v8-m.base/nofp\libc_nano.a(libc_a-localeconv.o)
                0x080039ac                _localeconv_r
 .text._close_r
                0x080039b4       0x20 D:/AppData/arm-gnu-toolchain-13.3.rel1-mingw-w64-i686-arm-none-eabi/bin/../lib/gcc/arm-none-eabi/13.3.1/thumb/v8-m.base/nofp\libc_nano.a(libc_a-closer.o)
                0x080039b4                _close_r
 .text._lseek_r
                0x080039d4       0x24 D:/AppData/arm-gnu-toolchain-13.3.rel1-mingw-w64-i686-arm-none-eabi/bin/../lib/gcc/arm-none-eabi/13.3.1/thumb/v8-m.base/nofp\libc_nano.a(libc_a-lseekr.o)
                0x080039d4                _lseek_r
 .text._read_r  0x080039f8       0x24 D:/AppData/arm-gnu-toolchain-13.3.rel1-mingw-w64-i686-arm-none-eabi/bin/../lib/gcc/arm-none-eabi/13.3.1/thumb/v8-m.base/nofp\libc_nano.a(libc_a-readr.o)
                0x080039f8                _read_r
 .text._write_r
                0x08003a1c       0x24 D:/AppData/arm-gnu-toolchain-13.3.rel1-mingw-w64-i686-arm-none-eabi/bin/../lib/gcc/arm-none-eabi/13.3.1/thumb/v8-m.base/nofp\libc_nano.a(libc_a-writer.o)
                0x08003a1c                _write_r
 .text.__libc_init_array
                0x08003a40       0x50 D:/AppData/arm-gnu-toolchain-13.3.rel1-mingw-w64-i686-arm-none-eabi/bin/../lib/gcc/arm-none-eabi/13.3.1/thumb/v8-m.base/nofp\libc_nano.a(libc_a-init.o)
                0x08003a40                __libc_init_array
 .text.__retarget_lock_init_recursive
                0x08003a90        0x2 D:/AppData/arm-gnu-toolchain-13.3.rel1-mingw-w64-i686-arm-none-eabi/bin/../lib/gcc/arm-none-eabi/13.3.1/thumb/v8-m.base/nofp\libc_nano.a(libc_a-lock.o)
                0x08003a90                __retarget_lock_init_recursive
 .text.__retarget_lock_acquire_recursive
                0x08003a92        0x2 D:/AppData/arm-gnu-toolchain-13.3.rel1-mingw-w64-i686-arm-none-eabi/bin/../lib/gcc/arm-none-eabi/13.3.1/thumb/v8-m.base/nofp\libc_nano.a(libc_a-lock.o)
                0x08003a92                __retarget_lock_acquire_recursive
 .text.__retarget_lock_release_recursive
                0x08003a94        0x2 D:/AppData/arm-gnu-toolchain-13.3.rel1-mingw-w64-i686-arm-none-eabi/bin/../lib/gcc/arm-none-eabi/13.3.1/thumb/v8-m.base/nofp\libc_nano.a(libc_a-lock.o)
                0x08003a94                __retarget_lock_release_recursive
 .text.memchr   0x08003a96       0x16 D:/AppData/arm-gnu-toolchain-13.3.rel1-mingw-w64-i686-arm-none-eabi/bin/../lib/gcc/arm-none-eabi/13.3.1/thumb/v8-m.base/nofp\libc_nano.a(libc_a-memchr-stub.o)
                0x08003a96                memchr
 .text.nanf     0x08003aac        0x8 D:/AppData/arm-gnu-toolchain-13.3.rel1-mingw-w64-i686-arm-none-eabi/bin/../lib/gcc/arm-none-eabi/13.3.1/thumb/v8-m.base/nofp\libc_nano.a(libm_a-sf_nan.o)
                0x08003aac                nanf
 .text.quorem   0x08003ab4      0x10e D:/AppData/arm-gnu-toolchain-13.3.rel1-mingw-w64-i686-arm-none-eabi/bin/../lib/gcc/arm-none-eabi/13.3.1/thumb/v8-m.base/nofp\libc_nano.a(libc_a-dtoa.o)
 *fill*         0x08003bc2        0x2 
 .text._dtoa_r  0x08003bc4      0xbac D:/AppData/arm-gnu-toolchain-13.3.rel1-mingw-w64-i686-arm-none-eabi/bin/../lib/gcc/arm-none-eabi/13.3.1/thumb/v8-m.base/nofp\libc_nano.a(libc_a-dtoa.o)
                0x08003bc4                _dtoa_r
 .text._free_r  0x08004770       0x90 D:/AppData/arm-gnu-toolchain-13.3.rel1-mingw-w64-i686-arm-none-eabi/bin/../lib/gcc/arm-none-eabi/13.3.1/thumb/v8-m.base/nofp\libc_nano.a(libc_a-freer.o)
                0x08004770                _free_r
 .text.malloc   0x08004800       0x14 D:/AppData/arm-gnu-toolchain-13.3.rel1-mingw-w64-i686-arm-none-eabi/bin/../lib/gcc/arm-none-eabi/13.3.1/thumb/v8-m.base/nofp\libc_nano.a(libc_a-malloc.o)
                0x08004800                malloc
 .text.sbrk_aligned
                0x08004814       0x44 D:/AppData/arm-gnu-toolchain-13.3.rel1-mingw-w64-i686-arm-none-eabi/bin/../lib/gcc/arm-none-eabi/13.3.1/thumb/v8-m.base/nofp\libc_nano.a(libc_a-mallocr.o)
 .text._malloc_r
                0x08004858      0x100 D:/AppData/arm-gnu-toolchain-13.3.rel1-mingw-w64-i686-arm-none-eabi/bin/../lib/gcc/arm-none-eabi/13.3.1/thumb/v8-m.base/nofp\libc_nano.a(libc_a-mallocr.o)
                0x08004858                _malloc_r
 .text.__malloc_lock
                0x08004958       0x10 D:/AppData/arm-gnu-toolchain-13.3.rel1-mingw-w64-i686-arm-none-eabi/bin/../lib/gcc/arm-none-eabi/13.3.1/thumb/v8-m.base/nofp\libc_nano.a(libc_a-mlock.o)
                0x08004958                __malloc_lock
 .text.__malloc_unlock
                0x08004968       0x10 D:/AppData/arm-gnu-toolchain-13.3.rel1-mingw-w64-i686-arm-none-eabi/bin/../lib/gcc/arm-none-eabi/13.3.1/thumb/v8-m.base/nofp\libc_nano.a(libc_a-mlock.o)
                0x08004968                __malloc_unlock
 .text._Balloc  0x08004978       0x80 D:/AppData/arm-gnu-toolchain-13.3.rel1-mingw-w64-i686-arm-none-eabi/bin/../lib/gcc/arm-none-eabi/13.3.1/thumb/v8-m.base/nofp\libc_nano.a(libc_a-mprec.o)
                0x08004978                _Balloc
 .text._Bfree   0x080049f8       0x44 D:/AppData/arm-gnu-toolchain-13.3.rel1-mingw-w64-i686-arm-none-eabi/bin/../lib/gcc/arm-none-eabi/13.3.1/thumb/v8-m.base/nofp\libc_nano.a(libc_a-mprec.o)
                0x080049f8                _Bfree
 .text.__multadd
                0x08004a3c       0x84 D:/AppData/arm-gnu-toolchain-13.3.rel1-mingw-w64-i686-arm-none-eabi/bin/../lib/gcc/arm-none-eabi/13.3.1/thumb/v8-m.base/nofp\libc_nano.a(libc_a-mprec.o)
                0x08004a3c                __multadd
 .text.__s2b    0x08004ac0       0x98 D:/AppData/arm-gnu-toolchain-13.3.rel1-mingw-w64-i686-arm-none-eabi/bin/../lib/gcc/arm-none-eabi/13.3.1/thumb/v8-m.base/nofp\libc_nano.a(libc_a-mprec.o)
                0x08004ac0                __s2b
 .text.__hi0bits
                0x08004b58       0x42 D:/AppData/arm-gnu-toolchain-13.3.rel1-mingw-w64-i686-arm-none-eabi/bin/../lib/gcc/arm-none-eabi/13.3.1/thumb/v8-m.base/nofp\libc_nano.a(libc_a-mprec.o)
                0x08004b58                __hi0bits
 .text.__lo0bits
                0x08004b9a       0x5a D:/AppData/arm-gnu-toolchain-13.3.rel1-mingw-w64-i686-arm-none-eabi/bin/../lib/gcc/arm-none-eabi/13.3.1/thumb/v8-m.base/nofp\libc_nano.a(libc_a-mprec.o)
                0x08004b9a                __lo0bits
 .text.__i2b    0x08004bf4       0x2c D:/AppData/arm-gnu-toolchain-13.3.rel1-mingw-w64-i686-arm-none-eabi/bin/../lib/gcc/arm-none-eabi/13.3.1/thumb/v8-m.base/nofp\libc_nano.a(libc_a-mprec.o)
                0x08004bf4                __i2b
 .text.__multiply
                0x08004c20      0x150 D:/AppData/arm-gnu-toolchain-13.3.rel1-mingw-w64-i686-arm-none-eabi/bin/../lib/gcc/arm-none-eabi/13.3.1/thumb/v8-m.base/nofp\libc_nano.a(libc_a-mprec.o)
                0x08004c20                __multiply
 .text.__pow5mult
                0x08004d70       0xb0 D:/AppData/arm-gnu-toolchain-13.3.rel1-mingw-w64-i686-arm-none-eabi/bin/../lib/gcc/arm-none-eabi/13.3.1/thumb/v8-m.base/nofp\libc_nano.a(libc_a-mprec.o)
                0x08004d70                __pow5mult
 .text.__lshift
                0x08004e20       0xd4 D:/AppData/arm-gnu-toolchain-13.3.rel1-mingw-w64-i686-arm-none-eabi/bin/../lib/gcc/arm-none-eabi/13.3.1/thumb/v8-m.base/nofp\libc_nano.a(libc_a-mprec.o)
                0x08004e20                __lshift
 .text.__mcmp   0x08004ef4       0x36 D:/AppData/arm-gnu-toolchain-13.3.rel1-mingw-w64-i686-arm-none-eabi/bin/../lib/gcc/arm-none-eabi/13.3.1/thumb/v8-m.base/nofp\libc_nano.a(libc_a-mprec.o)
                0x08004ef4                __mcmp
 *fill*         0x08004f2a        0x2 
 .text.__mdiff  0x08004f2c      0x12c D:/AppData/arm-gnu-toolchain-13.3.rel1-mingw-w64-i686-arm-none-eabi/bin/../lib/gcc/arm-none-eabi/13.3.1/thumb/v8-m.base/nofp\libc_nano.a(libc_a-mprec.o)
                0x08004f2c                __mdiff
 .text.__ulp    0x08005058       0x40 D:/AppData/arm-gnu-toolchain-13.3.rel1-mingw-w64-i686-arm-none-eabi/bin/../lib/gcc/arm-none-eabi/13.3.1/thumb/v8-m.base/nofp\libc_nano.a(libc_a-mprec.o)
                0x08005058                __ulp
 .text.__b2d    0x08005098       0x98 D:/AppData/arm-gnu-toolchain-13.3.rel1-mingw-w64-i686-arm-none-eabi/bin/../lib/gcc/arm-none-eabi/13.3.1/thumb/v8-m.base/nofp\libc_nano.a(libc_a-mprec.o)
                0x08005098                __b2d
 .text.__d2b    0x08005130       0xb8 D:/AppData/arm-gnu-toolchain-13.3.rel1-mingw-w64-i686-arm-none-eabi/bin/../lib/gcc/arm-none-eabi/13.3.1/thumb/v8-m.base/nofp\libc_nano.a(libc_a-mprec.o)
                0x08005130                __d2b
 .text.__ratio  0x080051e8       0x54 D:/AppData/arm-gnu-toolchain-13.3.rel1-mingw-w64-i686-arm-none-eabi/bin/../lib/gcc/arm-none-eabi/13.3.1/thumb/v8-m.base/nofp\libc_nano.a(libc_a-mprec.o)
                0x080051e8                __ratio
 .text.__copybits
                0x0800523c       0x42 D:/AppData/arm-gnu-toolchain-13.3.rel1-mingw-w64-i686-arm-none-eabi/bin/../lib/gcc/arm-none-eabi/13.3.1/thumb/v8-m.base/nofp\libc_nano.a(libc_a-mprec.o)
                0x0800523c                __copybits
 .text.__any_on
                0x0800527e       0x46 D:/AppData/arm-gnu-toolchain-13.3.rel1-mingw-w64-i686-arm-none-eabi/bin/../lib/gcc/arm-none-eabi/13.3.1/thumb/v8-m.base/nofp\libc_nano.a(libc_a-mprec.o)
                0x0800527e                __any_on
 .text.sulp     0x080052c4       0x30 D:/AppData/arm-gnu-toolchain-13.3.rel1-mingw-w64-i686-arm-none-eabi/bin/../lib/gcc/arm-none-eabi/13.3.1/thumb/v8-m.base/nofp\libc_nano.a(libc_a-strtod.o)
 .text._strtod_l
                0x080052f4      0xbd4 D:/AppData/arm-gnu-toolchain-13.3.rel1-mingw-w64-i686-arm-none-eabi/bin/../lib/gcc/arm-none-eabi/13.3.1/thumb/v8-m.base/nofp\libc_nano.a(libc_a-strtod.o)
                0x080052f4                _strtod_l
 .text._strtod_r
                0x08005ec8       0x10 D:/AppData/arm-gnu-toolchain-13.3.rel1-mingw-w64-i686-arm-none-eabi/bin/../lib/gcc/arm-none-eabi/13.3.1/thumb/v8-m.base/nofp\libc_nano.a(libc_a-strtod.o)
                0x08005ec8                _strtod_r
 .text._strtol_l.isra.0
                0x08005ed8      0x128 D:/AppData/arm-gnu-toolchain-13.3.rel1-mingw-w64-i686-arm-none-eabi/bin/../lib/gcc/arm-none-eabi/13.3.1/thumb/v8-m.base/nofp\libc_nano.a(libc_a-strtol.o)
 .text._strtol_r
                0x08006000        0x8 D:/AppData/arm-gnu-toolchain-13.3.rel1-mingw-w64-i686-arm-none-eabi/bin/../lib/gcc/arm-none-eabi/13.3.1/thumb/v8-m.base/nofp\libc_nano.a(libc_a-strtol.o)
                0x08006000                _strtol_r
 .text.__ssputs_r
                0x08006008       0xc4 D:/AppData/arm-gnu-toolchain-13.3.rel1-mingw-w64-i686-arm-none-eabi/bin/../lib/gcc/arm-none-eabi/13.3.1/thumb/v8-m.base/nofp\libc_nano.a(libc_a-nano-svfprintf.o)
                0x08006008                __ssputs_r
 .text._svfprintf_r
                0x080060cc      0x1f8 D:/AppData/arm-gnu-toolchain-13.3.rel1-mingw-w64-i686-arm-none-eabi/bin/../lib/gcc/arm-none-eabi/13.3.1/thumb/v8-m.base/nofp\libc_nano.a(libc_a-nano-svfprintf.o)
                0x080060cc                _svfiprintf_r
                0x080060cc                _svfprintf_r
 .text.__sfputc_r
                0x080062c4       0x2a D:/AppData/arm-gnu-toolchain-13.3.rel1-mingw-w64-i686-arm-none-eabi/bin/../lib/gcc/arm-none-eabi/13.3.1/thumb/v8-m.base/nofp\libc_nano.a(libc_a-nano-vfprintf.o)
 .text.__sfputs_r
                0x080062ee       0x24 D:/AppData/arm-gnu-toolchain-13.3.rel1-mingw-w64-i686-arm-none-eabi/bin/../lib/gcc/arm-none-eabi/13.3.1/thumb/v8-m.base/nofp\libc_nano.a(libc_a-nano-vfprintf.o)
                0x080062ee                __sfputs_r
 *fill*         0x08006312        0x2 
 .text._vfprintf_r
                0x08006314      0x22c D:/AppData/arm-gnu-toolchain-13.3.rel1-mingw-w64-i686-arm-none-eabi/bin/../lib/gcc/arm-none-eabi/13.3.1/thumb/v8-m.base/nofp\libc_nano.a(libc_a-nano-vfprintf.o)
                0x08006314                _vfprintf_r
                0x08006314                _vfiprintf_r
 .text.__sflush_r
                0x08006540      0x104 D:/AppData/arm-gnu-toolchain-13.3.rel1-mingw-w64-i686-arm-none-eabi/bin/../lib/gcc/arm-none-eabi/13.3.1/thumb/v8-m.base/nofp\libc_nano.a(libc_a-fflush.o)
                0x08006540                __sflush_r
 .text._fflush_r
                0x08006644       0x50 D:/AppData/arm-gnu-toolchain-13.3.rel1-mingw-w64-i686-arm-none-eabi/bin/../lib/gcc/arm-none-eabi/13.3.1/thumb/v8-m.base/nofp\libc_nano.a(libc_a-fflush.o)
                0x08006644                _fflush_r
 .text.__swhatbuf_r
                0x08006694       0x54 D:/AppData/arm-gnu-toolchain-13.3.rel1-mingw-w64-i686-arm-none-eabi/bin/../lib/gcc/arm-none-eabi/13.3.1/thumb/v8-m.base/nofp\libc_nano.a(libc_a-makebuf.o)
                0x08006694                __swhatbuf_r
 .text.__smakebuf_r
                0x080066e8       0x7c D:/AppData/arm-gnu-toolchain-13.3.rel1-mingw-w64-i686-arm-none-eabi/bin/../lib/gcc/arm-none-eabi/13.3.1/thumb/v8-m.base/nofp\libc_nano.a(libc_a-makebuf.o)
                0x080066e8                __smakebuf_r
 .text.memmove  0x08006764       0x24 D:/AppData/arm-gnu-toolchain-13.3.rel1-mingw-w64-i686-arm-none-eabi/bin/../lib/gcc/arm-none-eabi/13.3.1/thumb/v8-m.base/nofp\libc_nano.a(libc_a-memmove.o)
                0x08006764                memmove
 .text.strncmp  0x08006788       0x22 D:/AppData/arm-gnu-toolchain-13.3.rel1-mingw-w64-i686-arm-none-eabi/bin/../lib/gcc/arm-none-eabi/13.3.1/thumb/v8-m.base/nofp\libc_nano.a(libc_a-strncmp.o)
                0x08006788                strncmp
 *fill*         0x080067aa        0x2 
 .text._fstat_r
                0x080067ac       0x24 D:/AppData/arm-gnu-toolchain-13.3.rel1-mingw-w64-i686-arm-none-eabi/bin/../lib/gcc/arm-none-eabi/13.3.1/thumb/v8-m.base/nofp\libc_nano.a(libc_a-fstatr.o)
                0x080067ac                _fstat_r
 .text._isatty_r
                0x080067d0       0x20 D:/AppData/arm-gnu-toolchain-13.3.rel1-mingw-w64-i686-arm-none-eabi/bin/../lib/gcc/arm-none-eabi/13.3.1/thumb/v8-m.base/nofp\libc_nano.a(libc_a-isattyr.o)
                0x080067d0                _isatty_r
 .text._sbrk_r  0x080067f0       0x20 D:/AppData/arm-gnu-toolchain-13.3.rel1-mingw-w64-i686-arm-none-eabi/bin/../lib/gcc/arm-none-eabi/13.3.1/thumb/v8-m.base/nofp\libc_nano.a(libc_a-sbrkr.o)
                0x080067f0                _sbrk_r
 .text.__errno  0x08006810        0xc D:/AppData/arm-gnu-toolchain-13.3.rel1-mingw-w64-i686-arm-none-eabi/bin/../lib/gcc/arm-none-eabi/13.3.1/thumb/v8-m.base/nofp\libc_nano.a(libc_a-errno.o)
                0x08006810                __errno
 .text.memcpy   0x0800681c       0x12 D:/AppData/arm-gnu-toolchain-13.3.rel1-mingw-w64-i686-arm-none-eabi/bin/../lib/gcc/arm-none-eabi/13.3.1/thumb/v8-m.base/nofp\libc_nano.a(libc_a-memcpy-stub.o)
                0x0800681c                memcpy
 *fill*         0x0800682e        0x2 
 .text.nan      0x08006830        0xc D:/AppData/arm-gnu-toolchain-13.3.rel1-mingw-w64-i686-arm-none-eabi/bin/../lib/gcc/arm-none-eabi/13.3.1/thumb/v8-m.base/nofp\libc_nano.a(libm_a-s_nan.o)
                0x08006830                nan
 .text.__assert_func
                0x0800683c       0x3c D:/AppData/arm-gnu-toolchain-13.3.rel1-mingw-w64-i686-arm-none-eabi/bin/../lib/gcc/arm-none-eabi/13.3.1/thumb/v8-m.base/nofp\libc_nano.a(libc_a-assert.o)
                0x0800683c                __assert_func
 .text._calloc_r
                0x08006878       0x54 D:/AppData/arm-gnu-toolchain-13.3.rel1-mingw-w64-i686-arm-none-eabi/bin/../lib/gcc/arm-none-eabi/13.3.1/thumb/v8-m.base/nofp\libc_nano.a(libc_a-callocr.o)
                0x08006878                _calloc_r
 .text.rshift   0x080068cc       0xa4 D:/AppData/arm-gnu-toolchain-13.3.rel1-mingw-w64-i686-arm-none-eabi/bin/../lib/gcc/arm-none-eabi/13.3.1/thumb/v8-m.base/nofp\libc_nano.a(libc_a-gdtoa-gethex.o)
 .text.__hexdig_fun
                0x08006970       0x2a D:/AppData/arm-gnu-toolchain-13.3.rel1-mingw-w64-i686-arm-none-eabi/bin/../lib/gcc/arm-none-eabi/13.3.1/thumb/v8-m.base/nofp\libc_nano.a(libc_a-gdtoa-gethex.o)
                0x08006970                __hexdig_fun
 *fill*         0x0800699a        0x2 
 .text.__gethex
                0x0800699c      0x430 D:/AppData/arm-gnu-toolchain-13.3.rel1-mingw-w64-i686-arm-none-eabi/bin/../lib/gcc/arm-none-eabi/13.3.1/thumb/v8-m.base/nofp\libc_nano.a(libc_a-gdtoa-gethex.o)
                0x0800699c                __gethex
 .text.L_shift  0x08006dcc       0x24 D:/AppData/arm-gnu-toolchain-13.3.rel1-mingw-w64-i686-arm-none-eabi/bin/../lib/gcc/arm-none-eabi/13.3.1/thumb/v8-m.base/nofp\libc_nano.a(libc_a-gdtoa-hexnan.o)
 .text.__match  0x08006df0       0x26 D:/AppData/arm-gnu-toolchain-13.3.rel1-mingw-w64-i686-arm-none-eabi/bin/../lib/gcc/arm-none-eabi/13.3.1/thumb/v8-m.base/nofp\libc_nano.a(libc_a-gdtoa-hexnan.o)
                0x08006df0                __match
 .text.__hexnan
                0x08006e16      0x14c D:/AppData/arm-gnu-toolchain-13.3.rel1-mingw-w64-i686-arm-none-eabi/bin/../lib/gcc/arm-none-eabi/13.3.1/thumb/v8-m.base/nofp\libc_nano.a(libc_a-gdtoa-hexnan.o)
                0x08006e16                __hexnan
 .text.__ascii_mbtowc
                0x08006f62       0x20 D:/AppData/arm-gnu-toolchain-13.3.rel1-mingw-w64-i686-arm-none-eabi/bin/../lib/gcc/arm-none-eabi/13.3.1/thumb/v8-m.base/nofp\libc_nano.a(libc_a-mbtowc_r.o)
                0x08006f62                __ascii_mbtowc
 .text._realloc_r
                0x08006f82       0x5a D:/AppData/arm-gnu-toolchain-13.3.rel1-mingw-w64-i686-arm-none-eabi/bin/../lib/gcc/arm-none-eabi/13.3.1/thumb/v8-m.base/nofp\libc_nano.a(libc_a-reallocr.o)
                0x08006f82                _realloc_r
 .text.__ascii_wctomb
                0x08006fdc       0x1a D:/AppData/arm-gnu-toolchain-13.3.rel1-mingw-w64-i686-arm-none-eabi/bin/../lib/gcc/arm-none-eabi/13.3.1/thumb/v8-m.base/nofp\libc_nano.a(libc_a-wctomb_r.o)
                0x08006fdc                __ascii_wctomb
 *fill*         0x08006ff6        0x2 
 .text.fprintf  0x08006ff8       0x20 D:/AppData/arm-gnu-toolchain-13.3.rel1-mingw-w64-i686-arm-none-eabi/bin/../lib/gcc/arm-none-eabi/13.3.1/thumb/v8-m.base/nofp\libc_nano.a(libc_a-fprintf.o)
                0x08006ff8                fiprintf
                0x08006ff8                fprintf
 .text.abort    0x08007018        0xe D:/AppData/arm-gnu-toolchain-13.3.rel1-mingw-w64-i686-arm-none-eabi/bin/../lib/gcc/arm-none-eabi/13.3.1/thumb/v8-m.base/nofp\libc_nano.a(libc_a-abort.o)
                0x08007018                abort
 .text._malloc_usable_size_r
                0x08007026       0x10 D:/AppData/arm-gnu-toolchain-13.3.rel1-mingw-w64-i686-arm-none-eabi/bin/../lib/gcc/arm-none-eabi/13.3.1/thumb/v8-m.base/nofp\libc_nano.a(libc_a-msizer.o)
                0x08007026                _malloc_usable_size_r
 .text._raise_r
                0x08007036       0x4e D:/AppData/arm-gnu-toolchain-13.3.rel1-mingw-w64-i686-arm-none-eabi/bin/../lib/gcc/arm-none-eabi/13.3.1/thumb/v8-m.base/nofp\libc_nano.a(libc_a-signal.o)
                0x08007036                _raise_r
 .text.raise    0x08007084       0x14 D:/AppData/arm-gnu-toolchain-13.3.rel1-mingw-w64-i686-arm-none-eabi/bin/../lib/gcc/arm-none-eabi/13.3.1/thumb/v8-m.base/nofp\libc_nano.a(libc_a-signal.o)
                0x08007084                raise
 .text._kill_r  0x08007098       0x24 D:/AppData/arm-gnu-toolchain-13.3.rel1-mingw-w64-i686-arm-none-eabi/bin/../lib/gcc/arm-none-eabi/13.3.1/thumb/v8-m.base/nofp\libc_nano.a(libc_a-signalr.o)
                0x08007098                _kill_r
 .text._getpid_r
                0x080070bc        0x8 D:/AppData/arm-gnu-toolchain-13.3.rel1-mingw-w64-i686-arm-none-eabi/bin/../lib/gcc/arm-none-eabi/13.3.1/thumb/v8-m.base/nofp\libc_nano.a(libc_a-signalr.o)
                0x080070bc                _getpid_r
 .text.__fixunsdfsi
                0x080070c4       0x3c D:/AppData/arm-gnu-toolchain-13.3.rel1-mingw-w64-i686-arm-none-eabi/bin/../lib/gcc/arm-none-eabi/13.3.1/thumb/v8-m.base/nofp\libgcc.a(_fixunsdfsi.o)
                0x080070c4                __aeabi_d2uiz
                0x080070c4                __fixunsdfsi
 .text.__fixdfdi
                0x08007100       0x38 D:/AppData/arm-gnu-toolchain-13.3.rel1-mingw-w64-i686-arm-none-eabi/bin/../lib/gcc/arm-none-eabi/13.3.1/thumb/v8-m.base/nofp\libgcc.a(_fixdfdi.o)
                0x08007100                __fixdfdi
                0x08007100                __aeabi_d2lz
 .text.__fixunsdfdi
                0x08007138       0x3c D:/AppData/arm-gnu-toolchain-13.3.rel1-mingw-w64-i686-arm-none-eabi/bin/../lib/gcc/arm-none-eabi/13.3.1/thumb/v8-m.base/nofp\libgcc.a(_fixunsdfdi.o)
                0x08007138                __fixunsdfdi
                0x08007138                __aeabi_d2ulz
 .text.__floatdidf
                0x08007174       0x2c D:/AppData/arm-gnu-toolchain-13.3.rel1-mingw-w64-i686-arm-none-eabi/bin/../lib/gcc/arm-none-eabi/13.3.1/thumb/v8-m.base/nofp\libgcc.a(_floatdidf.o)
                0x08007174                __aeabi_l2d
                0x08007174                __floatdidf
 .text.__aeabi_fdiv
                0x080071a0      0x224 D:/AppData/arm-gnu-toolchain-13.3.rel1-mingw-w64-i686-arm-none-eabi/bin/../lib/gcc/arm-none-eabi/13.3.1/thumb/v8-m.base/nofp\libgcc.a(divsf3.o)
                0x080071a0                __aeabi_fdiv
 .text.__aeabi_fmul
                0x080073c4      0x280 D:/AppData/arm-gnu-toolchain-13.3.rel1-mingw-w64-i686-arm-none-eabi/bin/../lib/gcc/arm-none-eabi/13.3.1/thumb/v8-m.base/nofp\libgcc.a(mulsf3.o)
                0x080073c4                __aeabi_fmul
 .text.__aeabi_ui2f
                0x08007644       0x80 D:/AppData/arm-gnu-toolchain-13.3.rel1-mingw-w64-i686-arm-none-eabi/bin/../lib/gcc/arm-none-eabi/13.3.1/thumb/v8-m.base/nofp\libgcc.a(floatunsisf.o)
                0x08007644                __aeabi_ui2f
 .text.__aeabi_dadd
                0x080076c4      0x704 D:/AppData/arm-gnu-toolchain-13.3.rel1-mingw-w64-i686-arm-none-eabi/bin/../lib/gcc/arm-none-eabi/13.3.1/thumb/v8-m.base/nofp\libgcc.a(adddf3.o)
                0x080076c4                __aeabi_dadd
 .text.__aeabi_ddiv
                0x08007dc8      0x678 D:/AppData/arm-gnu-toolchain-13.3.rel1-mingw-w64-i686-arm-none-eabi/bin/../lib/gcc/arm-none-eabi/13.3.1/thumb/v8-m.base/nofp\libgcc.a(divdf3.o)
                0x08007dc8                __aeabi_ddiv
 .text.__eqdf2  0x08008440       0x88 D:/AppData/arm-gnu-toolchain-13.3.rel1-mingw-w64-i686-arm-none-eabi/bin/../lib/gcc/arm-none-eabi/13.3.1/thumb/v8-m.base/nofp\libgcc.a(eqdf2.o)
                0x08008440                __nedf2
                0x08008440                __eqdf2
 .text.__gedf2  0x080084c8       0xdc D:/AppData/arm-gnu-toolchain-13.3.rel1-mingw-w64-i686-arm-none-eabi/bin/../lib/gcc/arm-none-eabi/13.3.1/thumb/v8-m.base/nofp\libgcc.a(gedf2.o)
                0x080084c8                __gedf2
                0x080084c8                __gtdf2
 .text.__ledf2  0x080085a4       0xdc D:/AppData/arm-gnu-toolchain-13.3.rel1-mingw-w64-i686-arm-none-eabi/bin/../lib/gcc/arm-none-eabi/13.3.1/thumb/v8-m.base/nofp\libgcc.a(ledf2.o)
                0x080085a4                __ledf2
                0x080085a4                __ltdf2
 .text.__aeabi_dmul
                0x08008680      0x5b4 D:/AppData/arm-gnu-toolchain-13.3.rel1-mingw-w64-i686-arm-none-eabi/bin/../lib/gcc/arm-none-eabi/13.3.1/thumb/v8-m.base/nofp\libgcc.a(muldf3.o)
                0x08008680                __aeabi_dmul
 .text.__aeabi_dsub
                0x08008c34      0x7a4 D:/AppData/arm-gnu-toolchain-13.3.rel1-mingw-w64-i686-arm-none-eabi/bin/../lib/gcc/arm-none-eabi/13.3.1/thumb/v8-m.base/nofp\libgcc.a(subdf3.o)
                0x08008c34                __aeabi_dsub
 .text.__aeabi_dcmpun
                0x080093d8       0x38 D:/AppData/arm-gnu-toolchain-13.3.rel1-mingw-w64-i686-arm-none-eabi/bin/../lib/gcc/arm-none-eabi/13.3.1/thumb/v8-m.base/nofp\libgcc.a(unorddf2.o)
                0x080093d8                __aeabi_dcmpun
 .text.__aeabi_d2iz
                0x08009410       0x70 D:/AppData/arm-gnu-toolchain-13.3.rel1-mingw-w64-i686-arm-none-eabi/bin/../lib/gcc/arm-none-eabi/13.3.1/thumb/v8-m.base/nofp\libgcc.a(fixdfsi.o)
                0x08009410                __aeabi_d2iz
 .text.__aeabi_i2d
                0x08009480       0x58 D:/AppData/arm-gnu-toolchain-13.3.rel1-mingw-w64-i686-arm-none-eabi/bin/../lib/gcc/arm-none-eabi/13.3.1/thumb/v8-m.base/nofp\libgcc.a(floatsidf.o)
                0x08009480                __aeabi_i2d
 .text.__aeabi_ui2d
                0x080094d8       0x48 D:/AppData/arm-gnu-toolchain-13.3.rel1-mingw-w64-i686-arm-none-eabi/bin/../lib/gcc/arm-none-eabi/13.3.1/thumb/v8-m.base/nofp\libgcc.a(floatunsidf.o)
                0x080094d8                __aeabi_ui2d
 .text.__aeabi_f2d
                0x08009520       0x88 D:/AppData/arm-gnu-toolchain-13.3.rel1-mingw-w64-i686-arm-none-eabi/bin/../lib/gcc/arm-none-eabi/13.3.1/thumb/v8-m.base/nofp\libgcc.a(extendsfdf2.o)
                0x08009520                __aeabi_f2d
 .text.__aeabi_d2f
                0x080095a8      0x108 D:/AppData/arm-gnu-toolchain-13.3.rel1-mingw-w64-i686-arm-none-eabi/bin/../lib/gcc/arm-none-eabi/13.3.1/thumb/v8-m.base/nofp\libgcc.a(truncdfsf2.o)
                0x080095a8                __aeabi_d2f
 *(.glue_7)
 .glue_7        0x080096b0        0x0 linker stubs
 *(.glue_7t)
 .glue_7t       0x080096b0        0x0 linker stubs
 *(.eh_frame)
 .eh_frame      0x080096b0        0x0 D:/AppData/arm-gnu-toolchain-13.3.rel1-mingw-w64-i686-arm-none-eabi/bin/../lib/gcc/arm-none-eabi/13.3.1/thumb/v8-m.base/nofp/crtbegin.o
 *(.init)
 .init          0x080096b0        0x4 D:/AppData/arm-gnu-toolchain-13.3.rel1-mingw-w64-i686-arm-none-eabi/bin/../lib/gcc/arm-none-eabi/13.3.1/thumb/v8-m.base/nofp/crti.o
                0x080096b0                _init
 .init          0x080096b4        0x8 D:/AppData/arm-gnu-toolchain-13.3.rel1-mingw-w64-i686-arm-none-eabi/bin/../lib/gcc/arm-none-eabi/13.3.1/thumb/v8-m.base/nofp/crtn.o
 *(.fini)
 .fini          0x080096bc        0x4 D:/AppData/arm-gnu-toolchain-13.3.rel1-mingw-w64-i686-arm-none-eabi/bin/../lib/gcc/arm-none-eabi/13.3.1/thumb/v8-m.base/nofp/crti.o
                0x080096bc                _fini
 .fini          0x080096c0        0x8 D:/AppData/arm-gnu-toolchain-13.3.rel1-mingw-w64-i686-arm-none-eabi/bin/../lib/gcc/arm-none-eabi/13.3.1/thumb/v8-m.base/nofp/crtn.o
                0x080096c8                        . = ALIGN (0x4)
                0x080096c8                        _etext = .

.vfp11_veneer   0x080096c8        0x0
 .vfp11_veneer  0x080096c8        0x0 linker stubs

.v4_bx          0x080096c8        0x0
 .v4_bx         0x080096c8        0x0 linker stubs

.iplt           0x080096c8        0x0
 .iplt          0x080096c8        0x0 D:/AppData/arm-gnu-toolchain-13.3.rel1-mingw-w64-i686-arm-none-eabi/bin/../lib/gcc/arm-none-eabi/13.3.1/thumb/v8-m.base/nofp/crtbegin.o

.rodata         0x080096c8     0x39c8
                0x080096c8                        . = ALIGN (0x4)
 *(.rodata)
 .rodata        0x080096c8       0x18 build/gd32e23x_rcu.o
 *(.rodata*)
 .rodata.main.str1.4
                0x080096e0       0x93 build/main.o
                                 0x8f (size before relaxing)
 *fill*         0x08009773        0x1 
 .rodata.rcu_adc_clock_config
                0x08009774       0x28 build/gd32e23x_rcu.o
 .rodata.rcu_clock_freq_get
                0x0800979c       0x18 build/gd32e23x_rcu.o
 .rodata.ascii_3216
                0x080097b4     0x17c0 build/lcd.o
                0x080097b4                ascii_3216
 .rodata.ascii_2412
                0x0800af74     0x11d0 build/lcd.o
                0x0800af74                ascii_2412
 .rodata.ascii_1608
                0x0800c144      0x5f0 build/lcd.o
                0x0800c144                ascii_1608
 .rodata.ascii_1206
                0x0800c734      0x474 build/lcd.o
                0x0800c734                ascii_1206
 .rodata._printf_float.str1.1
                0x0800cba8      0x1d9 D:/AppData/arm-gnu-toolchain-13.3.rel1-mingw-w64-i686-arm-none-eabi/bin/../lib/gcc/arm-none-eabi/13.3.1/thumb/v8-m.base/nofp\libc_nano.a(libc_a-nano-vfprintf_float.o)
                                 0x12 (size before relaxing)
 .rodata._printf_i.str1.1
                0x0800cd81       0x22 D:/AppData/arm-gnu-toolchain-13.3.rel1-mingw-w64-i686-arm-none-eabi/bin/../lib/gcc/arm-none-eabi/13.3.1/thumb/v8-m.base/nofp\libc_nano.a(libc_a-nano-vfprintf_i.o)
 .rodata._scanf_float.str1.1
                0x0800cd81        0x6 D:/AppData/arm-gnu-toolchain-13.3.rel1-mingw-w64-i686-arm-none-eabi/bin/../lib/gcc/arm-none-eabi/13.3.1/thumb/v8-m.base/nofp\libc_nano.a(libc_a-nano-vfscanf_float.o)
 .rodata._dtoa_r.str1.1
                0x0800cd81       0x90 D:/AppData/arm-gnu-toolchain-13.3.rel1-mingw-w64-i686-arm-none-eabi/bin/../lib/gcc/arm-none-eabi/13.3.1/thumb/v8-m.base/nofp\libc_nano.a(libc_a-dtoa.o)
 .rodata._Balloc.str1.1
                0x0800cd81       0x71 D:/AppData/arm-gnu-toolchain-13.3.rel1-mingw-w64-i686-arm-none-eabi/bin/../lib/gcc/arm-none-eabi/13.3.1/thumb/v8-m.base/nofp\libc_nano.a(libc_a-mprec.o)
 .rodata.__multadd.str1.1
                0x0800cd81       0x11 D:/AppData/arm-gnu-toolchain-13.3.rel1-mingw-w64-i686-arm-none-eabi/bin/../lib/gcc/arm-none-eabi/13.3.1/thumb/v8-m.base/nofp\libc_nano.a(libc_a-mprec.o)
 *fill*         0x0800cd81        0x3 
 .rodata.p05.0  0x0800cd84        0xc D:/AppData/arm-gnu-toolchain-13.3.rel1-mingw-w64-i686-arm-none-eabi/bin/../lib/gcc/arm-none-eabi/13.3.1/thumb/v8-m.base/nofp\libc_nano.a(libc_a-mprec.o)
 .rodata.__mprec_bigtens
                0x0800cd90       0x28 D:/AppData/arm-gnu-toolchain-13.3.rel1-mingw-w64-i686-arm-none-eabi/bin/../lib/gcc/arm-none-eabi/13.3.1/thumb/v8-m.base/nofp\libc_nano.a(libc_a-mprec.o)
                0x0800cd90                __mprec_bigtens
 .rodata.__mprec_tens
                0x0800cdb8       0xc8 D:/AppData/arm-gnu-toolchain-13.3.rel1-mingw-w64-i686-arm-none-eabi/bin/../lib/gcc/arm-none-eabi/13.3.1/thumb/v8-m.base/nofp\libc_nano.a(libc_a-mprec.o)
                0x0800cdb8                __mprec_tens
 .rodata._strtod_l.str1.1
                0x0800ce80        0xf D:/AppData/arm-gnu-toolchain-13.3.rel1-mingw-w64-i686-arm-none-eabi/bin/../lib/gcc/arm-none-eabi/13.3.1/thumb/v8-m.base/nofp\libc_nano.a(libc_a-strtod.o)
 .rodata.fpinan.0
                0x0800ce80       0x14 D:/AppData/arm-gnu-toolchain-13.3.rel1-mingw-w64-i686-arm-none-eabi/bin/../lib/gcc/arm-none-eabi/13.3.1/thumb/v8-m.base/nofp\libc_nano.a(libc_a-strtod.o)
 .rodata.fpi.1  0x0800ce94       0x14 D:/AppData/arm-gnu-toolchain-13.3.rel1-mingw-w64-i686-arm-none-eabi/bin/../lib/gcc/arm-none-eabi/13.3.1/thumb/v8-m.base/nofp\libc_nano.a(libc_a-strtod.o)
 .rodata.tinytens
                0x0800cea8       0x28 D:/AppData/arm-gnu-toolchain-13.3.rel1-mingw-w64-i686-arm-none-eabi/bin/../lib/gcc/arm-none-eabi/13.3.1/thumb/v8-m.base/nofp\libc_nano.a(libc_a-strtod.o)
 .rodata._ctype_
                0x0800ced0      0x101 D:/AppData/arm-gnu-toolchain-13.3.rel1-mingw-w64-i686-arm-none-eabi/bin/../lib/gcc/arm-none-eabi/13.3.1/thumb/v8-m.base/nofp\libc_nano.a(libc_a-ctype_.o)
                0x0800ced0                _ctype_
 .rodata._svfprintf_r.str1.1
                0x0800cfd1       0x11 D:/AppData/arm-gnu-toolchain-13.3.rel1-mingw-w64-i686-arm-none-eabi/bin/../lib/gcc/arm-none-eabi/13.3.1/thumb/v8-m.base/nofp\libc_nano.a(libc_a-nano-svfprintf.o)
 .rodata._vfprintf_r.str1.1
                0x0800cfd1       0x11 D:/AppData/arm-gnu-toolchain-13.3.rel1-mingw-w64-i686-arm-none-eabi/bin/../lib/gcc/arm-none-eabi/13.3.1/thumb/v8-m.base/nofp\libc_nano.a(libc_a-nano-vfprintf.o)
 .rodata._setlocale_r.str1.1
                0x0800cfd1        0x9 D:/AppData/arm-gnu-toolchain-13.3.rel1-mingw-w64-i686-arm-none-eabi/bin/../lib/gcc/arm-none-eabi/13.3.1/thumb/v8-m.base/nofp\libc_nano.a(libc_a-locale.o)
 .rodata.str1.1
                0x0800cfd1        0x2 D:/AppData/arm-gnu-toolchain-13.3.rel1-mingw-w64-i686-arm-none-eabi/bin/../lib/gcc/arm-none-eabi/13.3.1/thumb/v8-m.base/nofp\libc_nano.a(libc_a-locale.o)
 .rodata.__assert_func.str1.1
                0x0800cfd1       0x3d D:/AppData/arm-gnu-toolchain-13.3.rel1-mingw-w64-i686-arm-none-eabi/bin/../lib/gcc/arm-none-eabi/13.3.1/thumb/v8-m.base/nofp\libc_nano.a(libc_a-assert.o)
 .rodata.__gethex.str1.1
                0x0800cfd1       0x74 D:/AppData/arm-gnu-toolchain-13.3.rel1-mingw-w64-i686-arm-none-eabi/bin/../lib/gcc/arm-none-eabi/13.3.1/thumb/v8-m.base/nofp\libc_nano.a(libc_a-gdtoa-gethex.o)
 *fill*         0x0800cfd1        0x3 
 .rodata.__aeabi_fdiv
                0x0800cfd4       0x7c D:/AppData/arm-gnu-toolchain-13.3.rel1-mingw-w64-i686-arm-none-eabi/bin/../lib/gcc/arm-none-eabi/13.3.1/thumb/v8-m.base/nofp\libgcc.a(divsf3.o)
 .rodata.__aeabi_ddiv
                0x0800d050       0x40 D:/AppData/arm-gnu-toolchain-13.3.rel1-mingw-w64-i686-arm-none-eabi/bin/../lib/gcc/arm-none-eabi/13.3.1/thumb/v8-m.base/nofp\libgcc.a(divdf3.o)
                0x0800d090                        . = ALIGN (0x4)

.rel.dyn        0x0800d090        0x0
 .rel.iplt      0x0800d090        0x0 D:/AppData/arm-gnu-toolchain-13.3.rel1-mingw-w64-i686-arm-none-eabi/bin/../lib/gcc/arm-none-eabi/13.3.1/thumb/v8-m.base/nofp/crtbegin.o

.ARM.extab
 *(.ARM.extab* .gnu.linkonce.armextab.*)

.ARM            0x0800d090        0x0
                0x0800d090                        __exidx_start = .
 *(.ARM.exidx*)
                0x0800d090                        __exidx_end = .

.ARM.attributes
                0x0800d090       0x2c
 *(.ARM.attributes)
 .ARM.attributes
                0x0800d090       0x22 D:/AppData/arm-gnu-toolchain-13.3.rel1-mingw-w64-i686-arm-none-eabi/bin/../lib/gcc/arm-none-eabi/13.3.1/thumb/v8-m.base/nofp/crti.o
 .ARM.attributes
                0x0800d0b2       0x30 D:/AppData/arm-gnu-toolchain-13.3.rel1-mingw-w64-i686-arm-none-eabi/bin/../lib/gcc/arm-none-eabi/13.3.1/thumb/v8-m.base/nofp/crtbegin.o
 .ARM.attributes
                0x0800d0e2       0x30 build/main.o
 .ARM.attributes
                0x0800d112       0x30 build/systick.o
 .ARM.attributes
                0x0800d142       0x30 build/gd32e23x_it.o
 .ARM.attributes
                0x0800d172       0x30 build/gd32e230c_eval.o
 .ARM.attributes
                0x0800d1a2       0x30 build/gd32e23x_adc.o
 .ARM.attributes
                0x0800d1d2       0x30 build/gd32e23x_exti.o
 .ARM.attributes
                0x0800d202       0x30 build/gd32e23x_gpio.o
 .ARM.attributes
                0x0800d232       0x30 build/gd32e23x_misc.o
 .ARM.attributes
                0x0800d262       0x30 build/gd32e23x_rcu.o
 .ARM.attributes
                0x0800d292       0x30 build/gd32e23x_spi.o
 .ARM.attributes
                0x0800d2c2       0x30 build/gd32e23x_syscfg.o
 .ARM.attributes
                0x0800d2f2       0x30 build/gd32e23x_timer.o
 .ARM.attributes
                0x0800d322       0x30 build/gd32e23x_usart.o
 .ARM.attributes
                0x0800d352       0x30 build/syscalls.o
 .ARM.attributes
                0x0800d382       0x30 build/system_gd32e23x.o
 .ARM.attributes
                0x0800d3b2       0x30 build/lcd.o
 .ARM.attributes
                0x0800d3e2       0x22 build/startup_gd32e23x.o
 .ARM.attributes
                0x0800d404       0x30 D:/AppData/arm-gnu-toolchain-13.3.rel1-mingw-w64-i686-arm-none-eabi/bin/../lib/gcc/arm-none-eabi/13.3.1/thumb/v8-m.base/nofp\libc_nano.a(libc_a-nano-vfprintf_float.o)
 .ARM.attributes
                0x0800d434       0x30 D:/AppData/arm-gnu-toolchain-13.3.rel1-mingw-w64-i686-arm-none-eabi/bin/../lib/gcc/arm-none-eabi/13.3.1/thumb/v8-m.base/nofp\libc_nano.a(libc_a-nano-vfprintf_i.o)
 .ARM.attributes
                0x0800d464       0x30 D:/AppData/arm-gnu-toolchain-13.3.rel1-mingw-w64-i686-arm-none-eabi/bin/../lib/gcc/arm-none-eabi/13.3.1/thumb/v8-m.base/nofp\libc_nano.a(libc_a-nano-vfscanf_float.o)
 .ARM.attributes
                0x0800d494       0x30 D:/AppData/arm-gnu-toolchain-13.3.rel1-mingw-w64-i686-arm-none-eabi/bin/../lib/gcc/arm-none-eabi/13.3.1/thumb/v8-m.base/nofp\libc_nano.a(libc_a-findfp.o)
 .ARM.attributes
                0x0800d4c4       0x30 D:/AppData/arm-gnu-toolchain-13.3.rel1-mingw-w64-i686-arm-none-eabi/bin/../lib/gcc/arm-none-eabi/13.3.1/thumb/v8-m.base/nofp\libc_nano.a(libc_a-fwalk.o)
 .ARM.attributes
                0x0800d4f4       0x30 D:/AppData/arm-gnu-toolchain-13.3.rel1-mingw-w64-i686-arm-none-eabi/bin/../lib/gcc/arm-none-eabi/13.3.1/thumb/v8-m.base/nofp\libc_nano.a(libc_a-printf.o)
 .ARM.attributes
                0x0800d524       0x30 D:/AppData/arm-gnu-toolchain-13.3.rel1-mingw-w64-i686-arm-none-eabi/bin/../lib/gcc/arm-none-eabi/13.3.1/thumb/v8-m.base/nofp\libc_nano.a(libc_a-puts.o)
 .ARM.attributes
                0x0800d554       0x30 D:/AppData/arm-gnu-toolchain-13.3.rel1-mingw-w64-i686-arm-none-eabi/bin/../lib/gcc/arm-none-eabi/13.3.1/thumb/v8-m.base/nofp\libc_nano.a(libc_a-sprintf.o)
 .ARM.attributes
                0x0800d584       0x30 D:/AppData/arm-gnu-toolchain-13.3.rel1-mingw-w64-i686-arm-none-eabi/bin/../lib/gcc/arm-none-eabi/13.3.1/thumb/v8-m.base/nofp\libc_nano.a(libc_a-stdio.o)
 .ARM.attributes
                0x0800d5b4       0x30 D:/AppData/arm-gnu-toolchain-13.3.rel1-mingw-w64-i686-arm-none-eabi/bin/../lib/gcc/arm-none-eabi/13.3.1/thumb/v8-m.base/nofp\libc_nano.a(libc_a-wbuf.o)
 .ARM.attributes
                0x0800d5e4       0x30 D:/AppData/arm-gnu-toolchain-13.3.rel1-mingw-w64-i686-arm-none-eabi/bin/../lib/gcc/arm-none-eabi/13.3.1/thumb/v8-m.base/nofp\libc_nano.a(libc_a-wsetup.o)
 .ARM.attributes
                0x0800d614       0x30 D:/AppData/arm-gnu-toolchain-13.3.rel1-mingw-w64-i686-arm-none-eabi/bin/../lib/gcc/arm-none-eabi/13.3.1/thumb/v8-m.base/nofp\libc_nano.a(libc_a-memset.o)
 .ARM.attributes
                0x0800d644       0x30 D:/AppData/arm-gnu-toolchain-13.3.rel1-mingw-w64-i686-arm-none-eabi/bin/../lib/gcc/arm-none-eabi/13.3.1/thumb/v8-m.base/nofp\libc_nano.a(libc_a-localeconv.o)
 .ARM.attributes
                0x0800d674       0x30 D:/AppData/arm-gnu-toolchain-13.3.rel1-mingw-w64-i686-arm-none-eabi/bin/../lib/gcc/arm-none-eabi/13.3.1/thumb/v8-m.base/nofp\libc_nano.a(libc_a-closer.o)
 .ARM.attributes
                0x0800d6a4       0x30 D:/AppData/arm-gnu-toolchain-13.3.rel1-mingw-w64-i686-arm-none-eabi/bin/../lib/gcc/arm-none-eabi/13.3.1/thumb/v8-m.base/nofp\libc_nano.a(libc_a-reent.o)
 .ARM.attributes
                0x0800d6d4       0x30 D:/AppData/arm-gnu-toolchain-13.3.rel1-mingw-w64-i686-arm-none-eabi/bin/../lib/gcc/arm-none-eabi/13.3.1/thumb/v8-m.base/nofp\libc_nano.a(libc_a-impure.o)
 .ARM.attributes
                0x0800d704       0x30 D:/AppData/arm-gnu-toolchain-13.3.rel1-mingw-w64-i686-arm-none-eabi/bin/../lib/gcc/arm-none-eabi/13.3.1/thumb/v8-m.base/nofp\libc_nano.a(libc_a-lseekr.o)
 .ARM.attributes
                0x0800d734       0x30 D:/AppData/arm-gnu-toolchain-13.3.rel1-mingw-w64-i686-arm-none-eabi/bin/../lib/gcc/arm-none-eabi/13.3.1/thumb/v8-m.base/nofp\libc_nano.a(libc_a-readr.o)
 .ARM.attributes
                0x0800d764       0x30 D:/AppData/arm-gnu-toolchain-13.3.rel1-mingw-w64-i686-arm-none-eabi/bin/../lib/gcc/arm-none-eabi/13.3.1/thumb/v8-m.base/nofp\libc_nano.a(libc_a-writer.o)
 .ARM.attributes
                0x0800d794       0x30 D:/AppData/arm-gnu-toolchain-13.3.rel1-mingw-w64-i686-arm-none-eabi/bin/../lib/gcc/arm-none-eabi/13.3.1/thumb/v8-m.base/nofp\libc_nano.a(libc_a-init.o)
 .ARM.attributes
                0x0800d7c4       0x30 D:/AppData/arm-gnu-toolchain-13.3.rel1-mingw-w64-i686-arm-none-eabi/bin/../lib/gcc/arm-none-eabi/13.3.1/thumb/v8-m.base/nofp\libc_nano.a(libc_a-lock.o)
 .ARM.attributes
                0x0800d7f4       0x30 D:/AppData/arm-gnu-toolchain-13.3.rel1-mingw-w64-i686-arm-none-eabi/bin/../lib/gcc/arm-none-eabi/13.3.1/thumb/v8-m.base/nofp\libc_nano.a(libc_a-memchr-stub.o)
 .ARM.attributes
                0x0800d824       0x1c D:/AppData/arm-gnu-toolchain-13.3.rel1-mingw-w64-i686-arm-none-eabi/bin/../lib/gcc/arm-none-eabi/13.3.1/thumb/v8-m.base/nofp\libc_nano.a(libc_a-strlen.o)
 .ARM.attributes
                0x0800d840       0x30 D:/AppData/arm-gnu-toolchain-13.3.rel1-mingw-w64-i686-arm-none-eabi/bin/../lib/gcc/arm-none-eabi/13.3.1/thumb/v8-m.base/nofp\libc_nano.a(libm_a-sf_nan.o)
 .ARM.attributes
                0x0800d870       0x30 D:/AppData/arm-gnu-toolchain-13.3.rel1-mingw-w64-i686-arm-none-eabi/bin/../lib/gcc/arm-none-eabi/13.3.1/thumb/v8-m.base/nofp\libc_nano.a(libc_a-dtoa.o)
 .ARM.attributes
                0x0800d8a0       0x30 D:/AppData/arm-gnu-toolchain-13.3.rel1-mingw-w64-i686-arm-none-eabi/bin/../lib/gcc/arm-none-eabi/13.3.1/thumb/v8-m.base/nofp\libc_nano.a(libc_a-freer.o)
 .ARM.attributes
                0x0800d8d0       0x30 D:/AppData/arm-gnu-toolchain-13.3.rel1-mingw-w64-i686-arm-none-eabi/bin/../lib/gcc/arm-none-eabi/13.3.1/thumb/v8-m.base/nofp\libc_nano.a(libc_a-malloc.o)
 .ARM.attributes
                0x0800d900       0x30 D:/AppData/arm-gnu-toolchain-13.3.rel1-mingw-w64-i686-arm-none-eabi/bin/../lib/gcc/arm-none-eabi/13.3.1/thumb/v8-m.base/nofp\libc_nano.a(libc_a-mallocr.o)
 .ARM.attributes
                0x0800d930       0x30 D:/AppData/arm-gnu-toolchain-13.3.rel1-mingw-w64-i686-arm-none-eabi/bin/../lib/gcc/arm-none-eabi/13.3.1/thumb/v8-m.base/nofp\libc_nano.a(libc_a-mlock.o)
 .ARM.attributes
                0x0800d960       0x30 D:/AppData/arm-gnu-toolchain-13.3.rel1-mingw-w64-i686-arm-none-eabi/bin/../lib/gcc/arm-none-eabi/13.3.1/thumb/v8-m.base/nofp\libc_nano.a(libc_a-mprec.o)
 .ARM.attributes
                0x0800d990       0x30 D:/AppData/arm-gnu-toolchain-13.3.rel1-mingw-w64-i686-arm-none-eabi/bin/../lib/gcc/arm-none-eabi/13.3.1/thumb/v8-m.base/nofp\libc_nano.a(libc_a-strtod.o)
 .ARM.attributes
                0x0800d9c0       0x30 D:/AppData/arm-gnu-toolchain-13.3.rel1-mingw-w64-i686-arm-none-eabi/bin/../lib/gcc/arm-none-eabi/13.3.1/thumb/v8-m.base/nofp\libc_nano.a(libc_a-strtol.o)
 .ARM.attributes
                0x0800d9f0       0x30 D:/AppData/arm-gnu-toolchain-13.3.rel1-mingw-w64-i686-arm-none-eabi/bin/../lib/gcc/arm-none-eabi/13.3.1/thumb/v8-m.base/nofp\libc_nano.a(libc_a-ctype_.o)
 .ARM.attributes
                0x0800da20       0x30 D:/AppData/arm-gnu-toolchain-13.3.rel1-mingw-w64-i686-arm-none-eabi/bin/../lib/gcc/arm-none-eabi/13.3.1/thumb/v8-m.base/nofp\libc_nano.a(libc_a-nano-svfprintf.o)
 .ARM.attributes
                0x0800da50       0x30 D:/AppData/arm-gnu-toolchain-13.3.rel1-mingw-w64-i686-arm-none-eabi/bin/../lib/gcc/arm-none-eabi/13.3.1/thumb/v8-m.base/nofp\libc_nano.a(libc_a-nano-vfprintf.o)
 .ARM.attributes
                0x0800da80       0x30 D:/AppData/arm-gnu-toolchain-13.3.rel1-mingw-w64-i686-arm-none-eabi/bin/../lib/gcc/arm-none-eabi/13.3.1/thumb/v8-m.base/nofp\libc_nano.a(libc_a-fflush.o)
 .ARM.attributes
                0x0800dab0       0x30 D:/AppData/arm-gnu-toolchain-13.3.rel1-mingw-w64-i686-arm-none-eabi/bin/../lib/gcc/arm-none-eabi/13.3.1/thumb/v8-m.base/nofp\libc_nano.a(libc_a-makebuf.o)
 .ARM.attributes
                0x0800dae0       0x30 D:/AppData/arm-gnu-toolchain-13.3.rel1-mingw-w64-i686-arm-none-eabi/bin/../lib/gcc/arm-none-eabi/13.3.1/thumb/v8-m.base/nofp\libc_nano.a(libc_a-memmove.o)
 .ARM.attributes
                0x0800db10       0x30 D:/AppData/arm-gnu-toolchain-13.3.rel1-mingw-w64-i686-arm-none-eabi/bin/../lib/gcc/arm-none-eabi/13.3.1/thumb/v8-m.base/nofp\libc_nano.a(libc_a-strncmp.o)
 .ARM.attributes
                0x0800db40       0x30 D:/AppData/arm-gnu-toolchain-13.3.rel1-mingw-w64-i686-arm-none-eabi/bin/../lib/gcc/arm-none-eabi/13.3.1/thumb/v8-m.base/nofp\libc_nano.a(libc_a-locale.o)
 .ARM.attributes
                0x0800db70       0x30 D:/AppData/arm-gnu-toolchain-13.3.rel1-mingw-w64-i686-arm-none-eabi/bin/../lib/gcc/arm-none-eabi/13.3.1/thumb/v8-m.base/nofp\libc_nano.a(libc_a-fstatr.o)
 .ARM.attributes
                0x0800dba0       0x30 D:/AppData/arm-gnu-toolchain-13.3.rel1-mingw-w64-i686-arm-none-eabi/bin/../lib/gcc/arm-none-eabi/13.3.1/thumb/v8-m.base/nofp\libc_nano.a(libc_a-isattyr.o)
 .ARM.attributes
                0x0800dbd0       0x30 D:/AppData/arm-gnu-toolchain-13.3.rel1-mingw-w64-i686-arm-none-eabi/bin/../lib/gcc/arm-none-eabi/13.3.1/thumb/v8-m.base/nofp\libc_nano.a(libc_a-sbrkr.o)
 .ARM.attributes
                0x0800dc00       0x30 D:/AppData/arm-gnu-toolchain-13.3.rel1-mingw-w64-i686-arm-none-eabi/bin/../lib/gcc/arm-none-eabi/13.3.1/thumb/v8-m.base/nofp\libc_nano.a(libc_a-errno.o)
 .ARM.attributes
                0x0800dc30       0x30 D:/AppData/arm-gnu-toolchain-13.3.rel1-mingw-w64-i686-arm-none-eabi/bin/../lib/gcc/arm-none-eabi/13.3.1/thumb/v8-m.base/nofp\libc_nano.a(libc_a-memcpy-stub.o)
 .ARM.attributes
                0x0800dc60       0x30 D:/AppData/arm-gnu-toolchain-13.3.rel1-mingw-w64-i686-arm-none-eabi/bin/../lib/gcc/arm-none-eabi/13.3.1/thumb/v8-m.base/nofp\libc_nano.a(libm_a-s_nan.o)
 .ARM.attributes
                0x0800dc90       0x30 D:/AppData/arm-gnu-toolchain-13.3.rel1-mingw-w64-i686-arm-none-eabi/bin/../lib/gcc/arm-none-eabi/13.3.1/thumb/v8-m.base/nofp\libc_nano.a(libc_a-assert.o)
 .ARM.attributes
                0x0800dcc0       0x30 D:/AppData/arm-gnu-toolchain-13.3.rel1-mingw-w64-i686-arm-none-eabi/bin/../lib/gcc/arm-none-eabi/13.3.1/thumb/v8-m.base/nofp\libc_nano.a(libc_a-callocr.o)
 .ARM.attributes
                0x0800dcf0       0x30 D:/AppData/arm-gnu-toolchain-13.3.rel1-mingw-w64-i686-arm-none-eabi/bin/../lib/gcc/arm-none-eabi/13.3.1/thumb/v8-m.base/nofp\libc_nano.a(libc_a-gdtoa-gethex.o)
 .ARM.attributes
                0x0800dd20       0x30 D:/AppData/arm-gnu-toolchain-13.3.rel1-mingw-w64-i686-arm-none-eabi/bin/../lib/gcc/arm-none-eabi/13.3.1/thumb/v8-m.base/nofp\libc_nano.a(libc_a-gdtoa-hexnan.o)
 .ARM.attributes
                0x0800dd50       0x30 D:/AppData/arm-gnu-toolchain-13.3.rel1-mingw-w64-i686-arm-none-eabi/bin/../lib/gcc/arm-none-eabi/13.3.1/thumb/v8-m.base/nofp\libc_nano.a(libc_a-mbtowc_r.o)
 .ARM.attributes
                0x0800dd80       0x30 D:/AppData/arm-gnu-toolchain-13.3.rel1-mingw-w64-i686-arm-none-eabi/bin/../lib/gcc/arm-none-eabi/13.3.1/thumb/v8-m.base/nofp\libc_nano.a(libc_a-reallocr.o)
 .ARM.attributes
                0x0800ddb0       0x30 D:/AppData/arm-gnu-toolchain-13.3.rel1-mingw-w64-i686-arm-none-eabi/bin/../lib/gcc/arm-none-eabi/13.3.1/thumb/v8-m.base/nofp\libc_nano.a(libc_a-wctomb_r.o)
 .ARM.attributes
                0x0800dde0       0x30 D:/AppData/arm-gnu-toolchain-13.3.rel1-mingw-w64-i686-arm-none-eabi/bin/../lib/gcc/arm-none-eabi/13.3.1/thumb/v8-m.base/nofp\libc_nano.a(libc_a-fprintf.o)
 .ARM.attributes
                0x0800de10       0x30 D:/AppData/arm-gnu-toolchain-13.3.rel1-mingw-w64-i686-arm-none-eabi/bin/../lib/gcc/arm-none-eabi/13.3.1/thumb/v8-m.base/nofp\libc_nano.a(libc_a-abort.o)
 .ARM.attributes
                0x0800de40       0x30 D:/AppData/arm-gnu-toolchain-13.3.rel1-mingw-w64-i686-arm-none-eabi/bin/../lib/gcc/arm-none-eabi/13.3.1/thumb/v8-m.base/nofp\libc_nano.a(libc_a-msizer.o)
 .ARM.attributes
                0x0800de70       0x30 D:/AppData/arm-gnu-toolchain-13.3.rel1-mingw-w64-i686-arm-none-eabi/bin/../lib/gcc/arm-none-eabi/13.3.1/thumb/v8-m.base/nofp\libc_nano.a(libc_a-signal.o)
 .ARM.attributes
                0x0800dea0       0x30 D:/AppData/arm-gnu-toolchain-13.3.rel1-mingw-w64-i686-arm-none-eabi/bin/../lib/gcc/arm-none-eabi/13.3.1/thumb/v8-m.base/nofp\libc_nano.a(libc_a-signalr.o)
 .ARM.attributes
                0x0800ded0       0x22 D:/AppData/arm-gnu-toolchain-13.3.rel1-mingw-w64-i686-arm-none-eabi/bin/../lib/gcc/arm-none-eabi/13.3.1/thumb/v8-m.base/nofp\libgcc.a(_thumb1_case_uqi.o)
 .ARM.attributes
                0x0800def2       0x22 D:/AppData/arm-gnu-toolchain-13.3.rel1-mingw-w64-i686-arm-none-eabi/bin/../lib/gcc/arm-none-eabi/13.3.1/thumb/v8-m.base/nofp\libgcc.a(_thumb1_case_shi.o)
 .ARM.attributes
                0x0800df14       0x22 D:/AppData/arm-gnu-toolchain-13.3.rel1-mingw-w64-i686-arm-none-eabi/bin/../lib/gcc/arm-none-eabi/13.3.1/thumb/v8-m.base/nofp\libgcc.a(_arm_cmpdf2.o)
 .ARM.attributes
                0x0800df36       0x30 D:/AppData/arm-gnu-toolchain-13.3.rel1-mingw-w64-i686-arm-none-eabi/bin/../lib/gcc/arm-none-eabi/13.3.1/thumb/v8-m.base/nofp\libgcc.a(_fixunsdfsi.o)
 .ARM.attributes
                0x0800df66       0x30 D:/AppData/arm-gnu-toolchain-13.3.rel1-mingw-w64-i686-arm-none-eabi/bin/../lib/gcc/arm-none-eabi/13.3.1/thumb/v8-m.base/nofp\libgcc.a(_fixdfdi.o)
 .ARM.attributes
                0x0800df96       0x30 D:/AppData/arm-gnu-toolchain-13.3.rel1-mingw-w64-i686-arm-none-eabi/bin/../lib/gcc/arm-none-eabi/13.3.1/thumb/v8-m.base/nofp\libgcc.a(_fixunsdfdi.o)
 .ARM.attributes
                0x0800dfc6       0x30 D:/AppData/arm-gnu-toolchain-13.3.rel1-mingw-w64-i686-arm-none-eabi/bin/../lib/gcc/arm-none-eabi/13.3.1/thumb/v8-m.base/nofp\libgcc.a(_floatdidf.o)
 .ARM.attributes
                0x0800dff6       0x30 D:/AppData/arm-gnu-toolchain-13.3.rel1-mingw-w64-i686-arm-none-eabi/bin/../lib/gcc/arm-none-eabi/13.3.1/thumb/v8-m.base/nofp\libgcc.a(divsf3.o)
 .ARM.attributes
                0x0800e026       0x30 D:/AppData/arm-gnu-toolchain-13.3.rel1-mingw-w64-i686-arm-none-eabi/bin/../lib/gcc/arm-none-eabi/13.3.1/thumb/v8-m.base/nofp\libgcc.a(mulsf3.o)
 .ARM.attributes
                0x0800e056       0x30 D:/AppData/arm-gnu-toolchain-13.3.rel1-mingw-w64-i686-arm-none-eabi/bin/../lib/gcc/arm-none-eabi/13.3.1/thumb/v8-m.base/nofp\libgcc.a(floatunsisf.o)
 .ARM.attributes
                0x0800e086       0x30 D:/AppData/arm-gnu-toolchain-13.3.rel1-mingw-w64-i686-arm-none-eabi/bin/../lib/gcc/arm-none-eabi/13.3.1/thumb/v8-m.base/nofp\libgcc.a(adddf3.o)
 .ARM.attributes
                0x0800e0b6       0x30 D:/AppData/arm-gnu-toolchain-13.3.rel1-mingw-w64-i686-arm-none-eabi/bin/../lib/gcc/arm-none-eabi/13.3.1/thumb/v8-m.base/nofp\libgcc.a(divdf3.o)
 .ARM.attributes
                0x0800e0e6       0x30 D:/AppData/arm-gnu-toolchain-13.3.rel1-mingw-w64-i686-arm-none-eabi/bin/../lib/gcc/arm-none-eabi/13.3.1/thumb/v8-m.base/nofp\libgcc.a(eqdf2.o)
 .ARM.attributes
                0x0800e116       0x30 D:/AppData/arm-gnu-toolchain-13.3.rel1-mingw-w64-i686-arm-none-eabi/bin/../lib/gcc/arm-none-eabi/13.3.1/thumb/v8-m.base/nofp\libgcc.a(gedf2.o)
 .ARM.attributes
                0x0800e146       0x30 D:/AppData/arm-gnu-toolchain-13.3.rel1-mingw-w64-i686-arm-none-eabi/bin/../lib/gcc/arm-none-eabi/13.3.1/thumb/v8-m.base/nofp\libgcc.a(ledf2.o)
 .ARM.attributes
                0x0800e176       0x30 D:/AppData/arm-gnu-toolchain-13.3.rel1-mingw-w64-i686-arm-none-eabi/bin/../lib/gcc/arm-none-eabi/13.3.1/thumb/v8-m.base/nofp\libgcc.a(muldf3.o)
 .ARM.attributes
                0x0800e1a6       0x30 D:/AppData/arm-gnu-toolchain-13.3.rel1-mingw-w64-i686-arm-none-eabi/bin/../lib/gcc/arm-none-eabi/13.3.1/thumb/v8-m.base/nofp\libgcc.a(subdf3.o)
 .ARM.attributes
                0x0800e1d6       0x30 D:/AppData/arm-gnu-toolchain-13.3.rel1-mingw-w64-i686-arm-none-eabi/bin/../lib/gcc/arm-none-eabi/13.3.1/thumb/v8-m.base/nofp\libgcc.a(unorddf2.o)
 .ARM.attributes
                0x0800e206       0x30 D:/AppData/arm-gnu-toolchain-13.3.rel1-mingw-w64-i686-arm-none-eabi/bin/../lib/gcc/arm-none-eabi/13.3.1/thumb/v8-m.base/nofp\libgcc.a(fixdfsi.o)
 .ARM.attributes
                0x0800e236       0x30 D:/AppData/arm-gnu-toolchain-13.3.rel1-mingw-w64-i686-arm-none-eabi/bin/../lib/gcc/arm-none-eabi/13.3.1/thumb/v8-m.base/nofp\libgcc.a(floatsidf.o)
 .ARM.attributes
                0x0800e266       0x30 D:/AppData/arm-gnu-toolchain-13.3.rel1-mingw-w64-i686-arm-none-eabi/bin/../lib/gcc/arm-none-eabi/13.3.1/thumb/v8-m.base/nofp\libgcc.a(floatunsidf.o)
 .ARM.attributes
                0x0800e296       0x30 D:/AppData/arm-gnu-toolchain-13.3.rel1-mingw-w64-i686-arm-none-eabi/bin/../lib/gcc/arm-none-eabi/13.3.1/thumb/v8-m.base/nofp\libgcc.a(extendsfdf2.o)
 .ARM.attributes
                0x0800e2c6       0x30 D:/AppData/arm-gnu-toolchain-13.3.rel1-mingw-w64-i686-arm-none-eabi/bin/../lib/gcc/arm-none-eabi/13.3.1/thumb/v8-m.base/nofp\libgcc.a(truncdfsf2.o)
 .ARM.attributes
                0x0800e2f6       0x22 D:/AppData/arm-gnu-toolchain-13.3.rel1-mingw-w64-i686-arm-none-eabi/bin/../lib/gcc/arm-none-eabi/13.3.1/thumb/v8-m.base/nofp\libgcc.a(_clzsi2.o)
 .ARM.attributes
                0x0800e318       0x30 D:/AppData/arm-gnu-toolchain-13.3.rel1-mingw-w64-i686-arm-none-eabi/bin/../lib/gcc/arm-none-eabi/13.3.1/thumb/v8-m.base/nofp/crtend.o
 .ARM.attributes
                0x0800e348       0x22 D:/AppData/arm-gnu-toolchain-13.3.rel1-mingw-w64-i686-arm-none-eabi/bin/../lib/gcc/arm-none-eabi/13.3.1/thumb/v8-m.base/nofp/crtn.o

.preinit_array  0x0800d090        0x0
                0x0800d090                        PROVIDE (__preinit_array_start = .)
 *(.preinit_array*)
                0x0800d090                        PROVIDE (__preinit_array_end = .)

.init_array     0x0800d090        0x4
                0x0800d090                        PROVIDE (__init_array_start = .)
 *(SORT_BY_NAME(.init_array.*))
 *(.init_array*)
 .init_array    0x0800d090        0x4 D:/AppData/arm-gnu-toolchain-13.3.rel1-mingw-w64-i686-arm-none-eabi/bin/../lib/gcc/arm-none-eabi/13.3.1/thumb/v8-m.base/nofp/crtbegin.o
                0x0800d094                        PROVIDE (__init_array_end = .)

.fini_array     0x0800d094        0x4
                [!provide]                        PROVIDE (__fini_array_start = .)
 *(.fini_array*)
 .fini_array    0x0800d094        0x4 D:/AppData/arm-gnu-toolchain-13.3.rel1-mingw-w64-i686-arm-none-eabi/bin/../lib/gcc/arm-none-eabi/13.3.1/thumb/v8-m.base/nofp/crtbegin.o
 *(SORT_BY_NAME(.fini_array.*))
                [!provide]                        PROVIDE (__fini_array_end = .)
                0x0800d098                        _sidata = LOADADDR (.data)

.data           0x20000000      0x1e0 load address 0x0800d098
                0x20000000                        . = ALIGN (0x4)
                0x20000000                        _sdata = .
 *(.data)
 *(.data*)
 .data.pwm_width.0
                0x20000000        0x4 build/main.o
 .data.arr_char
                0x20000004        0x5 build/main.o
                0x20000004                arr_char
 *fill*         0x20000009        0x3 
 .data.curbrk.0
                0x2000000c        0x4 build/syscalls.o
 .data.SystemCoreClock
                0x20000010        0x4 build/system_gd32e23x.o
                0x20000010                SystemCoreClock
 .data.first_point.2
                0x20000014        0x1 build/lcd.o
 *fill*         0x20000015        0x3 
 .data.__sglue  0x20000018        0xc D:/AppData/arm-gnu-toolchain-13.3.rel1-mingw-w64-i686-arm-none-eabi/bin/../lib/gcc/arm-none-eabi/13.3.1/thumb/v8-m.base/nofp\libc_nano.a(libc_a-findfp.o)
                0x20000018                __sglue
 .data._impure_ptr
                0x20000024        0x4 D:/AppData/arm-gnu-toolchain-13.3.rel1-mingw-w64-i686-arm-none-eabi/bin/../lib/gcc/arm-none-eabi/13.3.1/thumb/v8-m.base/nofp\libc_nano.a(libc_a-impure.o)
                0x20000024                _impure_ptr
 .data._impure_data
                0x20000028       0x4c D:/AppData/arm-gnu-toolchain-13.3.rel1-mingw-w64-i686-arm-none-eabi/bin/../lib/gcc/arm-none-eabi/13.3.1/thumb/v8-m.base/nofp\libc_nano.a(libc_a-impure.o)
                0x20000028                _impure_data
 .data.__global_locale
                0x20000074      0x16c D:/AppData/arm-gnu-toolchain-13.3.rel1-mingw-w64-i686-arm-none-eabi/bin/../lib/gcc/arm-none-eabi/13.3.1/thumb/v8-m.base/nofp\libc_nano.a(libc_a-locale.o)
                0x20000074                __global_locale
                0x200001e0                        . = ALIGN (0x4)
                0x200001e0                        _edata = .

.tm_clone_table
                0x200001e0        0x0 load address 0x0800d278
 .tm_clone_table
                0x200001e0        0x0 D:/AppData/arm-gnu-toolchain-13.3.rel1-mingw-w64-i686-arm-none-eabi/bin/../lib/gcc/arm-none-eabi/13.3.1/thumb/v8-m.base/nofp/crtbegin.o
 .tm_clone_table
                0x200001e0        0x0 D:/AppData/arm-gnu-toolchain-13.3.rel1-mingw-w64-i686-arm-none-eabi/bin/../lib/gcc/arm-none-eabi/13.3.1/thumb/v8-m.base/nofp/crtend.o

.igot.plt       0x200001e0        0x0 load address 0x0800d278
 .igot.plt      0x200001e0        0x0 D:/AppData/arm-gnu-toolchain-13.3.rel1-mingw-w64-i686-arm-none-eabi/bin/../lib/gcc/arm-none-eabi/13.3.1/thumb/v8-m.base/nofp/crtbegin.o
                0x200001e0                        . = ALIGN (0x4)

.bss            0x200001e0      0x2c0 load address 0x0800d278
                0x200001e0                        _sbss = .
                0x200001e0                        __bss_start__ = _sbss
 *(.bss)
 *(.bss*)
 .bss.completed.1
                0x200001e0        0x1 D:/AppData/arm-gnu-toolchain-13.3.rel1-mingw-w64-i686-arm-none-eabi/bin/../lib/gcc/arm-none-eabi/13.3.1/thumb/v8-m.base/nofp/crtbegin.o
 *fill*         0x200001e1        0x3 
 .bss.object.0  0x200001e4       0x18 D:/AppData/arm-gnu-toolchain-13.3.rel1-mingw-w64-i686-arm-none-eabi/bin/../lib/gcc/arm-none-eabi/13.3.1/thumb/v8-m.base/nofp/crtbegin.o
 .bss.wave_arr  0x200001fc      0x140 build/main.o
                0x200001fc                wave_arr
 .bss.adc_value
                0x2000033c        0x4 build/main.o
 .bss.delay     0x20000340        0x4 build/systick.o
 .bss.value     0x20000344        0x4 build/gd32e23x_it.o
 .bss.time_value
                0x20000348        0x4 build/gd32e23x_it.o
                0x20000348                time_value
 .bss.timer_flag
                0x2000034c        0x1 build/gd32e23x_it.o
                0x2000034c                timer_flag
 .bss.rotate_flag
                0x2000034d        0x1 build/gd32e23x_it.o
                0x2000034d                rotate_flag
 .bss.lastY.0   0x2000034e        0x2 build/lcd.o
 .bss.lastX.1   0x20000350        0x2 build/lcd.o
 *fill*         0x20000352        0x2 
 .bss.__sf      0x20000354      0x138 D:/AppData/arm-gnu-toolchain-13.3.rel1-mingw-w64-i686-arm-none-eabi/bin/../lib/gcc/arm-none-eabi/13.3.1/thumb/v8-m.base/nofp\libc_nano.a(libc_a-findfp.o)
                0x20000354                __sf
 .bss.__stdio_exit_handler
                0x2000048c        0x4 D:/AppData/arm-gnu-toolchain-13.3.rel1-mingw-w64-i686-arm-none-eabi/bin/../lib/gcc/arm-none-eabi/13.3.1/thumb/v8-m.base/nofp\libc_nano.a(libc_a-findfp.o)
                0x2000048c                __stdio_exit_handler
 .bss.errno     0x20000490        0x4 D:/AppData/arm-gnu-toolchain-13.3.rel1-mingw-w64-i686-arm-none-eabi/bin/../lib/gcc/arm-none-eabi/13.3.1/thumb/v8-m.base/nofp\libc_nano.a(libc_a-reent.o)
                0x20000490                errno
 .bss.__lock___malloc_recursive_mutex
                0x20000494        0x1 D:/AppData/arm-gnu-toolchain-13.3.rel1-mingw-w64-i686-arm-none-eabi/bin/../lib/gcc/arm-none-eabi/13.3.1/thumb/v8-m.base/nofp\libc_nano.a(libc_a-lock.o)
                0x20000494                __lock___malloc_recursive_mutex
 .bss.__lock___sfp_recursive_mutex
                0x20000495        0x1 D:/AppData/arm-gnu-toolchain-13.3.rel1-mingw-w64-i686-arm-none-eabi/bin/../lib/gcc/arm-none-eabi/13.3.1/thumb/v8-m.base/nofp\libc_nano.a(libc_a-lock.o)
                0x20000495                __lock___sfp_recursive_mutex
 *fill*         0x20000496        0x2 
 .bss.__malloc_sbrk_start
                0x20000498        0x4 D:/AppData/arm-gnu-toolchain-13.3.rel1-mingw-w64-i686-arm-none-eabi/bin/../lib/gcc/arm-none-eabi/13.3.1/thumb/v8-m.base/nofp\libc_nano.a(libc_a-mallocr.o)
                0x20000498                __malloc_sbrk_start
 .bss.__malloc_free_list
                0x2000049c        0x4 D:/AppData/arm-gnu-toolchain-13.3.rel1-mingw-w64-i686-arm-none-eabi/bin/../lib/gcc/arm-none-eabi/13.3.1/thumb/v8-m.base/nofp\libc_nano.a(libc_a-mallocr.o)
                0x2000049c                __malloc_free_list
 *(COMMON)
                0x200004a0                        . = ALIGN (0x4)
                0x200004a0                        _ebss = .
                0x200004a0                        __bss_end__ = _ebss
                0x200004a0                        . = ALIGN (0x8)
                [!provide]                        PROVIDE (end = _ebss)
                0x200004a0                        PROVIDE (_end = _ebss)

.stack          0x20001800      0x800 load address 0x200004a0
                0x20001800                        PROVIDE (_heap_end = .)
                0x00000800                        . = __stack_size
 *fill*         0x20001800      0x800 
                0x20002000                        PROVIDE (_sp = .)
START GROUP
LOAD D:/AppData/arm-gnu-toolchain-13.3.rel1-mingw-w64-i686-arm-none-eabi/bin/../lib/gcc/arm-none-eabi/13.3.1/thumb/v8-m.base/nofp\libgcc.a
LOAD D:/AppData/arm-gnu-toolchain-13.3.rel1-mingw-w64-i686-arm-none-eabi/bin/../lib/gcc/arm-none-eabi/13.3.1/thumb/v8-m.base/nofp\libc.a
LOAD D:/AppData/arm-gnu-toolchain-13.3.rel1-mingw-w64-i686-arm-none-eabi/bin/../lib/gcc/arm-none-eabi/13.3.1/thumb/v8-m.base/nofp\libm.a
LOAD D:/AppData/arm-gnu-toolchain-13.3.rel1-mingw-w64-i686-arm-none-eabi/bin/../lib/gcc/arm-none-eabi/13.3.1/thumb/v8-m.base/nofp\libnosys.a
END GROUP
OUTPUT(build/demo_gd32.elf elf32-littlearm)
LOAD linker stubs

.debug_info     0x00000000     0xb255
 .debug_info    0x00000000      0x7c1 build/main.o
 .debug_info    0x000007c1      0x591 build/systick.o
 .debug_info    0x00000d52      0x4fc build/gd32e23x_it.o
 .debug_info    0x0000124e     0x13b9 build/gd32e230c_eval.o
 .debug_info    0x00002607      0x90b build/gd32e23x_adc.o
 .debug_info    0x00002f12      0x40e build/gd32e23x_exti.o
 .debug_info    0x00003320      0x6cc build/gd32e23x_gpio.o
 .debug_info    0x000039ec      0x6c7 build/gd32e23x_misc.o
 .debug_info    0x000040b3      0xf17 build/gd32e23x_rcu.o
 .debug_info    0x00004fca      0xdd0 build/gd32e23x_spi.o
 .debug_info    0x00005d9a      0x392 build/gd32e23x_syscfg.o
 .debug_info    0x0000612c     0x188e build/gd32e23x_timer.o
 .debug_info    0x000079ba     0x141e build/gd32e23x_usart.o
 .debug_info    0x00008dd8      0x8e7 build/syscalls.o
 .debug_info    0x000096bf      0x2fc build/system_gd32e23x.o
 .debug_info    0x000099bb     0x186a build/lcd.o
 .debug_info    0x0000b225       0x30 build/startup_gd32e23x.o

.debug_abbrev   0x00000000     0x20a1
 .debug_abbrev  0x00000000      0x1d1 build/main.o
 .debug_abbrev  0x000001d1      0x200 build/systick.o
 .debug_abbrev  0x000003d1      0x199 build/gd32e23x_it.o
 .debug_abbrev  0x0000056a      0x23b build/gd32e230c_eval.o
 .debug_abbrev  0x000007a5      0x235 build/gd32e23x_adc.o
 .debug_abbrev  0x000009da      0x107 build/gd32e23x_exti.o
 .debug_abbrev  0x00000ae1      0x261 build/gd32e23x_gpio.o
 .debug_abbrev  0x00000d42      0x21b build/gd32e23x_misc.o
 .debug_abbrev  0x00000f5d      0x23f build/gd32e23x_rcu.o
 .debug_abbrev  0x0000119c      0x28d build/gd32e23x_spi.o
 .debug_abbrev  0x00001429      0x186 build/gd32e23x_syscfg.o
 .debug_abbrev  0x000015af      0x22e build/gd32e23x_timer.o
 .debug_abbrev  0x000017dd      0x248 build/gd32e23x_usart.o
 .debug_abbrev  0x00001a25      0x200 build/syscalls.o
 .debug_abbrev  0x00001c25      0x1bf build/system_gd32e23x.o
 .debug_abbrev  0x00001de4      0x2a0 build/lcd.o
 .debug_abbrev  0x00002084       0x1d build/startup_gd32e23x.o

.debug_loc      0x00000000     0x69af
 .debug_loc     0x00000000       0xa3 build/main.o
 .debug_loc     0x000000a3       0xc6 build/systick.o
 .debug_loc     0x00000169       0x95 build/gd32e23x_it.o
 .debug_loc     0x000001fe      0x163 build/gd32e230c_eval.o
 .debug_loc     0x00000361      0xb11 build/gd32e23x_adc.o
 .debug_loc     0x00000e72      0x17b build/gd32e23x_exti.o
 .debug_loc     0x00000fed      0x487 build/gd32e23x_gpio.o
 .debug_loc     0x00001474      0x22f build/gd32e23x_misc.o
 .debug_loc     0x000016a3      0xed0 build/gd32e23x_rcu.o
 .debug_loc     0x00002573      0x9dd build/gd32e23x_spi.o
 .debug_loc     0x00002f50      0x1d6 build/gd32e23x_syscfg.o
 .debug_loc     0x00003126     0x1769 build/gd32e23x_timer.o
 .debug_loc     0x0000488f      0x8ee build/gd32e23x_usart.o
 .debug_loc     0x0000517d      0x4a4 build/syscalls.o
 .debug_loc     0x00005621      0x2e4 build/system_gd32e23x.o
 .debug_loc     0x00005905     0x10aa build/lcd.o

.debug_aranges  0x00000000      0xd10
 .debug_aranges
                0x00000000       0x20 build/main.o
 .debug_aranges
                0x00000020       0x38 build/systick.o
 .debug_aranges
                0x00000058       0x58 build/gd32e23x_it.o
 .debug_aranges
                0x000000b0       0x48 build/gd32e230c_eval.o
 .debug_aranges
                0x000000f8      0x128 build/gd32e23x_adc.o
 .debug_aranges
                0x00000220       0x78 build/gd32e23x_exti.o
 .debug_aranges
                0x00000298       0x90 build/gd32e23x_gpio.o
 .debug_aranges
                0x00000328       0x68 build/gd32e23x_misc.o
 .debug_aranges
                0x00000390      0x150 build/gd32e23x_rcu.o
 .debug_aranges
                0x000004e0      0x180 build/gd32e23x_spi.o
 .debug_aranges
                0x00000660       0x68 build/gd32e23x_syscfg.o
 .debug_aranges
                0x000006c8      0x260 build/gd32e23x_timer.o
 .debug_aranges
                0x00000928      0x250 build/gd32e23x_usart.o
 .debug_aranges
                0x00000b78       0xb8 build/syscalls.o
 .debug_aranges
                0x00000c30       0x38 build/system_gd32e23x.o
 .debug_aranges
                0x00000c68       0x80 build/lcd.o
 .debug_aranges
                0x00000ce8       0x28 build/startup_gd32e23x.o

.debug_ranges   0x00000000      0xc08
 .debug_ranges  0x00000000       0x10 build/main.o